Microchip MPLAB XC8 Compiler V1.37 ()

Linker command line:

-W-3 --edf=C:\Program Files (x86)\Microchip\xc8\v1.37\dat\en_msgs.txt -cs \
  -h+dist/default/production\PIC12F184016ChannelPWM.X.production.sym \
  --cmf=dist/default/production\PIC12F184016ChannelPWM.X.production.cmf -z \
  -Q12F1840 -oC:\Users\Saim\AppData\Local\Temp\s6uc.2 \
  -Mdist/default/production/PIC12F184016ChannelPWM.X.production.map -E1 \
  -ver=XC8 -ASTACK=02006h-020efh -pstack=STACK -ACODE=00h-07FFhx2 \
  -ASTRCODE=00h-0FFFh -ASTRING=00h-0FFhx16 -ACONST=00h-0FFhx16 \
  -AENTRY=00h-0FFhx16 -ACOMMON=070h-07Fh -ABANK0=020h-06Fh \
  -ABANK1=0A0h-0EFh -ABANK2=0120h-016Fh -ABIGRAM=02000h-020EFh \
  -ARAM=020h-06Fh,0A0h-0EFh,0120h-016Fh \
  -AABS1=020h-07Fh,0A0h-0EFh,0120h-016Fh -ASFR0=00h-01Fh -ASFR1=080h-09Fh \
  -ASFR2=0100h-011Fh -ASFR3=0180h-01EFh -ASFR4=0200h-026Fh \
  -ASFR5=0280h-02EFh -ASFR6=0300h-036Fh -ASFR7=0380h-03EFh \
  -ASFR8=0400h-046Fh -ASFR9=0480h-04EFh -ASFR10=0500h-056Fh \
  -ASFR11=0580h-05EFh -ASFR12=0600h-066Fh -ASFR13=0680h-06EFh \
  -ASFR14=0700h-076Fh -ASFR15=0780h-07EFh -ASFR16=0800h-086Fh \
  -ASFR17=0880h-08EFh -ASFR18=0900h-096Fh -ASFR19=0980h-09EFh \
  -ASFR20=0A00h-0A6Fh -ASFR21=0A80h-0AEFh -ASFR22=0B00h-0B6Fh \
  -ASFR23=0B80h-0BEFh -ASFR24=0C00h-0C6Fh -ASFR25=0C80h-0CEFh \
  -ASFR26=0D00h-0D6Fh -ASFR27=0D80h-0DEFh -ASFR28=0E00h-0E6Fh \
  -ASFR29=0E80h-0EEFh -ASFR30=0F00h-0F6Fh -ASFR31=0F80h-0FEFh \
  -preset_vec=00h,intentry,init,end_init -ppowerup=CODE -pcinit=CODE \
  -pfunctab=CODE -ACONFIG=08007h-08008h -pconfig=CONFIG -DCONFIG=2 \
  -AIDLOC=08000h-08003h -pidloc=IDLOC -DIDLOC=2 -AEEDATA=00h-0FFh/0F000h \
  -peeprom_data=EEDATA -DEEDATA=2 -DCODE=2 -DSTRCODE=2 -DSTRING=2 -DCONST=2 \
  -DENTRY=2 -k C:\Users\Saim\AppData\Local\Temp\s6uc.obj \
  dist/default/production\PIC12F184016ChannelPWM.X.production.obj 

Object code version is 3.11

Machine type is 12F1840



                Name                               Link     Load   Length Selector   Space Scale
C:\Users\Saim\AppData\Local\Temp\s6uc.obj
                end_init                              2        2        2        0       0
                reset_vec                             0        0        2        0       0
dist/default/production\PIC12F184016ChannelPWM.X.production.obj
                cinit                               7FC      7FC        4      FF8       0
                text13                              619      619       14      C32       0
                text12                              5F4      5F4       12      BE8       0
                text11                              62D      62D       14      C5A       0
                text10                              5D3      5D3        7      BA6       0
                text9                               5DA      5DA        7      BB4       0
                text8                               641      641       18      C82       0
                text7                               659      659       2B      CB2       0
                text6                               5E1      5E1        8      BC2       0
                text5                               5E9      5E9        B      BD2       0
                text4                               684      684       2C      D08       0
                text3                               606      606       13      C0C       0
                text2                               6EA      6EA       3F      DD4       0
                text1                               6B0      6B0       3A      D60       0
                maintext                            729      729       D3      E52       0
                cstackBANK0                          20       20        6       20       1
                cstackCOMMON                         70       70        D       70       1
                bssCOMMON                            7D       7D        1       70       1

TOTAL           Name                               Link     Load   Length     Space
        CLASS   STACK          

        CLASS   CODE           
                end_init                              2        2        2         0
                cinit                               7FC      7FC        4         0
                reset_vec                             0        0        2         0
                text13                              619      619       14         0
                text12                              5F4      5F4       12         0
                text11                              62D      62D       14         0
                text10                              5D3      5D3        7         0
                text9                               5DA      5DA        7         0
                text8                               641      641       18         0
                text7                               659      659       2B         0
                text6                               5E1      5E1        8         0
                text5                               5E9      5E9        B         0
                text4                               684      684       2C         0
                text3                               606      606       13         0
                text2                               6EA      6EA       3F         0
                text1                               6B0      6B0       3A         0
                maintext                            729      729       D3         0

        CLASS   STRCODE        

        CLASS   STRING         

        CLASS   CONST          

        CLASS   ENTRY          

        CLASS   COMMON         
                cstackCOMMON                         70       70        D         1
                bssCOMMON                            7D       7D        1         1

        CLASS   BANK0          
                cstackBANK0                          20       20        6         1

        CLASS   BANK1          

        CLASS   BANK2          

        CLASS   BIGRAM         

        CLASS   RAM            

        CLASS   ABS1           
                abs_s1                               7E       7E        2         1

        CLASS   SFR0           

        CLASS   SFR1           

        CLASS   SFR2           

        CLASS   SFR3           

        CLASS   SFR4           

        CLASS   SFR5           

        CLASS   SFR6           

        CLASS   SFR7           

        CLASS   SFR8           

        CLASS   SFR9           

        CLASS   SFR10          

        CLASS   SFR11          

        CLASS   SFR12          

        CLASS   SFR13          

        CLASS   SFR14          

        CLASS   SFR15          

        CLASS   SFR16          

        CLASS   SFR17          

        CLASS   SFR18          

        CLASS   SFR19          

        CLASS   SFR20          

        CLASS   SFR21          

        CLASS   SFR22          

        CLASS   SFR23          

        CLASS   SFR24          

        CLASS   SFR25          

        CLASS   SFR26          

        CLASS   SFR27          

        CLASS   SFR28          

        CLASS   SFR29          

        CLASS   SFR30          

        CLASS   SFR31          

        CLASS   CONFIG         

        CLASS   IDLOC          

        CLASS   EEDATA         

        CLASS   BANK31         

        CLASS   BANK30         

        CLASS   BANK29         

        CLASS   BANK28         

        CLASS   BANK27         

        CLASS   BANK26         

        CLASS   BANK25         

        CLASS   BANK24         

        CLASS   BANK23         

        CLASS   BANK22         

        CLASS   BANK21         

        CLASS   BANK20         

        CLASS   BANK19         

        CLASS   BANK18         

        CLASS   BANK17         

        CLASS   BANK16         

        CLASS   BANK15         

        CLASS   BANK14         

        CLASS   BANK13         

        CLASS   BANK12         

        CLASS   BANK11         

        CLASS   BANK10         

        CLASS   BANK9          

        CLASS   BANK8          

        CLASS   BANK7          

        CLASS   BANK6          

        CLASS   BANK5          

        CLASS   BANK4          

        CLASS   BANK3          



SEGMENTS        Name                           Load    Length   Top    Selector   Space  Class     Delta

                reset_vec                      000000  000004  000004         0       0  CODE        2
                cstackBANK0                    000020  000006  000026        20       1  BANK0       1
                cstackCOMMON                   000070  00000E  00007E        70       1  COMMON      1
                text10                         0005D3  000007  0005DA       BA6       0  CODE        2
                text9                          0005DA  000007  0005E1       BB4       0  CODE        2
                text6                          0005E1  000008  0005E9       BC2       0  CODE        2
                text5                          0005E9  00000B  0005F4       BD2       0  CODE        2
                text12                         0005F4  000012  000606       BE8       0  CODE        2
                text3                          000606  000013  000619       C0C       0  CODE        2
                text13                         000619  000014  00062D       C32       0  CODE        2
                text11                         00062D  000014  000641       C5A       0  CODE        2
                text8                          000641  000018  000659       C82       0  CODE        2
                text7                          000659  00002B  000684       CB2       0  CODE        2
                text4                          000684  00002C  0006B0       D08       0  CODE        2
                text1                          0006B0  00003A  0006EA       D60       0  CODE        2
                text2                          0006EA  00003F  000729       DD4       0  CODE        2
                maintext                       000729  0000D3  0007FC       E52       0  CODE        2
                cinit                          0007FC  000004  000800       FF8       0  CODE        2


UNUSED ADDRESS RANGES

        Name                Unused          Largest block    Delta
        BANK0            0026-006F             4A           1
        BANK1            00A0-00EF             50           1
        BANK2            0120-016F             50           1
        BIGRAM           2000-20EF             F0           1
        CODE             0004-05D2            5CF           2
                         0800-0FFF            800
        CONFIG           8007-8008              2           2
        CONST            0004-05D2            100           2
                         0800-0FFF            100
        EEDATA           F000-F0FF            100           2
        ENTRY            0004-05D2            100           2
                         0800-0FFF            100
        IDLOC            8000-8003              4           2
        RAM              0026-006F             4A           1
                         00A0-00EF             50
                         0120-016F             50
        SFR0             0000-001F             20           1
        SFR1             0080-009F             20           1
        SFR10            0500-056F             70           1
        SFR11            0580-05EF             70           1
        SFR12            0600-066F             70           1
        SFR13            0680-06EF             70           1
        SFR14            0700-076F             70           1
        SFR15            0780-07EF             70           1
        SFR16            0800-086F             70           1
        SFR17            0880-08EF             70           1
        SFR18            0900-096F             70           1
        SFR19            0980-09EF             70           1
        SFR2             0100-011F             20           1
        SFR20            0A00-0A6F             70           1
        SFR21            0A80-0AEF             70           1
        SFR22            0B00-0B6F             70           1
        SFR23            0B80-0BEF             70           1
        SFR24            0C00-0C6F             70           1
        SFR25            0C80-0CEF             70           1
        SFR26            0D00-0D6F             70           1
        SFR27            0D80-0DEF             70           1
        SFR28            0E00-0E6F             70           1
        SFR29            0E80-0EEF             70           1
        SFR3             0180-01EF             70           1
        SFR30            0F00-0F6F             70           1
        SFR31            0F80-0FEF             70           1
        SFR4             0200-026F             70           1
        SFR5             0280-02EF             70           1
        SFR6             0300-036F             70           1
        SFR7             0380-03EF             70           1
        SFR8             0400-046F             70           1
        SFR9             0480-04EF             70           1
        STACK            2006-20EF             EA           1
        STRCODE          0004-05D2            5CF           2
                         0800-0FFF            800
        STRING           0004-05D2            100           2
                         0800-0FFF            100

                                  Symbol Table

DELAY100@k                          cstackCOMMON 0073
DELAY100@number                     cstackCOMMON 0072
DELAY@k                             cstackCOMMON 0072
DELAY@number                        cstackCOMMON 0071
I2C_data_send@data                  cstackCOMMON 0071
PCA9684_read_byte@address           cstackCOMMON 0074
PCA9684_read_byte@data              cstackCOMMON 0075
PCA9684_set_prescaler@dat           cstackCOMMON 0079
PCA9684_set_prescaler@value         cstackCOMMON 0078
PCA9684_set_pwm@address             cstackCOMMON 0077
PCA9684_set_pwm@led_number          cstackCOMMON 0076
PCA9684_set_pwm@pwm_value           cstackCOMMON 0072
PCA9685_init@command                cstackCOMMON 007C
PCA9685_write1Byte_memory@address   cstackCOMMON 0073
PCA9685_write1Byte_memory@data      cstackCOMMON 0072
_ACKDT                              (abs)        10B5
_ACKEN                              (abs)        10B4
_ANSA1                              (abs)        0C61
_ANSA2                              (abs)        0C62
_ANSELA                             (abs)        018C
_BF                                 (abs)        10A0
_DELAY                              text12       05F4
_DELAY100                           text13       0619
_I2C_SendNACK                       text6        05E1
_I2C_Start                          text10       05D3
_I2C_Stop                           text9        05DA
_I2C_data_receive                   text5        05E9
_I2C_data_send                      text8        0641
_I2C_initialize                     text11       062D
_IRCF0                              (abs)        04CB
_IRCF1                              (abs)        04CC
_IRCF2                              (abs)        04CD
_IRCF3                              (abs)        04CE
_PCA9684_read_byte                  text4        0684
_PCA9684_set_prescaler              text2        06EA
_PCA9684_set_pwm                    text7        0659
_PCA9685_init                       text1        06B0
_PCA9685_write1Byte_memory          text3        0606
_PEN                                (abs)        10B2
_RCEN                               (abs)        10B3
_SCS0                               (abs)        04C8
_SCS1                               (abs)        04C9
_SEN                                (abs)        10B0
_SPLLEN                             (abs)        04CF
_SSP1IF                             (abs)        008B
_SSPADD                             (abs)        0212
_SSPBUF                             (abs)        0211
_SSPEN                              (abs)        10AD
_SSPM0                              (abs)        10A8
_SSPM1                              (abs)        10A9
_SSPM2                              (abs)        10AA
_SSPM3                              (abs)        10AB
_TRISA                              (abs)        008C
_TRISA1                             (abs)        0461
_TRISA2                             (abs)        0462
__Habs1                             abs1         0000
__Hbank0                            bank0        0000
__Hbank1                            bank1        0000
__Hbank10                           bank10       0000
__Hbank11                           bank11       0000
__Hbank12                           bank12       0000
__Hbank13                           bank13       0000
__Hbank14                           bank14       0000
__Hbank15                           bank15       0000
__Hbank16                           bank16       0000
__Hbank17                           bank17       0000
__Hbank18                           bank18       0000
__Hbank19                           bank19       0000
__Hbank2                            bank2        0000
__Hbank20                           bank20       0000
__Hbank21                           bank21       0000
__Hbank22                           bank22       0000
__Hbank23                           bank23       0000
__Hbank24                           bank24       0000
__Hbank25                           bank25       0000
__Hbank26                           bank26       0000
__Hbank27                           bank27       0000
__Hbank28                           bank28       0000
__Hbank29                           bank29       0000
__Hbank3                            bank3        0000
__Hbank30                           bank30       0000
__Hbank31                           bank31       0000
__Hbank4                            bank4        0000
__Hbank5                            bank5        0000
__Hbank6                            bank6        0000
__Hbank7                            bank7        0000
__Hbank8                            bank8        0000
__Hbank9                            bank9        0000
__Hbigram                           bigram       0000
__HbssCOMMON                        bssCOMMON    0000
__Hcinit                            cinit        0800
__Hclrtext                          clrtext      0000
__Hcode                             code         0000
__Hcommon                           common       0000
__Hconfig                           config       0000
__HcstackBANK0                      cstackBANK0  0000
__HcstackCOMMON                     cstackCOMMON 0000
__Heeprom_data                      eeprom_data  0000
__Hend_init                         end_init     0004
__Hfunctab                          functab      0000
__Hidloc                            idloc        0000
__Hinit                             init         0002
__Hintentry                         intentry     0002
__Hmaintext                         maintext     0000
__Hpowerup                          powerup      0000
__Hram                              ram          0000
__Hreset_vec                        reset_vec    0002
__Hsfr0                             sfr0         0000
__Hsfr1                             sfr1         0000
__Hsfr10                            sfr10        0000
__Hsfr11                            sfr11        0000
__Hsfr12                            sfr12        0000
__Hsfr13                            sfr13        0000
__Hsfr14                            sfr14        0000
__Hsfr15                            sfr15        0000
__Hsfr16                            sfr16        0000
__Hsfr17                            sfr17        0000
__Hsfr18                            sfr18        0000
__Hsfr19                            sfr19        0000
__Hsfr2                             sfr2         0000
__Hsfr20                            sfr20        0000
__Hsfr21                            sfr21        0000
__Hsfr22                            sfr22        0000
__Hsfr23                            sfr23        0000
__Hsfr24                            sfr24        0000
__Hsfr25                            sfr25        0000
__Hsfr26                            sfr26        0000
__Hsfr27                            sfr27        0000
__Hsfr28                            sfr28        0000
__Hsfr29                            sfr29        0000
__Hsfr3                             sfr3         0000
__Hsfr30                            sfr30        0000
__Hsfr31                            sfr31        0000
__Hsfr4                             sfr4         0000
__Hsfr5                             sfr5         0000
__Hsfr6                             sfr6         0000
__Hsfr7                             sfr7         0000
__Hsfr8                             sfr8         0000
__Hsfr9                             sfr9         0000
__Hspace_0                          (abs)        0800
__Hspace_1                          (abs)        007E
__Hspace_2                          (abs)        0000
__Hspace_3                          (abs)        0000
__Hstack                            stack        0000
__Hstrings                          strings      0000
__Htext                             text         0000
__Labs1                             abs1         0000
__Lbank0                            bank0        0000
__Lbank1                            bank1        0000
__Lbank10                           bank10       0000
__Lbank11                           bank11       0000
__Lbank12                           bank12       0000
__Lbank13                           bank13       0000
__Lbank14                           bank14       0000
__Lbank15                           bank15       0000
__Lbank16                           bank16       0000
__Lbank17                           bank17       0000
__Lbank18                           bank18       0000
__Lbank19                           bank19       0000
__Lbank2                            bank2        0000
__Lbank20                           bank20       0000
__Lbank21                           bank21       0000
__Lbank22                           bank22       0000
__Lbank23                           bank23       0000
__Lbank24                           bank24       0000
__Lbank25                           bank25       0000
__Lbank26                           bank26       0000
__Lbank27                           bank27       0000
__Lbank28                           bank28       0000
__Lbank29                           bank29       0000
__Lbank3                            bank3        0000
__Lbank30                           bank30       0000
__Lbank31                           bank31       0000
__Lbank4                            bank4        0000
__Lbank5                            bank5        0000
__Lbank6                            bank6        0000
__Lbank7                            bank7        0000
__Lbank8                            bank8        0000
__Lbank9                            bank9        0000
__Lbigram                           bigram       0000
__LbssCOMMON                        bssCOMMON    0000
__Lcinit                            cinit        07FC
__Lclrtext                          clrtext      0000
__Lcode                             code         0000
__Lcommon                           common       0000
__Lconfig                           config       0000
__LcstackBANK0                      cstackBANK0  0000
__LcstackCOMMON                     cstackCOMMON 0000
__Leeprom_data                      eeprom_data  0000
__Lend_init                         end_init     0002
__Lfunctab                          functab      0000
__Lidloc                            idloc        0000
__Linit                             init         0002
__Lintentry                         intentry     0002
__Lmaintext                         maintext     0000
__Lpowerup                          powerup      0000
__Lram                              ram          0000
__Lreset_vec                        reset_vec    0000
__Lsfr0                             sfr0         0000
__Lsfr1                             sfr1         0000
__Lsfr10                            sfr10        0000
__Lsfr11                            sfr11        0000
__Lsfr12                            sfr12        0000
__Lsfr13                            sfr13        0000
__Lsfr14                            sfr14        0000
__Lsfr15                            sfr15        0000
__Lsfr16                            sfr16        0000
__Lsfr17                            sfr17        0000
__Lsfr18                            sfr18        0000
__Lsfr19                            sfr19        0000
__Lsfr2                             sfr2         0000
__Lsfr20                            sfr20        0000
__Lsfr21                            sfr21        0000
__Lsfr22                            sfr22        0000
__Lsfr23                            sfr23        0000
__Lsfr24                            sfr24        0000
__Lsfr25                            sfr25        0000
__Lsfr26                            sfr26        0000
__Lsfr27                            sfr27        0000
__Lsfr28                            sfr28        0000
__Lsfr29                            sfr29        0000
__Lsfr3                             sfr3         0000
__Lsfr30                            sfr30        0000
__Lsfr31                            sfr31        0000
__Lsfr4                             sfr4         0000
__Lsfr5                             sfr5         0000
__Lsfr6                             sfr6         0000
__Lsfr7                             sfr7         0000
__Lsfr8                             sfr8         0000
__Lsfr9                             sfr9         0000
__Lspace_0                          (abs)        0000
__Lspace_1                          (abs)        0000
__Lspace_2                          (abs)        0000
__Lspace_3                          (abs)        0000
__Lstack                            stack        0000
__Lstrings                          strings      0000
__Ltext                             text         0000
__S0                                (abs)        0800
__S1                                (abs)        007E
__S2                                (abs)        0000
__S3                                (abs)        0000
___int_sp                           stack        0000
___latbits                          (abs)        0001
___sp                               stack        0000
__end_of_DELAY                      text12       0606
__end_of_DELAY100                   text13       062D
__end_of_I2C_SendNACK               text6        05E9
__end_of_I2C_Start                  text10       05DA
__end_of_I2C_Stop                   text9        05E1
__end_of_I2C_data_receive           text5        05F4
__end_of_I2C_data_send              text8        0659
__end_of_I2C_initialize             text11       0641
__end_of_PCA9684_read_byte          text4        06B0
__end_of_PCA9684_set_prescaler      text2        0729
__end_of_PCA9684_set_pwm            text7        0684
__end_of_PCA9685_init               text1        06EA
__end_of_PCA9685_write1Byte_memory  text3        0619
__end_of__initialization            cinit        07FD
__end_of_main                       maintext     07FC
__initialization                    cinit        07FC
__pbssCOMMON                        bssCOMMON    007D
__pcstackBANK0                      cstackBANK0  0020
__pcstackCOMMON                     cstackCOMMON 0070
__pmaintext                         maintext     0729
__ptext1                            text1        06B0
__ptext10                           text10       05D3
__ptext11                           text11       062D
__ptext12                           text12       05F4
__ptext13                           text13       0619
__ptext2                            text2        06EA
__ptext3                            text3        0606
__ptext4                            text4        0684
__ptext5                            text5        05E9
__ptext6                            text6        05E1
__ptext7                            text7        0659
__ptext8                            text8        0641
__ptext9                            text9        05DA
__size_of_DELAY                     (abs)        0000
__size_of_DELAY100                  (abs)        0000
__size_of_I2C_SendNACK              (abs)        0000
__size_of_I2C_Start                 (abs)        0000
__size_of_I2C_Stop                  (abs)        0000
__size_of_I2C_data_receive          (abs)        0000
__size_of_I2C_data_send             (abs)        0000
__size_of_I2C_initialize            (abs)        0000
__size_of_PCA9684_read_byte         (abs)        0000
__size_of_PCA9684_set_prescaler     (abs)        0000
__size_of_PCA9684_set_pwm           (abs)        0000
__size_of_PCA9685_init              (abs)        0000
__size_of_PCA9685_write1Byte_memory (abs)        0000
__size_of_main                      (abs)        0000
_main                               maintext     0729
_unnecessary                        bssCOMMON    007D
btemp                               (abs)        007E
end_of_initialization               cinit        07FD
intlevel0                           functab      0000
intlevel1                           functab      0000
intlevel2                           functab      0000
intlevel3                           functab      0000
intlevel4                           functab      0000
intlevel5                           functab      0000
ltemp                               (abs)        007E
ltemp0                              (abs)        007E
ltemp1                              (abs)        0082
ltemp2                              (abs)        0086
ltemp3                              (abs)        0080
main@a                              cstackBANK0  0022
main@a_99                           cstackBANK0  0024
reset_vec                           reset_vec    0000
stackhi                             (abs)        20EF
stacklo                             (abs)        2006
start                               init         0002
start_initialization                cinit        07FC
ttemp                               (abs)        007E
ttemp0                              (abs)        007E
ttemp1                              (abs)        0081
ttemp2                              (abs)        0084
ttemp3                              (abs)        0087
ttemp4                              (abs)        007F
wtemp                               (abs)        007E
wtemp0                              (abs)        007E
wtemp1                              (abs)        0080
wtemp2                              (abs)        0082
wtemp3                              (abs)        0084
wtemp4                              (abs)        0086
wtemp5                              (abs)        0088
wtemp6                              (abs)        007F


FUNCTION INFORMATION:

 *************** function _main *****************
 Defined at:
		line 28 in file "PIC12F184016ChannelPWM.c"
 Parameters:    Size  Location     Type
		None
 Auto vars:     Size  Location     Type
  a               2    4[BANK0 ] int 
  a               2    2[BANK0 ] int 
 Return value:  Size  Location     Type
                  1    wreg      void 
 Registers used:
		wreg, status,2, status,0, pclath, cstack
 Tracked objects:
		On entry : 
		On exit  : 
		Unchanged: 
 Data sizes:     COMMON   BANK0   BANK1   BANK2
      Params:         0       0       0       0
      Locals:         0       4       0       0
      Temps:          0       2       0       0
      Totals:         0       6       0       0
Total ram usage:        6 bytes
 Hardware stack levels required when called:    4
 This function calls:
		_DELAY
		_DELAY100
		_I2C_initialize
		_PCA9684_set_pwm
		_PCA9685_init
 This function is called by:
		Startup code after reset
 This function uses a non-reentrant model


 *************** function _PCA9685_init *****************
 Defined at:
		line 90 in file "PCA9685.h"
 Parameters:    Size  Location     Type
		None
 Auto vars:     Size  Location     Type
  command         1   12[COMMON] unsigned char 
 Return value:  Size  Location     Type
                  1    wreg      void 
 Registers used:
		wreg, status,2, status,0, pclath, cstack
 Tracked objects:
		On entry : 
		On exit  : 
		Unchanged: 
 Data sizes:     COMMON   BANK0   BANK1   BANK2
      Params:         0       0       0       0
      Locals:         1       0       0       0
      Temps:          2       0       0       0
      Totals:         3       0       0       0
Total ram usage:        3 bytes
 Hardware stack levels used:    1
 Hardware stack levels required when called:    3
 This function calls:
		_PCA9684_set_prescaler
		_PCA9685_write1Byte_memory
 This function is called by:
		_main
 This function uses a non-reentrant model


 *************** function _PCA9684_set_prescaler *****************
 Defined at:
		line 73 in file "PCA9685.h"
 Parameters:    Size  Location     Type
  value           1    wreg     unsigned char 
 Auto vars:     Size  Location     Type
  value           1    8[COMMON] unsigned char 
  dat             1    9[COMMON] unsigned char 
 Return value:  Size  Location     Type
                  2  130[None  ] int 
 Registers used:
		wreg, status,2, status,0, pclath, cstack
 Tracked objects:
		On entry : 
		On exit  : 
		Unchanged: 
 Data sizes:     COMMON   BANK0   BANK1   BANK2
      Params:         0       0       0       0
      Locals:         2       0       0       0
      Temps:          2       0       0       0
      Totals:         4       0       0       0
Total ram usage:        4 bytes
 Hardware stack levels used:    1
 Hardware stack levels required when called:    2
 This function calls:
		_PCA9684_read_byte
		_PCA9685_write1Byte_memory
 This function is called by:
		_PCA9685_init
 This function uses a non-reentrant model


 *************** function _PCA9685_write1Byte_memory *****************
 Defined at:
		line 18 in file "PCA9685.h"
 Parameters:    Size  Location     Type
  address         1    wreg     unsigned char 
  data            1    2[COMMON] unsigned char 
 Auto vars:     Size  Location     Type
  address         1    3[COMMON] unsigned char 
 Return value:  Size  Location     Type
                  1    wreg      void 
 Registers used:
		wreg, status,2, status,0, pclath, cstack
 Tracked objects:
		On entry : 
		On exit  : 
		Unchanged: 
 Data sizes:     COMMON   BANK0   BANK1   BANK2
      Params:         1       0       0       0
      Locals:         1       0       0       0
      Temps:          0       0       0       0
      Totals:         2       0       0       0
Total ram usage:        2 bytes
 Hardware stack levels used:    1
 Hardware stack levels required when called:    1
 This function calls:
		_I2C_Start
		_I2C_Stop
		_I2C_data_send
 This function is called by:
		_PCA9684_set_prescaler
		_PCA9685_init
 This function uses a non-reentrant model


 *************** function _PCA9684_read_byte *****************
 Defined at:
		line 52 in file "PCA9685.h"
 Parameters:    Size  Location     Type
  address         1    wreg     unsigned char 
 Auto vars:     Size  Location     Type
  address         1    4[COMMON] unsigned char 
  data            1    5[COMMON] unsigned char 
 Return value:  Size  Location     Type
                  1    wreg      unsigned char 
 Registers used:
		wreg, status,2, status,0, pclath, cstack
 Tracked objects:
		On entry : 
		On exit  : 
		Unchanged: 
 Data sizes:     COMMON   BANK0   BANK1   BANK2
      Params:         0       0       0       0
      Locals:         2       0       0       0
      Temps:          2       0       0       0
      Totals:         4       0       0       0
Total ram usage:        4 bytes
 Hardware stack levels used:    1
 Hardware stack levels required when called:    1
 This function calls:
		_I2C_SendNACK
		_I2C_Start
		_I2C_Stop
		_I2C_data_receive
		_I2C_data_send
 This function is called by:
		_PCA9684_set_prescaler
 This function uses a non-reentrant model


 *************** function _I2C_data_receive *****************
 Defined at:
		line 221 in file "I2C.h"
 Parameters:    Size  Location     Type
		None
 Auto vars:     Size  Location     Type
		None
 Return value:  Size  Location     Type
                  1    wreg      unsigned char 
 Registers used:
		wreg
 Tracked objects:
		On entry : 
		On exit  : 
		Unchanged: 
 Data sizes:     COMMON   BANK0   BANK1   BANK2
      Params:         0       0       0       0
      Locals:         0       0       0       0
      Temps:          0       0       0       0
      Totals:         0       0       0       0
Total ram usage:        0 bytes
 Hardware stack levels used:    1
 This function calls:
		Nothing
 This function is called by:
		_PCA9684_read_byte
 This function uses a non-reentrant model


 *************** function _I2C_SendNACK *****************
 Defined at:
		line 323 in file "I2C.h"
 Parameters:    Size  Location     Type
		None
 Auto vars:     Size  Location     Type
		None
 Return value:  Size  Location     Type
                  1    wreg      void 
 Registers used:
		None
 Tracked objects:
		On entry : 
		On exit  : 
		Unchanged: 
 Data sizes:     COMMON   BANK0   BANK1   BANK2
      Params:         0       0       0       0
      Locals:         0       0       0       0
      Temps:          0       0       0       0
      Totals:         0       0       0       0
Total ram usage:        0 bytes
 Hardware stack levels used:    1
 This function calls:
		Nothing
 This function is called by:
		_PCA9684_read_byte
 This function uses a non-reentrant model


 *************** function _PCA9684_set_pwm *****************
 Defined at:
		line 37 in file "PCA9685.h"
 Parameters:    Size  Location     Type
  led_number      1    wreg     unsigned char 
  pwm_value       2    2[COMMON] unsigned int 
 Auto vars:     Size  Location     Type
  led_number      1    6[COMMON] unsigned char 
  address         1    7[COMMON] unsigned char 
 Return value:  Size  Location     Type
                  1    wreg      void 
 Registers used:
		wreg, status,2, status,0, pclath, cstack
 Tracked objects:
		On entry : 
		On exit  : 
		Unchanged: 
 Data sizes:     COMMON   BANK0   BANK1   BANK2
      Params:         2       0       0       0
      Locals:         2       0       0       0
      Temps:          2       0       0       0
      Totals:         6       0       0       0
Total ram usage:        6 bytes
 Hardware stack levels used:    1
 Hardware stack levels required when called:    1
 This function calls:
		_I2C_Start
		_I2C_Stop
		_I2C_data_send
 This function is called by:
		_main
 This function uses a non-reentrant model


 *************** function _I2C_data_send *****************
 Defined at:
		line 234 in file "I2C.h"
 Parameters:    Size  Location     Type
  data            1    wreg     unsigned char 
 Auto vars:     Size  Location     Type
  data            1    1[COMMON] unsigned char 
 Return value:  Size  Location     Type
                  1    wreg      void 
 Registers used:
		wreg, status,2, status,0
 Tracked objects:
		On entry : 
		On exit  : 
		Unchanged: 
 Data sizes:     COMMON   BANK0   BANK1   BANK2
      Params:         0       0       0       0
      Locals:         1       0       0       0
      Temps:          1       0       0       0
      Totals:         2       0       0       0
Total ram usage:        2 bytes
 Hardware stack levels used:    1
 This function calls:
		Nothing
 This function is called by:
		_PCA9685_write1Byte_memory
		_PCA9684_set_pwm
		_PCA9684_read_byte
		_PCA9685_write2Byte_memory
 This function uses a non-reentrant model


 *************** function _I2C_Stop *****************
 Defined at:
		line 347 in file "I2C.h"
 Parameters:    Size  Location     Type
		None
 Auto vars:     Size  Location     Type
		None
 Return value:  Size  Location     Type
                  1    wreg      void 
 Registers used:
		None
 Tracked objects:
		On entry : 
		On exit  : 
		Unchanged: 
 Data sizes:     COMMON   BANK0   BANK1   BANK2
      Params:         0       0       0       0
      Locals:         0       0       0       0
      Temps:          0       0       0       0
      Totals:         0       0       0       0
Total ram usage:        0 bytes
 Hardware stack levels used:    1
 This function calls:
		Nothing
 This function is called by:
		_PCA9685_write1Byte_memory
		_PCA9684_set_pwm
		_PCA9684_read_byte
		_PCA9685_write2Byte_memory
 This function uses a non-reentrant model


 *************** function _I2C_Start *****************
 Defined at:
		line 203 in file "I2C.h"
 Parameters:    Size  Location     Type
		None
 Auto vars:     Size  Location     Type
		None
 Return value:  Size  Location     Type
                  1    wreg      void 
 Registers used:
		None
 Tracked objects:
		On entry : 
		On exit  : 
		Unchanged: 
 Data sizes:     COMMON   BANK0   BANK1   BANK2
      Params:         0       0       0       0
      Locals:         0       0       0       0
      Temps:          0       0       0       0
      Totals:         0       0       0       0
Total ram usage:        0 bytes
 Hardware stack levels used:    1
 This function calls:
		Nothing
 This function is called by:
		_PCA9685_write1Byte_memory
		_PCA9684_set_pwm
		_PCA9684_read_byte
		_PCA9685_write2Byte_memory
 This function uses a non-reentrant model


 *************** function _I2C_initialize *****************
 Defined at:
		line 146 in file "I2C.h"
 Parameters:    Size  Location     Type
		None
 Auto vars:     Size  Location     Type
		None
 Return value:  Size  Location     Type
                  1    wreg      void 
 Registers used:
		wreg, status,2, status,0, pclath, cstack
 Tracked objects:
		On entry : 
		On exit  : 
		Unchanged: 
 Data sizes:     COMMON   BANK0   BANK1   BANK2
      Params:         0       0       0       0
      Locals:         0       0       0       0
      Temps:          0       0       0       0
      Totals:         0       0       0       0
Total ram usage:        0 bytes
 Hardware stack levels used:    1
 Hardware stack levels required when called:    1
 This function calls:
		_DELAY
 This function is called by:
		_main
 This function uses a non-reentrant model


 *************** function _DELAY *****************
 Defined at:
		line 16 in file "PIC12F184016ChannelPWM.c"
 Parameters:    Size  Location     Type
  number          1    wreg     unsigned char 
 Auto vars:     Size  Location     Type
  number          1    1[COMMON] unsigned char 
  k               1    2[COMMON] unsigned char 
 Return value:  Size  Location     Type
                  1    wreg      void 
 Registers used:
		wreg, status,2, status,0
 Tracked objects:
		On entry : 
		On exit  : 
		Unchanged: 
 Data sizes:     COMMON   BANK0   BANK1   BANK2
      Params:         0       0       0       0
      Locals:         2       0       0       0
      Temps:          1       0       0       0
      Totals:         3       0       0       0
Total ram usage:        3 bytes
 Hardware stack levels used:    1
 This function calls:
		Nothing
 This function is called by:
		_I2C_initialize
		_main
 This function uses a non-reentrant model


 *************** function _DELAY100 *****************
 Defined at:
		line 21 in file "PIC12F184016ChannelPWM.c"
 Parameters:    Size  Location     Type
  number          1    wreg     unsigned char 
 Auto vars:     Size  Location     Type
  number          1    2[COMMON] unsigned char 
  k               1    3[COMMON] unsigned char 
 Return value:  Size  Location     Type
                  1    wreg      void 
 Registers used:
		wreg, status,2, status,0
 Tracked objects:
		On entry : 
		On exit  : 
		Unchanged: 
 Data sizes:     COMMON   BANK0   BANK1   BANK2
      Params:         0       0       0       0
      Locals:         2       0       0       0
      Temps:          2       0       0       0
      Totals:         4       0       0       0
Total ram usage:        4 bytes
 Hardware stack levels used:    1
 This function calls:
		Nothing
 This function is called by:
		_main
 This function uses a non-reentrant model



MODULE INFORMATION

Module		Function		Class		Link	Load	Size
I2C.h
		_I2C_initialize		CODE           	062D	0000	21
		_I2C_data_receive		CODE           	05E9	0000	12
		_I2C_data_send 		CODE           	0641	0000	25
		_I2C_Stop      		CODE           	05DA	0000	8
		_I2C_SendNACK  		CODE           	05E1	0000	9
		_I2C_Start     		CODE           	05D3	0000	8

I2C.h estimated size: 83

shared
		__initialization		CODE           	07FC	0000	2

shared estimated size: 2

PCA9685.h
		_PCA9685_init  		CODE           	06B0	0000	59
		_PCA9685_write1Byte_memory		CODE           	0606	0000	20
		_PCA9684_set_prescaler		CODE           	06EA	0000	64
		_PCA9684_read_byte		CODE           	0684	0000	45
		_PCA9684_set_pwm		CODE           	0659	0000	44

PCA9685.h estimated size: 232

PIC12F184016ChannelPWM.c
		_main          		CODE           	0729	0000	212
		_DELAY100      		CODE           	0619	0000	21
		_DELAY         		CODE           	05F4	0000	19

PIC12F184016ChannelPWM.c estimated size: 252

