Microchip MPLAB XC8 Compiler V1.37 ()

Linker command line:

-W-3 --edf=C:\Program Files (x86)\Microchip\xc8\v1.37\dat\en_msgs.txt -cs \
  -h+dist/default/production\PICServo.X.production.sym \
  --cmf=dist/default/production\PICServo.X.production.cmf -z -Q18F4520 \
  -oC:\Users\Saim\AppData\Local\Temp\s8ek.2 \
  -Mdist/default/production/PICServo.X.production.map -E1 -ver=XC8 \
  -ASTACK=080h-05ffh -pstack=STACK -ACODE=00h-07FFFh -ACONST=00h-07FFFh \
  -ASMALLCONST=0600h-06FFhx122 -AMEDIUMCONST=0600h-07FFFh -ACOMRAM=01h-07Fh \
  -AABS1=00h-05FFh -ABIGRAM=01h-05FFh -ARAM=080h-0FFh,0100h-01FFhx5 \
  -ABANK0=080h-0FFh -ABANK1=0100h-01FFh -ABANK2=0200h-02FFh \
  -ABANK3=0300h-03FFh -ABANK4=0400h-04FFh -ABANK5=0500h-05FFh \
  -ASFR=0F80h-0FFFh \
  -preset_vec=00h,intcode=08h,intcodelo,powerup,init,end_init \
  -pramtop=0600h -psmallconst=SMALLCONST -pmediumconst=MEDIUMCONST \
  -pconst=CONST -AFARRAM=00h-00h -ACONFIG=0300000h-030000Dh -pconfig=CONFIG \
  -AIDLOC=0200000h-0200007h -pidloc=IDLOC -AEEDATA=0F00000h-0F000FFh \
  -peeprom_data=EEDATA \
  -prdata=COMRAM,nvrram=COMRAM,nvbit=COMRAM,rbss=COMRAM,rbit=COMRAM \
  -pfarbss=FARRAM,fardata=FARRAM,nvFARRAM=FARRAM \
  -pintsave_regs=BIGRAM,bigbss=BIGRAM,bigdata=BIGRAM -pbss=RAM \
  -pidata=CODE,irdata=CODE,ibigdata=CODE,ifardata=CODE -prparam=COMRAM \
  C:\Users\Saim\AppData\Local\Temp\s8ek.obj \
  dist/default/production\PICServo.X.production.obj 

Object code version is 3.11

Machine type is 18F4520

Call graph: (short form)




                Name                               Link     Load   Length Selector   Space Scale
C:\Users\Saim\AppData\Local\Temp\s8ek.obj
                end_init                             16       16        4        4       0
                reset_vec                             0        0        4        0       0
                idloc                            200000   200000        8   200000       0
                config                           300000   300000        E   300000       0
dist/default/production\PICServo.X.production.obj
                intcode                               8        8        E        4       0
                temp                                 2F       2F        1        1       1
                text6                               3D6      3D6       26        4       0
                intcode_body                        21E      21E      168        4       0
                text4                               3FC      3FC       1A        4       0
                text3                               386      386       50        4       0
                text2                               440      440        C        4       0
                text1                               42C      42C       14        4       0
                text0                                1A       1A      204        4       0
                cstackCOMRAM                          1        1       1C        1       1
                bssCOMRAM                            1D       1D       12        1       1
                cinit                               416      416       16        4       0

TOTAL           Name                               Link     Load   Length     Space
        CLASS   STACK          

        CLASS   CODE           
                end_init                             16       16        4         0
                intcode                               8        8        E         0
                reset_vec                             0        0        4         0
                text6                               3D6      3D6       26         0
                intcode_body                        21E      21E      168         0
                text4                               3FC      3FC       1A         0
                text3                               386      386       50         0
                text2                               440      440        C         0
                text1                               42C      42C       14         0
                text0                                1A       1A      204         0
                cinit                               416      416       16         0

        CLASS   CONST          

        CLASS   SMALLCONST     

        CLASS   MEDIUMCONST    

        CLASS   COMRAM         
                temp                                 2F       2F        1         1
                cstackCOMRAM                          1        1       1C         1
                bssCOMRAM                            1D       1D       12         1

        CLASS   ABS1           

        CLASS   BIGRAM         

        CLASS   RAM            

        CLASS   BANK0          

        CLASS   BANK1          

        CLASS   BANK2          

        CLASS   BANK3          

        CLASS   BANK4          

        CLASS   BANK5          

        CLASS   SFR            

        CLASS   FARRAM         

        CLASS   CONFIG         
                config                           300000   300000        E         0

        CLASS   IDLOC          
                idloc                            200000   200000        8         0

        CLASS   EEDATA         



SEGMENTS        Name                           Load    Length   Top    Selector   Space  Class

                reset_vec                      000000  000004  000004         0       0  CODE    
                cstackCOMRAM                   000001  00002F  000030         1       1  COMRAM  
                intcode                        000008  000444  00044C         4       0  CODE    
                idloc                          200000  000008  200008    200000       0  IDLOC   
                config                         300000  00000E  30000E    300000       0  CONFIG  


UNUSED ADDRESS RANGES

        Name                Unused          Largest block    Delta
        BANK0            000080-0000FF               80
        BANK1            000100-0001FF              100
        BANK2            000200-0002FF              100
        BANK3            000300-0003FF              100
        BANK4            000400-0004FF              100
        BANK5            000500-0005FF              100
        BIGRAM           000030-0005FF              5D0
        CODE             000004-000007                4
                         00044C-007FFF             7BB4
        COMRAM           000030-00007F               50
        CONST            000004-000007                4
                         00044C-007FFF             7BB4
        EEDATA           F00000-F000FF              100
        MEDIUMCONST      000600-007FFF             7A00
        RAM              000080-0005FF              100
        SFR              000F80-000FFF               80
        SMALLCONST       000600-007FFF              100
        STACK            000080-0005FF              580

                                  Symbol Table

?___wmul                         cstackCOMRAM 000001
?_analogRead                     cstackCOMRAM 000015
_ACQT0                           (abs)        007E03
_ACQT1                           (abs)        007E04
_ACQT2                           (abs)        007E05
_ADCON1                          (abs)        000FC1
_ADCS0                           (abs)        007E00
_ADCS1                           (abs)        007E01
_ADCS2                           (abs)        007E02
_ADC_hazirla                     text4        0003FC
_ADFM                            (abs)        007E07
_ADIF                            (abs)        007CF6
_ADON                            (abs)        007E10
_ADRES                           (abs)        000FC3
_BRGH                            (abs)        007D62
_CCP1IE                          (abs)        007CEA
_CCP1IF                          (abs)        007CF2
_CCP1M0                          (abs)        007DE8
_CCP1M1                          (abs)        007DE9
_CCP1M2                          (abs)        007DEA
_CCP1M3                          (abs)        007DEB
_CCPR1                           (abs)        000FBE
_CHS0                            (abs)        007E12
_CHS1                            (abs)        007E13
_CHS2                            (abs)        007E14
_CHS3                            (abs)        007E15
_CREN                            (abs)        007D5C
_FNC                             intcode      000008
_GIE                             (abs)        007F97
_GO_DONE                         (abs)        007E11
_PEIE                            (abs)        007F96
_PORTB                           (abs)        000F81
_PORTBbits                       (abs)        000F81
_RCIF                            (abs)        007CF5
_RCREG                           (abs)        000FAE
_RX9                             (abs)        007D5E
_SPBRG                           (abs)        000FAF
_SPEN                            (abs)        007D5F
_SYNC                            (abs)        007D64
_T1CKPS0                         (abs)        007E6C
_T1CKPS1                         (abs)        007E6D
_T1OSCEN                         (abs)        007E6B
_T1RUN                           (abs)        007E6E
_TMR1                            (abs)        000FCE
_TMR1CS                          (abs)        007E69
_TMR1ON                          (abs)        007E68
_TRISA                           (abs)        000F92
_TRISB                           (abs)        000F93
_TRISB7                          (abs)        007C9F
_TX9                             (abs)        007D66
_TXEN                            (abs)        007D65
_TXIF                            (abs)        007CF4
_TXREG                           (abs)        000FAD
_VCFG0                           (abs)        007E0C
_VCFG1                           (abs)        007E0D
__HRAM                           (abs)        000000
__Habs1                          abs1         000000
__Hbank0                         bank0        000000
__Hbank1                         bank1        000000
__Hbank2                         bank2        000000
__Hbank3                         bank3        000000
__Hbank4                         bank4        000000
__Hbank5                         bank5        000000
__Hbigbss                        bigbss       000000
__Hbigdata                       bigdata      000000
__Hbigram                        bigram       000000
__Hbss                           bss          000000
__HbssCOMRAM                     bssCOMRAM    000000
__Hcinit                         cinit        000000
__Hclrtext                       clrtext      000000
__Hcomram                        comram       000000
__Hconfig                        config       30000E
__Hconst                         const        000000
__HcstackCOMRAM                  cstackCOMRAM 000000
__Hdata                          data         000000
__Heeprom_data                   eeprom_data  000000
__Hend_init                      end_init     00001A
__Hfarbss                        farbss       000000
__Hfardata                       fardata      000000
__Hibigdata                      ibigdata     000000
__Hidata                         idata        000000
__Hidloc                         idloc        200008
__Hifardata                      ifardata     000000
__Hinit                          init         000016
__Hintcode                       intcode      000016
__Hintcode_body                  intcode_body 000000
__Hintcodelo                     intcodelo    000016
__Hintentry                      intentry     000000
__Hintret                        intret       000000
__Hintsave_regs                  intsave_regs 000000
__Hirdata                        irdata       000000
__Hmediumconst                   mediumconst  000000
__HnvFARRAM                      nvFARRAM     000000
__Hnvbit                         nvbit        000000
__Hnvrram                        nvrram       000000
__Hparam                         rparam       000000
__Hpowerup                       powerup      000016
__Hram                           ram          000000
__Hramtop                        ramtop       000600
__Hrbit                          rbit         000000
__Hrbss                          rbss         000000
__Hrdata                         rdata        000000
__Hreset_vec                     reset_vec    000004
__Hrparam                        rparam       000000
__Hsfr                           sfr          000000
__Hsmallconst                    smallconst   000000
__Hspace_0                       (abs)        30000E
__Hspace_1                       (abs)        000030
__Hspace_2                       (abs)        000000
__Hstack                         stack        000000
__Hstruct                        struct       000000
__Htemp                          temp         000030
__Htext                          text         000000
__Htext0                         text0        000000
__Htext1                         text1        000000
__Htext2                         text2        000000
__Htext3                         text3        000000
__Htext4                         text4        000000
__Htext6                         text6        000000
__LRAM                           (abs)        000001
__Labs1                          abs1         000000
__Lbank0                         bank0        000000
__Lbank1                         bank1        000000
__Lbank2                         bank2        000000
__Lbank3                         bank3        000000
__Lbank4                         bank4        000000
__Lbank5                         bank5        000000
__Lbigbss                        bigbss       000000
__Lbigdata                       bigdata      000000
__Lbigram                        bigram       000000
__Lbss                           bss          000000
__LbssCOMRAM                     bssCOMRAM    000000
__Lcinit                         cinit        000000
__Lclrtext                       clrtext      000000
__Lcomram                        comram       000000
__Lconfig                        config       300000
__Lconst                         const        000000
__LcstackCOMRAM                  cstackCOMRAM 000000
__Ldata                          data         000000
__Leeprom_data                   eeprom_data  000000
__Lend_init                      end_init     000016
__Lfarbss                        farbss       000000
__Lfardata                       fardata      000000
__Libigdata                      ibigdata     000000
__Lidata                         idata        000000
__Lidloc                         idloc        200000
__Lifardata                      ifardata     000000
__Linit                          init         000016
__Lintcode                       intcode      000008
__Lintcode_body                  intcode_body 000000
__Lintcodelo                     intcodelo    000016
__Lintentry                      intentry     000000
__Lintret                        intret       000000
__Lintsave_regs                  intsave_regs 000000
__Lirdata                        irdata       000000
__Lmediumconst                   mediumconst  000000
__LnvFARRAM                      nvFARRAM     000000
__Lnvbit                         nvbit        000000
__Lnvrram                        nvrram       000000
__Lparam                         rparam       000000
__Lpowerup                       powerup      000016
__Lram                           ram          000000
__Lramtop                        ramtop       000600
__Lrbit                          rbit         000000
__Lrbss                          rbss         000000
__Lrdata                         rdata        000000
__Lreset_vec                     reset_vec    000000
__Lrparam                        rparam       000000
__Lsfr                           sfr          000000
__Lsmallconst                    smallconst   000000
__Lspace_0                       (abs)        000000
__Lspace_1                       (abs)        000000
__Lspace_2                       (abs)        000000
__Lstack                         stack        000000
__Lstruct                        struct       000000
__Ltemp                          temp         00002F
__Ltext                          text         000000
__Ltext0                         text0        000000
__Ltext1                         text1        000000
__Ltext2                         text2        000000
__Ltext3                         text3        000000
__Ltext4                         text4        000000
__Ltext6                         text6        000000
__S0                             (abs)        30000E
__S1                             (abs)        000030
__S2                             (abs)        000000
___inthi_sp                      stack        000000
___intlo_sp                      stack        000000
___param_bank                    (abs)        000010
___rparam_used                   (abs)        000001
___sp                            stack        000000
___wmul                          text6        0003D6
___wmul@multiplicand             cstackCOMRAM 000003
___wmul@multiplier               cstackCOMRAM 000001
___wmul@product                  cstackCOMRAM 000005
__accesstop                      (abs)        000080
__activetblptr                   (abs)        000000
__end_of_ADC_hazirla             text4        000416
__end_of_FNC                     intcode_body 000386
__end_of___wmul                  text6        0003FC
__end_of__initialization         cinit        000422
__end_of_analogRead              text3        0003D6
__end_of_main                    text0        00021E
__end_of_seri_porta_veri_gonder  text2        00044C
__end_of_seri_portu_ayarla       text1        000440
__initialization                 cinit        000416
__mediumconst                    mediumconst  000000
__pbssCOMRAM                     bssCOMRAM    00001D
__pcinit                         cinit        000416
__pcstackCOMRAM                  cstackCOMRAM 000001
__pintcode                       intcode      000008
__pintcode_body                  intcode_body 00021E
__ptext0                         text0        00001A
__ptext1                         text1        00042C
__ptext2                         text2        000440
__ptext3                         text3        000386
__ptext4                         text4        0003FC
__ptext6                         text6        0003D6
__ramtop                         ramtop       000600
__size_of_ADC_hazirla            (abs)        000000
__size_of_FNC                    (abs)        000000
__size_of___wmul                 (abs)        000000
__size_of_analogRead             (abs)        000000
__size_of_main                   (abs)        000000
__size_of_seri_porta_veri_gonder (abs)        000000
__size_of_seri_portu_ayarla      (abs)        000000
__smallconst                     smallconst   000000
_analogRead                      text3        000386
_bir                             bssCOMRAM    00001D
_dogru                           bssCOMRAM    00002D
_iki                             bssCOMRAM    00001F
_main                            text0        00001A
_sag                             bssCOMRAM    000021
_seri_porta_veri_gonder          text2        000440
_seri_portu_ayarla               text1        00042C
_servo_number                    bssCOMRAM    00002E
_sol                             bssCOMRAM    000023
_temp                            bssCOMRAM    000025
_temp2                           bssCOMRAM    000027
_temp3                           bssCOMRAM    000029
_uc                              bssCOMRAM    00002B
analogRead@pin                   cstackCOMRAM 000018
btemp                            temp         00002F
end_of_initialization            cinit        000422
int$flags                        temp         00002F
int_func                         intcode_body 00021E
intlevel0                        text         000000
intlevel1                        text         000000
intlevel2                        text         000000
intlevel3                        text         000000
main@angle                       cstackCOMRAM 00001A
main@open                        cstackCOMRAM 00001C
seri_porta_veri_gonder@jk        cstackCOMRAM 000015
stackhi                          (abs)        0005FF
stacklo                          (abs)        000080
start                            init         000016
start_initialization             cinit        000416


FUNCTION INFORMATION:

 *************** function _main *****************
 Defined at:
		line 230 in file "PICServo.c"
 Parameters:    Size  Location     Type
		None
 Auto vars:     Size  Location     Type
  angle           2   25[COMRAM] unsigned int 
  open            1   27[COMRAM] unsigned char 
 Return value:  Size  Location     Type
                  1    wreg      void 
 Registers used:
		wreg, status,2, status,0, cstack
 Tracked objects:
		On entry : 
		On exit  : 
		Unchanged: 
 Data sizes:     COMRAM   BANK0   BANK1   BANK2   BANK3   BANK4   BANK5
      Params:         0       0       0       0       0       0       0
      Locals:         3       0       0       0       0       0       0
      Temps:          1       0       0       0       0       0       0
      Totals:         4       0       0       0       0       0       0
Total ram usage:        4 bytes
 Hardware stack levels required when called:    3
 This function calls:
		_ADC_hazirla
		_analogRead
		_seri_porta_veri_gonder
		_seri_portu_ayarla
 This function is called by:
		Startup code after reset
 This function uses a non-reentrant model


 *************** function _seri_portu_ayarla *****************
 Defined at:
		line 32 in file "PICServo.c"
 Parameters:    Size  Location     Type
		None
 Auto vars:     Size  Location     Type
		None
 Return value:  Size  Location     Type
                  1    wreg      void 
 Registers used:
		wreg, status,2
 Tracked objects:
		On entry : 
		On exit  : 
		Unchanged: 
 Data sizes:     COMRAM   BANK0   BANK1   BANK2   BANK3   BANK4   BANK5
      Params:         0       0       0       0       0       0       0
      Locals:         0       0       0       0       0       0       0
      Temps:          0       0       0       0       0       0       0
      Totals:         0       0       0       0       0       0       0
Total ram usage:        0 bytes
 Hardware stack levels used:    1
 Hardware stack levels required when called:    2
 This function calls:
		Nothing
 This function is called by:
		_main
 This function uses a non-reentrant model


 *************** function _seri_porta_veri_gonder *****************
 Defined at:
		line 26 in file "PICServo.c"
 Parameters:    Size  Location     Type
  jk              1    wreg     unsigned char 
 Auto vars:     Size  Location     Type
  jk              1   20[COMRAM] unsigned char 
 Return value:  Size  Location     Type
                  1    wreg      void 
 Registers used:
		wreg
 Tracked objects:
		On entry : 
		On exit  : 
		Unchanged: 
 Data sizes:     COMRAM   BANK0   BANK1   BANK2   BANK3   BANK4   BANK5
      Params:         0       0       0       0       0       0       0
      Locals:         1       0       0       0       0       0       0
      Temps:          0       0       0       0       0       0       0
      Totals:         1       0       0       0       0       0       0
Total ram usage:        1 bytes
 Hardware stack levels used:    1
 Hardware stack levels required when called:    2
 This function calls:
		Nothing
 This function is called by:
		_main
 This function uses a non-reentrant model


 *************** function _analogRead *****************
 Defined at:
		line 84 in file "PICServo.c"
 Parameters:    Size  Location     Type
  pin             1    wreg     unsigned char 
 Auto vars:     Size  Location     Type
  pin             1   23[COMRAM] unsigned char 
 Return value:  Size  Location     Type
                  2   20[COMRAM] int 
 Registers used:
		wreg, status,2, status,0
 Tracked objects:
		On entry : 
		On exit  : 
		Unchanged: 
 Data sizes:     COMRAM   BANK0   BANK1   BANK2   BANK3   BANK4   BANK5
      Params:         2       0       0       0       0       0       0
      Locals:         1       0       0       0       0       0       0
      Temps:          1       0       0       0       0       0       0
      Totals:         4       0       0       0       0       0       0
Total ram usage:        4 bytes
 Hardware stack levels used:    1
 Hardware stack levels required when called:    2
 This function calls:
		Nothing
 This function is called by:
		_main
 This function uses a non-reentrant model


 *************** function _ADC_hazirla *****************
 Defined at:
		line 59 in file "PICServo.c"
 Parameters:    Size  Location     Type
		None
 Auto vars:     Size  Location     Type
		None
 Return value:  Size  Location     Type
                  1    wreg      void 
 Registers used:
		wreg, status,2
 Tracked objects:
		On entry : 
		On exit  : 
		Unchanged: 
 Data sizes:     COMRAM   BANK0   BANK1   BANK2   BANK3   BANK4   BANK5
      Params:         0       0       0       0       0       0       0
      Locals:         0       0       0       0       0       0       0
      Temps:          0       0       0       0       0       0       0
      Totals:         0       0       0       0       0       0       0
Total ram usage:        0 bytes
 Hardware stack levels used:    1
 Hardware stack levels required when called:    2
 This function calls:
		Nothing
 This function is called by:
		_main
 This function uses a non-reentrant model


 *************** function _FNC *****************
 Defined at:
		line 133 in file "PICServo.c"
 Parameters:    Size  Location     Type
		None
 Auto vars:     Size  Location     Type
		None
 Return value:  Size  Location     Type
                  1    wreg      void 
 Registers used:
		wreg, status,2, status,0, prodl, prodh, cstack
 Tracked objects:
		On entry : 
		On exit  : 
		Unchanged: 
 Data sizes:     COMRAM   BANK0   BANK1   BANK2   BANK3   BANK4   BANK5
      Params:         0       0       0       0       0       0       0
      Locals:         0       0       0       0       0       0       0
      Temps:         14       0       0       0       0       0       0
      Totals:        14       0       0       0       0       0       0
Total ram usage:       14 bytes
 Hardware stack levels used:    1
 Hardware stack levels required when called:    1
 This function calls:
		___wmul
 This function is called by:
		Interrupt level 2
 This function uses a non-reentrant model


 *************** function ___wmul *****************
 Defined at:
		line 15 in file "C:\Program Files (x86)\Microchip\xc8\v1.37\sources\common\Umul16.c"
 Parameters:    Size  Location     Type
  multiplier      2    0[COMRAM] unsigned int 
  multiplicand    2    2[COMRAM] unsigned int 
 Auto vars:     Size  Location     Type
  product         2    4[COMRAM] unsigned int 
 Return value:  Size  Location     Type
                  2    0[COMRAM] unsigned int 
 Registers used:
		wreg, status,2, status,0, prodl, prodh
 Tracked objects:
		On entry : 
		On exit  : 
		Unchanged: 
 Data sizes:     COMRAM   BANK0   BANK1   BANK2   BANK3   BANK4   BANK5
      Params:         4       0       0       0       0       0       0
      Locals:         2       0       0       0       0       0       0
      Temps:          0       0       0       0       0       0       0
      Totals:         6       0       0       0       0       0       0
Total ram usage:        6 bytes
 Hardware stack levels used:    1
 This function calls:
		Nothing
 This function is called by:
		_FNC
 This function uses a non-reentrant model



MODULE INFORMATION

Module		Function		Class		Link	Load	Size
PICServo.c
		_seri_porta_veri_gonder		CODE           	0440	0000	13
		_main          		CODE           	001A	0000	517
		_FNC           		CODE           	0008	0000	375
		_ADC_hazirla   		CODE           	03FC	0000	27
		_seri_portu_ayarla		CODE           	042C	0000	21
		_analogRead    		CODE           	0386	0000	81

PICServo.c estimated size: 1034

C:\Program Files (x86)\Microchip\xc8\v1.37\sources\common\Umul16.c
		___wmul        		CODE           	03D6	0000	39

C:\Program Files (x86)\Microchip\xc8\v1.37\sources\common\Umul16.c estimated size: 39

shared
		__initialization		CODE           	0416	0000	13

shared estimated size: 13

