Microchip MPLAB XC8 Compiler V1.37 ()

Linker command line:

-W-3 --edf=C:\Program Files (x86)\Microchip\xc8\v1.37\dat\en_msgs.txt -cs \
  -h+dist/default/debug\PoemCircuit.X.debug.sym \
  --cmf=dist/default/debug\PoemCircuit.X.debug.cmf -z -Q12F1840 \
  -oC:\Users\Saim\AppData\Local\Temp\s7r0.2 \
  -Mdist/default/debug/PoemCircuit.X.debug.map -E1 -ver=XC8 \
  -ASTACK=020C9h-020efh -pstack=STACK -ACODE=00h-07FFhx2 \
  -ASTRCODE=00h-0FFFh -ASTRING=00h-0FFhx16 -ACONST=00h-0FFhx16 \
  -AENTRY=00h-0FFhx16 -ACOMMON=070h-07Fh -ABANK0=020h-06Fh \
  -ABANK1=0A0h-0EFh -ABANK2=0120h-016Fh -ABIGRAM=02000h-020EFh \
  -ARAM=020h-06Fh,0A0h-0EFh,0120h-016Fh \
  -AABS1=020h-07Fh,0A0h-0EFh,0120h-016Fh -ASFR0=00h-01Fh -ASFR1=080h-09Fh \
  -ASFR2=0100h-011Fh -ASFR3=0180h-01EFh -ASFR4=0200h-026Fh \
  -ASFR5=0280h-02EFh -ASFR6=0300h-036Fh -ASFR7=0380h-03EFh \
  -ASFR8=0400h-046Fh -ASFR9=0480h-04EFh -ASFR10=0500h-056Fh \
  -ASFR11=0580h-05EFh -ASFR12=0600h-066Fh -ASFR13=0680h-06EFh \
  -ASFR14=0700h-076Fh -ASFR15=0780h-07EFh -ASFR16=0800h-086Fh \
  -ASFR17=0880h-08EFh -ASFR18=0900h-096Fh -ASFR19=0980h-09EFh \
  -ASFR20=0A00h-0A6Fh -ASFR21=0A80h-0AEFh -ASFR22=0B00h-0B6Fh \
  -ASFR23=0B80h-0BEFh -ASFR24=0C00h-0C6Fh -ASFR25=0C80h-0CEFh \
  -ASFR26=0D00h-0D6Fh -ASFR27=0D80h-0DEFh -ASFR28=0E00h-0E6Fh \
  -ASFR29=0E80h-0EEFh -ASFR30=0F00h-0F6Fh -ASFR31=0F80h-0FEFh \
  -preset_vec=00h,intentry=04h,init,end_init -ppowerup=CODE -pcinit=CODE \
  -pfunctab=CODE -ACONFIG=08007h-08008h -pconfig=CONFIG -DCONFIG=2 \
  -AIDLOC=08000h-08003h -pidloc=IDLOC -DIDLOC=2 -AEEDATA=00h-0FFh/0F000h \
  -peeprom_data=EEDATA -DEEDATA=2 -DCODE=2 -DSTRCODE=2 -DSTRING=2 -DCONST=2 \
  -DENTRY=2 -k C:\Users\Saim\AppData\Local\Temp\s7r0.obj \
  dist/default/debug\PoemCircuit.X.debug.obj 

Object code version is 3.11

Machine type is 12F1840



                Name                               Link     Load   Length Selector   Space Scale
C:\Users\Saim\AppData\Local\Temp\s7r0.obj
                end_init                            438      438        2        8       0
                reset_vec                             0        0        2        0       0
dist/default/debug\PoemCircuit.X.debug.obj
                cinit                               43A      43A       33        8       0
                intentry                              4        4      434        8       0
                text71                              82F      82F        7     105E       0
                text70                              836      836        7     106C       0
                text69                              9D1      9D1       18     13A2       0
                text68                              B27      B27       26     164E       0
                text67                              992      992       14     1324       0
                text66                              A35      A35       1B     146A       0
                text65                              8BF      8BF        C     117E       0
                text64                              8CB      8CB        C     1196       0
                text63                              9A6      9A6       15     134C       0
                text62                              84B      84B        8     1096       0
                text61                              87B      87B        9     10F6       0
                text60                              90D      90D        F     121A       0
                text59                              B4D      B4D       27     169A       0
                text58                              C4B      C4B       35     1896       0
                text57                              92B      92B       10     1256       0
                text56                              ADD      ADD       25     15BA       0
                text55                              B9B      B9B       28     1736       0
                text54                              81D      81D        6     103A       0
                text53                              853      853        8     10A6       0
                text52                              89F      89F        A     113E       0
                text51                              BEF      BEF       2E     17DE       0
                text50                              85B      85B        8     10B6       0
                text49                              8A9      8A9        B     1152       0
                text48                              7D0      7D0       30        8       0
                text47                              863      863        8     10C6       0
                text46                              8E3      8E3        E     11C6       0
                text45                              94B      94B       11     1296       0
                text44                              A50      A50       1B     14A0       0
                text42                              9BB      9BB       16     1376       0
                text41                              97F      97F       13     12FE       0
                text40                              751      751       7F        8       0
                text39                              86B      86B        8     10D6       0
                text38                              83D      83D        7     107A       0
                text37                              844      844        7     1088       0
                text36                              8B4      8B4        B     1168       0
                text35                              9E9      9E9       18     13D2       0
                text34                              96D      96D       12     12DA       0
                text33                              F21      F21       6B     1E42       0
                text32                              884      884        9     1108       0
                text31                              A6B      A6B       1B     14D6       0
                text30                              8F1      8F1        E     11E2       0
                text29                              91C      91C        F     1238       0
                text28                              B74      B74       27     16E8       0
                text27                              CEC      CEC       3A     19D8       0
                text26                              B02      B02       25     1604       0
                text25                              F8C      F8C       74     1F18       0
                text24                              ABD      ABD       20     157A       0
                text23                              A01      A01       1A     1402       0
                text22                              D6C      D6C       4D     1AD8       0
                text21                              8FF      8FF        E     11FE       0
                text20                              93B      93B       10     1276       0
                text19                              C1D      C1D       2E     183A       0
                text18                              95C      95C       11     12B8       0
                text17                              BC3      BC3       2C     1786       0
                text16                              A86      A86       1B     150C       0
                text15                              58B      58B       A1        8       0
                text14                              E08      E08       52     1C10       0
                text13                              D26      D26       46     1A4C       0
                text12                              EB7      EB7       6A     1D6E       0
                text11                              DB9      DB9       4F     1B72       0
                text10                              C80      C80       35     1900       0
                text9                               62C      62C       A0        8       0
                text8                               A1B      A1B       1A     1436       0
                text7                               873      873        8     10E6       0
                text6                               CB5      CB5       37     196A       0
                text5                               88D      88D        9     111A       0
                text4                               AA1      AA1       1C     1542       0
                text3                               6CC      6CC       85        8       0
                text2                               896      896        9     112C       0
                text1                               E5A      E5A       5D     1CB4       0
                maintext                            46D      46D      11E        8       0
                cstackBANK0                          20       20       23       20       1
                cstackCOMMON                         70       70        E       70       1
                cstackBANK1                          EA       EA        6       A0       1
                cstackBANK2                         140      140        9      120       1
                inittext                            823      823        6     1046       0
                clrtext                             829      829        6     1052       0
                bssBANK2                            120      120       20      120       1
                dataBANK1                            DE       DE        C       A0       1
                bssBANK1                             A0       A0       3E       A0       1
                dataBANK0                            5E       5E        5       20       1
                bssBANK0                             43       43       1B       20       1
                stringtext                          800      800        F     1000       0
                idataBANK1                          8D7      8D7        C     11AE       0
                idataBANK0                          818      818        5     1030       0

TOTAL           Name                               Link     Load   Length     Space
        CLASS   STACK          

        CLASS   CODE           
                end_init                            438      438        2         0
                cinit                               43A      43A       33         0
                intentry                              4        4      434         0
                reset_vec                             0        0        2         0
                text71                              82F      82F        7         0
                text70                              836      836        7         0
                text69                              9D1      9D1       18         0
                text68                              B27      B27       26         0
                text67                              992      992       14         0
                text66                              A35      A35       1B         0
                text65                              8BF      8BF        C         0
                text64                              8CB      8CB        C         0
                text63                              9A6      9A6       15         0
                text62                              84B      84B        8         0
                text61                              87B      87B        9         0
                text60                              90D      90D        F         0
                text59                              B4D      B4D       27         0
                text58                              C4B      C4B       35         0
                text57                              92B      92B       10         0
                text56                              ADD      ADD       25         0
                text55                              B9B      B9B       28         0
                text54                              81D      81D        6         0
                text53                              853      853        8         0
                text52                              89F      89F        A         0
                text51                              BEF      BEF       2E         0
                text50                              85B      85B        8         0
                text49                              8A9      8A9        B         0
                text48                              7D0      7D0       30         0
                text47                              863      863        8         0
                text46                              8E3      8E3        E         0
                text45                              94B      94B       11         0
                text44                              A50      A50       1B         0
                text42                              9BB      9BB       16         0
                text41                              97F      97F       13         0
                text40                              751      751       7F         0
                text39                              86B      86B        8         0
                text38                              83D      83D        7         0
                text37                              844      844        7         0
                text36                              8B4      8B4        B         0
                text35                              9E9      9E9       18         0
                text34                              96D      96D       12         0
                text33                              F21      F21       6B         0
                text32                              884      884        9         0
                text31                              A6B      A6B       1B         0
                text30                              8F1      8F1        E         0
                text29                              91C      91C        F         0
                text28                              B74      B74       27         0
                text27                              CEC      CEC       3A         0
                text26                              B02      B02       25         0
                text25                              F8C      F8C       74         0
                text24                              ABD      ABD       20         0
                text23                              A01      A01       1A         0
                text22                              D6C      D6C       4D         0
                text21                              8FF      8FF        E         0
                text20                              93B      93B       10         0
                text19                              C1D      C1D       2E         0
                text18                              95C      95C       11         0
                text17                              BC3      BC3       2C         0
                text16                              A86      A86       1B         0
                text15                              58B      58B       A1         0
                text14                              E08      E08       52         0
                text13                              D26      D26       46         0
                text12                              EB7      EB7       6A         0
                text11                              DB9      DB9       4F         0
                text10                              C80      C80       35         0
                text9                               62C      62C       A0         0
                text8                               A1B      A1B       1A         0
                text7                               873      873        8         0
                text6                               CB5      CB5       37         0
                text5                               88D      88D        9         0
                text4                               AA1      AA1       1C         0
                text3                               6CC      6CC       85         0
                text2                               896      896        9         0
                text1                               E5A      E5A       5D         0
                maintext                            46D      46D      11E         0
                inittext                            823      823        6         0
                clrtext                             829      829        6         0
                idataBANK1                          8D7      8D7        C         0
                idataBANK0                          818      818        5         0

        CLASS   STRCODE        
                stringtext                          800      800        F         0

        CLASS   STRING         

        CLASS   CONST          

        CLASS   ENTRY          

        CLASS   COMMON         
                cstackCOMMON                         70       70        E         1

        CLASS   BANK0          
                cstackBANK0                          20       20       23         1
                dataBANK0                            5E       5E        5         1
                bssBANK0                             43       43       1B         1

        CLASS   BANK1          
                cstackBANK1                          EA       EA        6         1
                dataBANK1                            DE       DE        C         1
                bssBANK1                             A0       A0       3E         1

        CLASS   BANK2          
                cstackBANK2                         140      140        9         1
                bssBANK2                            120      120       20         1

        CLASS   BIGRAM         

        CLASS   RAM            

        CLASS   ABS1           
                abs_s1                               7E       7E        2         1

        CLASS   SFR0           

        CLASS   SFR1           

        CLASS   SFR2           

        CLASS   SFR3           

        CLASS   SFR4           

        CLASS   SFR5           

        CLASS   SFR6           

        CLASS   SFR7           

        CLASS   SFR8           

        CLASS   SFR9           

        CLASS   SFR10          

        CLASS   SFR11          

        CLASS   SFR12          

        CLASS   SFR13          

        CLASS   SFR14          

        CLASS   SFR15          

        CLASS   SFR16          

        CLASS   SFR17          

        CLASS   SFR18          

        CLASS   SFR19          

        CLASS   SFR20          

        CLASS   SFR21          

        CLASS   SFR22          

        CLASS   SFR23          

        CLASS   SFR24          

        CLASS   SFR25          

        CLASS   SFR26          

        CLASS   SFR27          

        CLASS   SFR28          

        CLASS   SFR29          

        CLASS   SFR30          

        CLASS   SFR31          

        CLASS   CONFIG         

        CLASS   IDLOC          

        CLASS   EEDATA         

        CLASS   BANK31         

        CLASS   BANK30         

        CLASS   BANK29         

        CLASS   BANK28         

        CLASS   BANK27         

        CLASS   BANK26         

        CLASS   BANK25         

        CLASS   BANK24         

        CLASS   BANK23         

        CLASS   BANK22         

        CLASS   BANK21         

        CLASS   BANK20         

        CLASS   BANK19         

        CLASS   BANK18         

        CLASS   BANK17         

        CLASS   BANK16         

        CLASS   BANK15         

        CLASS   BANK14         

        CLASS   BANK13         

        CLASS   BANK12         

        CLASS   BANK11         

        CLASS   BANK10         

        CLASS   BANK9          

        CLASS   BANK8          

        CLASS   BANK7          

        CLASS   BANK6          

        CLASS   BANK5          

        CLASS   BANK4          

        CLASS   BANK3          



SEGMENTS        Name                           Load    Length   Top    Selector   Space  Class     Delta

                reset_vec                      000000  000002  000002         0       0  CODE        2
                intentry                       000004  0007FC  000800         8       0  CODE        2
                cstackBANK0                    000020  000043  000063        20       1  BANK0       1
                cstackCOMMON                   000070  00000E  00007E        70       1  COMMON      1
                bssBANK1                       0000A0  000050  0000F0        A0       1  BANK1       1
                bssBANK2                       000120  000029  000149       120       1  BANK2       1
                stringtext                     000800  00000F  00080F      1000       0  STRCODE     2
                idataBANK0                     000818  000005  00081D      1030       0  CODE        2
                text54                         00081D  000006  000823      103A       0  CODE        2
                inittext                       000823  000006  000829      1046       0  CODE        2
                clrtext                        000829  000006  00082F      1052       0  CODE        2
                text71                         00082F  000007  000836      105E       0  CODE        2
                text70                         000836  000007  00083D      106C       0  CODE        2
                text38                         00083D  000007  000844      107A       0  CODE        2
                text37                         000844  000007  00084B      1088       0  CODE        2
                text62                         00084B  000008  000853      1096       0  CODE        2
                text53                         000853  000008  00085B      10A6       0  CODE        2
                text50                         00085B  000008  000863      10B6       0  CODE        2
                text47                         000863  000008  00086B      10C6       0  CODE        2
                text39                         00086B  000008  000873      10D6       0  CODE        2
                text7                          000873  000008  00087B      10E6       0  CODE        2
                text61                         00087B  000009  000884      10F6       0  CODE        2
                text32                         000884  000009  00088D      1108       0  CODE        2
                text5                          00088D  000009  000896      111A       0  CODE        2
                text2                          000896  000009  00089F      112C       0  CODE        2
                text52                         00089F  00000A  0008A9      113E       0  CODE        2
                text49                         0008A9  00000B  0008B4      1152       0  CODE        2
                text36                         0008B4  00000B  0008BF      1168       0  CODE        2
                text65                         0008BF  00000C  0008CB      117E       0  CODE        2
                text64                         0008CB  00000C  0008D7      1196       0  CODE        2
                idataBANK1                     0008D7  00000C  0008E3      11AE       0  CODE        2
                text46                         0008E3  00000E  0008F1      11C6       0  CODE        2
                text30                         0008F1  00000E  0008FF      11E2       0  CODE        2
                text21                         0008FF  00000E  00090D      11FE       0  CODE        2
                text60                         00090D  00000F  00091C      121A       0  CODE        2
                text29                         00091C  00000F  00092B      1238       0  CODE        2
                text57                         00092B  000010  00093B      1256       0  CODE        2
                text20                         00093B  000010  00094B      1276       0  CODE        2
                text45                         00094B  000011  00095C      1296       0  CODE        2
                text18                         00095C  000011  00096D      12B8       0  CODE        2
                text34                         00096D  000012  00097F      12DA       0  CODE        2
                text41                         00097F  000013  000992      12FE       0  CODE        2
                text67                         000992  000014  0009A6      1324       0  CODE        2
                text63                         0009A6  000015  0009BB      134C       0  CODE        2
                text42                         0009BB  000016  0009D1      1376       0  CODE        2
                text69                         0009D1  000018  0009E9      13A2       0  CODE        2
                text35                         0009E9  000018  000A01      13D2       0  CODE        2
                text23                         000A01  00001A  000A1B      1402       0  CODE        2
                text8                          000A1B  00001A  000A35      1436       0  CODE        2
                text66                         000A35  00001B  000A50      146A       0  CODE        2
                text44                         000A50  00001B  000A6B      14A0       0  CODE        2
                text31                         000A6B  00001B  000A86      14D6       0  CODE        2
                text16                         000A86  00001B  000AA1      150C       0  CODE        2
                text4                          000AA1  00001C  000ABD      1542       0  CODE        2
                text24                         000ABD  000020  000ADD      157A       0  CODE        2
                text56                         000ADD  000025  000B02      15BA       0  CODE        2
                text26                         000B02  000025  000B27      1604       0  CODE        2
                text68                         000B27  000026  000B4D      164E       0  CODE        2
                text59                         000B4D  000027  000B74      169A       0  CODE        2
                text28                         000B74  000027  000B9B      16E8       0  CODE        2
                text55                         000B9B  000028  000BC3      1736       0  CODE        2
                text17                         000BC3  00002C  000BEF      1786       0  CODE        2
                text51                         000BEF  00002E  000C1D      17DE       0  CODE        2
                text19                         000C1D  00002E  000C4B      183A       0  CODE        2
                text58                         000C4B  000035  000C80      1896       0  CODE        2
                text10                         000C80  000035  000CB5      1900       0  CODE        2
                text6                          000CB5  000037  000CEC      196A       0  CODE        2
                text27                         000CEC  00003A  000D26      19D8       0  CODE        2
                text13                         000D26  000046  000D6C      1A4C       0  CODE        2
                text22                         000D6C  00004D  000DB9      1AD8       0  CODE        2
                text11                         000DB9  00004F  000E08      1B72       0  CODE        2
                text14                         000E08  000052  000E5A      1C10       0  CODE        2
                text1                          000E5A  00005D  000EB7      1CB4       0  CODE        2
                text12                         000EB7  00006A  000F21      1D6E       0  CODE        2
                text33                         000F21  00006B  000F8C      1E42       0  CODE        2
                text25                         000F8C  000074  001000      1F18       0  CODE        2


UNUSED ADDRESS RANGES

        Name                Unused          Largest block    Delta
        BANK0            0063-006F              D           1
        BANK2            0149-016F             27           1
        BIGRAM           2000-20EF             F0           1
        CODE             0002-0003              2           2
                         080F-0817              9
        CONFIG           8007-8008              2           2
        CONST            0002-0003              2           2
                         080F-0817              9
        EEDATA           F000-F0FF            100           2
        ENTRY            0002-0003              2           2
                         080F-0817              9
        IDLOC            8000-8003              4           2
        RAM              0063-006F              D           1
                         0149-016F             27
        SFR0             0000-001F             20           1
        SFR1             0080-009F             20           1
        SFR10            0500-056F             70           1
        SFR11            0580-05EF             70           1
        SFR12            0600-066F             70           1
        SFR13            0680-06EF             70           1
        SFR14            0700-076F             70           1
        SFR15            0780-07EF             70           1
        SFR16            0800-086F             70           1
        SFR17            0880-08EF             70           1
        SFR18            0900-096F             70           1
        SFR19            0980-09EF             70           1
        SFR2             0100-011F             20           1
        SFR20            0A00-0A6F             70           1
        SFR21            0A80-0AEF             70           1
        SFR22            0B00-0B6F             70           1
        SFR23            0B80-0BEF             70           1
        SFR24            0C00-0C6F             70           1
        SFR25            0C80-0CEF             70           1
        SFR26            0D00-0D6F             70           1
        SFR27            0D80-0DEF             70           1
        SFR28            0E00-0E6F             70           1
        SFR29            0E80-0EEF             70           1
        SFR3             0180-01EF             70           1
        SFR30            0F00-0F6F             70           1
        SFR31            0F80-0FEF             70           1
        SFR4             0200-026F             70           1
        SFR5             0280-02EF             70           1
        SFR6             0300-036F             70           1
        SFR7             0380-03EF             70           1
        SFR8             0400-046F             70           1
        SFR9             0480-04EF             70           1
        STACK            20C9-20EF             27           1
        STRCODE          0002-0003              2           2
                         080F-0817              9
        STRING           0002-0003              2           2
                         080F-0817              9

                                  Symbol Table

?___awdiv                          cstackBANK0  002D
?___awmod                          cstackBANK0  002D
?___wmul                           cstackBANK0  002D
?i1___wmul                         cstackCOMMON 0070
ADC_read@m                         cstackBANK0  003C
ADC_read@pin                       cstackBANK0  003B
DELAY100@k                         cstackBANK0  0031
DELAY100@number                    cstackBANK0  0030
DELAY@k                            cstackBANK0  0030
DELAY@number                       cstackBANK0  002F
DHT11_get_data@a                   cstackBANK0  0033
DS1307_set_shared@addr             cstackCOMMON 0073
DS1307_shared_get@addr             cstackBANK0  0036
DS1307_shared_get@den              cstackBANK0  0038
DS1307_shared_get@k                cstackBANK0  0037
DS1307_shared_get@reg              cstackBANK0  0031
EEPROM24C32_read_byte@address      cstackBANK0  0036
EEPROM24C32_write_byte@address     cstackCOMMON 0078
EEPROM24C32_write_byte@data        cstackCOMMON 007A
EEPROM24C64_read_byte@address      cstackBANK0  0036
EEPROM24C64_write_byte@address     cstackCOMMON 0078
EEPROM24C64_write_byte@data        cstackCOMMON 007A
EEPROM_ReadByte@address            cstackBANK0  002D
EEPROM_WriteByte@address           cstackCOMMON 0075
EEPROM_WriteByte@value             cstackCOMMON 0074
FNC@l                              cstackBANK0  002C
FNC@leng                           cstackBANK0  002A
FNC@m_id                           cstackBANK0  0027
FNC@mes_id                         cstackBANK0  0028
FNC@message_count                  cstackBANK0  0029
FNC@temp2                          cstackBANK0  002B
Generic_read_byte@address          cstackBANK0  0031
Generic_read_byte@dev_id           cstackBANK0  0035
Generic_read_byte@received         cstackBANK0  0034
Generic_write_byte@address         cstackCOMMON 0074
Generic_write_byte@data            cstackCOMMON 0076
Generic_write_byte@dev_id          cstackCOMMON 0077
I2C_data_send@data                 cstackBANK0  002E
INSELECT_select@input_number       cstackBANK0  0039
LoadDataCenter@center_data         cstackBANK0  0033
LoadDataCenter@center_no           cstackBANK0  0036
LoadDataCenter@index               cstackBANK0  0037
PCF8574_set_pin@pin_number         cstackBANK0  0032
PCF8574_set_pin@value              cstackBANK0  002F
UART_byte_send@data                cstackCOMMON 0070
_ACKDT                             (abs)        10B5
_ACKEN                             (abs)        10B4
_ADCS0                             (abs)        04F4
_ADCS1                             (abs)        04F5
_ADCS2                             (abs)        04F6
_ADC_init                          text41       097F
_ADC_read                          text19       0C1D
_ADFM                              (abs)        04F7
_ADGO                              (abs)        04E9
_ADIF                              (abs)        008E
_ADON                              (abs)        04E8
_ADRESH                            (abs)        009C
_ADRESL                            (abs)        009B
_ALARM_SET                         bssBANK1     00AC
_ANSA4                             (abs)        0C64
_ANSELA                            (abs)        018C
_BF                                (abs)        10A0
_BRG16                             (abs)        0CFB
_BRGH                              (abs)        0CF2
_CFGS                              (abs)        0CAE
_CHS0                              (abs)        04EA
_CHS1                              (abs)        04EB
_CHS2                              (abs)        04EC
_CHS3                              (abs)        04ED
_CREN                              (abs)        0CEC
_DELAY                             text42       09BB
_DELAY100                          text8        0A1B
_DHT11_get_data                    text40       0751
_DISPLAY_POEM                      bssBANK0     0045
_DS1307_date                       text32       0884
_DS1307_set_shared                 text68       0B27
_DS1307_shared_get                 text33       0F21
_DS1307_time                       text31       0A6B
_EEADRL                            (abs)        0191
_EECON2                            (abs)        0196
_EEDATL                            (abs)        0193
_EEIF                              (abs)        0094
_EEPGD                             (abs)        0CAF
_EEPROM24C32_read_byte             text5        088D
_EEPROM24C32_write_byte            text65       08BF
_EEPROM24C64_read_byte             text2        0896
_EEPROM24C64_write_byte            text64       08CB
_EEPROM_ReadByte                   text18       095C
_EEPROM_WriteByte                  text63       09A6
_EXTRA_INFO_SHOW                   bssBANK1     00AD
_FNC                               intentry     0004
_GIE                               (abs)        005F
_Generic_read_byte                 text6        0CB5
_Generic_write_byte                text66       0A35
_I2C_SendACK                       text39       086B
_I2C_SendNACK                      text7        0873
_I2C_Start                         text38       083D
_I2C_Stop                          text37       0844
_I2C_data_receive                  text36       08B4
_I2C_data_send                     text35       09E9
_I2C_initialize                    text30       08F1
_INSELECT_select                   text20       093B
_IOCAN                             (abs)        0392
_IOCAP                             (abs)        0391
_IOCAP3                            (abs)        1C8B
_IOCIE                             (abs)        005B
_IOCIF                             (abs)        0058
_IRCF0                             (abs)        04CB
_IRCF1                             (abs)        04CC
_IRCF2                             (abs)        04CD
_IRCF3                             (abs)        04CE
_LCDData                           bssBANK0     0046
_LCD_LED_ON                        bssBANK0     0047
_LCD_init                          text22       0D6C
_LoadDataCenter                    text27       0CEC
_PCF8574_load_data                 text29       091C
_PCF8574_set_pin                   text28       0B74
_PCF8574_value                     bssBANK0     0048
_PEIE                              (abs)        005E
_PEN                               (abs)        10B2
_PINS                              bssBANK1     00AE
_RA4                               (abs)        0064
_RCEN                              (abs)        10B3
_RCIE                              (abs)        048D
_RCIF                              (abs)        008D
_RCREG                             (abs)        0199
_RD                                (abs)        0CA8
_RXDTSEL                           (abs)        08EF
_SCS0                              (abs)        04C8
_SCS1                              (abs)        04C9
_SEN                               (abs)        10B0
_SPBRG                             (abs)        019B
_SPEN                              (abs)        0CEF
_SPLLEN                            (abs)        04CF
_SSP1IF                            (abs)        008B
_SSPADD                            (abs)        0212
_SSPBUF                            (abs)        0211
_SSPEN                             (abs)        10AD
_SSPM0                             (abs)        10A8
_SSPM1                             (abs)        10A9
_SSPM2                             (abs)        10AA
_SSPM3                             (abs)        10AB
_SYNC                              (abs)        0CF4
_TRISA                             (abs)        008C
_TRISA4                            (abs)        0464
_TXEN                              (abs)        0CF5
_TXIF                              (abs)        008C
_TXREG                             (abs)        019A
_UART_byte_receive                 text54       081D
_UART_byte_send                    text62       084B
_UART_init                         text21       08FF
_UPDATE_NEAREST_ALARM              bssBANK1     00AF
_WR                                (abs)        0CA9
_WREN                              (abs)        0CAA
__Habs1                            abs1         0000
__Hbank0                           bank0        0000
__Hbank1                           bank1        0000
__Hbank10                          bank10       0000
__Hbank11                          bank11       0000
__Hbank12                          bank12       0000
__Hbank13                          bank13       0000
__Hbank14                          bank14       0000
__Hbank15                          bank15       0000
__Hbank16                          bank16       0000
__Hbank17                          bank17       0000
__Hbank18                          bank18       0000
__Hbank19                          bank19       0000
__Hbank2                           bank2        0000
__Hbank20                          bank20       0000
__Hbank21                          bank21       0000
__Hbank22                          bank22       0000
__Hbank23                          bank23       0000
__Hbank24                          bank24       0000
__Hbank25                          bank25       0000
__Hbank26                          bank26       0000
__Hbank27                          bank27       0000
__Hbank28                          bank28       0000
__Hbank29                          bank29       0000
__Hbank3                           bank3        0000
__Hbank30                          bank30       0000
__Hbank31                          bank31       0000
__Hbank4                           bank4        0000
__Hbank5                           bank5        0000
__Hbank6                           bank6        0000
__Hbank7                           bank7        0000
__Hbank8                           bank8        0000
__Hbank9                           bank9        0000
__Hbigram                          bigram       0000
__HbssBANK0                        bssBANK0     0000
__HbssBANK1                        bssBANK1     0000
__HbssBANK2                        bssBANK2     0000
__Hcinit                           cinit        046D
__Hclrtext                         clrtext      0000
__Hcode                            code         0000
__Hcommon                          common       0000
__Hconfig                          config       0000
__HcstackBANK0                     cstackBANK0  0000
__HcstackBANK1                     cstackBANK1  0000
__HcstackBANK2                     cstackBANK2  0000
__HcstackCOMMON                    cstackCOMMON 0000
__HdataBANK0                       dataBANK0    0000
__HdataBANK1                       dataBANK1    0000
__Heeprom_data                     eeprom_data  0000
__Hend_init                        end_init     043A
__Hfunctab                         functab      0000
__HidataBANK0                      idataBANK0   0000
__HidataBANK1                      idataBANK1   0000
__Hidloc                           idloc        0000
__Hinit                            init         0438
__Hinittext                        inittext     0000
__Hintentry                        intentry     0438
__Hmaintext                        maintext     0000
__Hpowerup                         powerup      0000
__Hram                             ram          0000
__Hreset_vec                       reset_vec    0002
__Hsfr0                            sfr0         0000
__Hsfr1                            sfr1         0000
__Hsfr10                           sfr10        0000
__Hsfr11                           sfr11        0000
__Hsfr12                           sfr12        0000
__Hsfr13                           sfr13        0000
__Hsfr14                           sfr14        0000
__Hsfr15                           sfr15        0000
__Hsfr16                           sfr16        0000
__Hsfr17                           sfr17        0000
__Hsfr18                           sfr18        0000
__Hsfr19                           sfr19        0000
__Hsfr2                            sfr2         0000
__Hsfr20                           sfr20        0000
__Hsfr21                           sfr21        0000
__Hsfr22                           sfr22        0000
__Hsfr23                           sfr23        0000
__Hsfr24                           sfr24        0000
__Hsfr25                           sfr25        0000
__Hsfr26                           sfr26        0000
__Hsfr27                           sfr27        0000
__Hsfr28                           sfr28        0000
__Hsfr29                           sfr29        0000
__Hsfr3                            sfr3         0000
__Hsfr30                           sfr30        0000
__Hsfr31                           sfr31        0000
__Hsfr4                            sfr4         0000
__Hsfr5                            sfr5         0000
__Hsfr6                            sfr6         0000
__Hsfr7                            sfr7         0000
__Hsfr8                            sfr8         0000
__Hsfr9                            sfr9         0000
__Hspace_0                         (abs)        1000
__Hspace_1                         (abs)        0149
__Hspace_2                         (abs)        0000
__Hspace_3                         (abs)        0000
__Hstack                           stack        0000
__Hstrings                         strings      0000
__Hstringtext                      stringtext   0000
__Htext                            text         0000
__Labs1                            abs1         0000
__Lbank0                           bank0        0000
__Lbank1                           bank1        0000
__Lbank10                          bank10       0000
__Lbank11                          bank11       0000
__Lbank12                          bank12       0000
__Lbank13                          bank13       0000
__Lbank14                          bank14       0000
__Lbank15                          bank15       0000
__Lbank16                          bank16       0000
__Lbank17                          bank17       0000
__Lbank18                          bank18       0000
__Lbank19                          bank19       0000
__Lbank2                           bank2        0000
__Lbank20                          bank20       0000
__Lbank21                          bank21       0000
__Lbank22                          bank22       0000
__Lbank23                          bank23       0000
__Lbank24                          bank24       0000
__Lbank25                          bank25       0000
__Lbank26                          bank26       0000
__Lbank27                          bank27       0000
__Lbank28                          bank28       0000
__Lbank29                          bank29       0000
__Lbank3                           bank3        0000
__Lbank30                          bank30       0000
__Lbank31                          bank31       0000
__Lbank4                           bank4        0000
__Lbank5                           bank5        0000
__Lbank6                           bank6        0000
__Lbank7                           bank7        0000
__Lbank8                           bank8        0000
__Lbank9                           bank9        0000
__Lbigram                          bigram       0000
__LbssBANK0                        bssBANK0     0000
__LbssBANK1                        bssBANK1     0000
__LbssBANK2                        bssBANK2     0000
__Lcinit                           cinit        043A
__Lclrtext                         clrtext      0000
__Lcode                            code         0000
__Lcommon                          common       0000
__Lconfig                          config       0000
__LcstackBANK0                     cstackBANK0  0000
__LcstackBANK1                     cstackBANK1  0000
__LcstackBANK2                     cstackBANK2  0000
__LcstackCOMMON                    cstackCOMMON 0000
__LdataBANK0                       dataBANK0    0000
__LdataBANK1                       dataBANK1    0000
__Leeprom_data                     eeprom_data  0000
__Lend_init                        end_init     0438
__Lfunctab                         functab      0000
__LidataBANK0                      idataBANK0   0000
__LidataBANK1                      idataBANK1   0000
__Lidloc                           idloc        0000
__Linit                            init         0438
__Linittext                        inittext     0000
__Lintentry                        intentry     0004
__Lmaintext                        maintext     0000
__Lpowerup                         powerup      0000
__Lram                             ram          0000
__Lreset_vec                       reset_vec    0000
__Lsfr0                            sfr0         0000
__Lsfr1                            sfr1         0000
__Lsfr10                           sfr10        0000
__Lsfr11                           sfr11        0000
__Lsfr12                           sfr12        0000
__Lsfr13                           sfr13        0000
__Lsfr14                           sfr14        0000
__Lsfr15                           sfr15        0000
__Lsfr16                           sfr16        0000
__Lsfr17                           sfr17        0000
__Lsfr18                           sfr18        0000
__Lsfr19                           sfr19        0000
__Lsfr2                            sfr2         0000
__Lsfr20                           sfr20        0000
__Lsfr21                           sfr21        0000
__Lsfr22                           sfr22        0000
__Lsfr23                           sfr23        0000
__Lsfr24                           sfr24        0000
__Lsfr25                           sfr25        0000
__Lsfr26                           sfr26        0000
__Lsfr27                           sfr27        0000
__Lsfr28                           sfr28        0000
__Lsfr29                           sfr29        0000
__Lsfr3                            sfr3         0000
__Lsfr30                           sfr30        0000
__Lsfr31                           sfr31        0000
__Lsfr4                            sfr4         0000
__Lsfr5                            sfr5         0000
__Lsfr6                            sfr6         0000
__Lsfr7                            sfr7         0000
__Lsfr8                            sfr8         0000
__Lsfr9                            sfr9         0000
__Lspace_0                         (abs)        0000
__Lspace_1                         (abs)        0000
__Lspace_2                         (abs)        0000
__Lspace_3                         (abs)        0000
__Lstack                           stack        0000
__Lstrings                         strings      0000
__Lstringtext                      stringtext   0000
__Ltext                            text         0000
__S0                               (abs)        1000
__S1                               (abs)        0149
__S2                               (abs)        0000
__S3                               (abs)        0000
___awdiv                           text14       0E08
___awdiv@counter                   cstackBANK0  0032
___awdiv@dividend                  cstackBANK0  002F
___awdiv@divisor                   cstackBANK0  002D
___awdiv@quotient                  cstackBANK0  0034
___awdiv@sign                      cstackBANK0  0033
___awmod                           text13       0D26
___awmod@counter                   cstackBANK0  0032
___awmod@dividend                  cstackBANK0  002F
___awmod@divisor                   cstackBANK0  002D
___awmod@sign                      cstackBANK0  0033
___bmul                            text34       096D
___bmul@multiplicand               cstackBANK0  002D
___bmul@multiplier                 cstackBANK0  0030
___bmul@product                    cstackBANK0  002F
___int_sp                          stack        0000
___latbits                         (abs)        0001
___sp                              stack        0000
___wmul                            text4        0AA1
___wmul@multiplicand               cstackBANK0  002F
___wmul@multiplier                 cstackBANK0  002D
___wmul@product                    cstackBANK0  0031
__end_of_ADC_init                  text41       0992
__end_of_ADC_read                  text19       0C4B
__end_of_DELAY                     text42       09D1
__end_of_DELAY100                  text8        0A35
__end_of_DHT11_get_data            text40       07D0
__end_of_DS1307_date               text32       088D
__end_of_DS1307_set_shared         text68       0B4D
__end_of_DS1307_shared_get         text33       0F8C
__end_of_DS1307_time               text31       0A86
__end_of_EEPROM24C32_read_byte     text5        0896
__end_of_EEPROM24C32_write_byte    text65       08CB
__end_of_EEPROM24C64_read_byte     text2        089F
__end_of_EEPROM24C64_write_byte    text64       08D7
__end_of_EEPROM_ReadByte           text18       096D
__end_of_EEPROM_WriteByte          text63       09BB
__end_of_FNC                       intentry     0438
__end_of_Generic_read_byte         text6        0CEC
__end_of_Generic_write_byte        text66       0A50
__end_of_I2C_SendACK               text39       0873
__end_of_I2C_SendNACK              text7        087B
__end_of_I2C_Start                 text38       0844
__end_of_I2C_Stop                  text37       084B
__end_of_I2C_data_receive          text36       08BF
__end_of_I2C_data_send             text35       0A01
__end_of_I2C_initialize            text30       08FF
__end_of_INSELECT_select           text20       094B
__end_of_LCD_init                  text22       0DB9
__end_of_LoadDataCenter            text27       0D26
__end_of_PCF8574_load_data         text29       092B
__end_of_PCF8574_set_pin           text28       0B9B
__end_of_UART_byte_receive         text54       0823
__end_of_UART_byte_send            text62       0853
__end_of_UART_init                 text21       090D
__end_of___awdiv                   text14       0E5A
__end_of___awmod                   text13       0D6C
__end_of___bmul                    text34       097F
__end_of___wmul                    text4        0ABD
__end_of__initialization           cinit        0469
__end_of_checkSensors              text15       062C
__end_of_commondUART               text61       0884
__end_of_compareAlarms             text10       0CB5
__end_of_disp_time_info            text12       0F21
__end_of_display_number            text11       0E08
__end_of_findClosestAlarm          text9        06CC
__end_of_lcd_clear                 text23       0A1B
__end_of_lcd_goto                  text24       0ADD
__end_of_lcd_info                  text25       1000
__end_of_lcd_write                 text16       0AA1
__end_of_lcd_yaz                   text17       0BEF
__end_of_main                      maintext     058B
__end_of_pinControl                text55       0BC3
__end_of_receiveStruct             text52       08A9
__end_of_sendT                     text53       085B
__end_of_shift_reg_set_pin_lcd     text26       0B27
__end_of_showAlarmMessage          text3        0751
__end_of_showPoem                  text1        0EB7
__end_ofi1_ADC_read                text51       0C1D
__end_ofi1_DELAY                   text67       09A6
__end_ofi1_EEPROM24C32_read_byte   text47       086B
__end_ofi1_EEPROM_ReadByte         text46       08F1
__end_ofi1_Generic_read_byte       text48       0800
__end_ofi1_I2C_SendNACK            text50       0863
__end_ofi1_I2C_Start               text71       0836
__end_ofi1_I2C_Stop                text70       083D
__end_ofi1_I2C_data_receive        text49       08B4
__end_ofi1_I2C_data_send           text69       09E9
__end_ofi1_INSELECT_select         text57       093B
__end_ofi1_LoadDataCenter          text58       0C80
__end_ofi1_PCF8574_load_data       text60       091C
__end_ofi1_PCF8574_set_pin         text59       0B74
__end_ofi1___bmul                  text45       095C
__end_ofi1___wmul                  text44       0A6B
__end_ofi1_shift_reg_set_pin_lcd   text56       0B02
__initialization                   cinit        043A
__pbssBANK0                        bssBANK0     0043
__pbssBANK1                        bssBANK1     00A0
__pbssBANK2                        bssBANK2     0120
__pcstackBANK0                     cstackBANK0  0020
__pcstackBANK1                     cstackBANK1  00EA
__pcstackBANK2                     cstackBANK2  0140
__pcstackCOMMON                    cstackCOMMON 0070
__pdataBANK0                       dataBANK0    005E
__pdataBANK1                       dataBANK1    00DE
__pidataBANK0                      idataBANK0   0818
__pidataBANK1                      idataBANK1   08D7
__pintentry                        intentry     0004
__pmaintext                        maintext     046D
__pstringtext                      stringtext   0800
__ptext1                           text1        0E5A
__ptext10                          text10       0C80
__ptext11                          text11       0DB9
__ptext12                          text12       0EB7
__ptext13                          text13       0D26
__ptext14                          text14       0E08
__ptext15                          text15       058B
__ptext16                          text16       0A86
__ptext17                          text17       0BC3
__ptext18                          text18       095C
__ptext19                          text19       0C1D
__ptext2                           text2        0896
__ptext20                          text20       093B
__ptext21                          text21       08FF
__ptext22                          text22       0D6C
__ptext23                          text23       0A01
__ptext24                          text24       0ABD
__ptext25                          text25       0F8C
__ptext26                          text26       0B02
__ptext27                          text27       0CEC
__ptext28                          text28       0B74
__ptext29                          text29       091C
__ptext3                           text3        06CC
__ptext30                          text30       08F1
__ptext31                          text31       0A6B
__ptext32                          text32       0884
__ptext33                          text33       0F21
__ptext34                          text34       096D
__ptext35                          text35       09E9
__ptext36                          text36       08B4
__ptext37                          text37       0844
__ptext38                          text38       083D
__ptext39                          text39       086B
__ptext4                           text4        0AA1
__ptext40                          text40       0751
__ptext41                          text41       097F
__ptext42                          text42       09BB
__ptext44                          text44       0A50
__ptext45                          text45       094B
__ptext46                          text46       08E3
__ptext47                          text47       0863
__ptext48                          text48       07D0
__ptext49                          text49       08A9
__ptext5                           text5        088D
__ptext50                          text50       085B
__ptext51                          text51       0BEF
__ptext52                          text52       089F
__ptext53                          text53       0853
__ptext54                          text54       081D
__ptext55                          text55       0B9B
__ptext56                          text56       0ADD
__ptext57                          text57       092B
__ptext58                          text58       0C4B
__ptext59                          text59       0B4D
__ptext6                           text6        0CB5
__ptext60                          text60       090D
__ptext61                          text61       087B
__ptext62                          text62       084B
__ptext63                          text63       09A6
__ptext64                          text64       08CB
__ptext65                          text65       08BF
__ptext66                          text66       0A35
__ptext67                          text67       0992
__ptext68                          text68       0B27
__ptext69                          text69       09D1
__ptext7                           text7        0873
__ptext70                          text70       0836
__ptext71                          text71       082F
__ptext8                           text8        0A1B
__ptext9                           text9        062C
__size_of_ADC_init                 (abs)        0000
__size_of_ADC_read                 (abs)        0000
__size_of_DELAY                    (abs)        0000
__size_of_DELAY100                 (abs)        0000
__size_of_DHT11_get_data           (abs)        0000
__size_of_DS1307_date              (abs)        0000
__size_of_DS1307_set_shared        (abs)        0000
__size_of_DS1307_shared_get        (abs)        0000
__size_of_DS1307_time              (abs)        0000
__size_of_EEPROM24C32_read_byte    (abs)        0000
__size_of_EEPROM24C32_write_byte   (abs)        0000
__size_of_EEPROM24C64_read_byte    (abs)        0000
__size_of_EEPROM24C64_write_byte   (abs)        0000
__size_of_EEPROM_ReadByte          (abs)        0000
__size_of_EEPROM_WriteByte         (abs)        0000
__size_of_FNC                      (abs)        0000
__size_of_Generic_read_byte        (abs)        0000
__size_of_Generic_write_byte       (abs)        0000
__size_of_I2C_SendACK              (abs)        0000
__size_of_I2C_SendNACK             (abs)        0000
__size_of_I2C_Start                (abs)        0000
__size_of_I2C_Stop                 (abs)        0000
__size_of_I2C_data_receive         (abs)        0000
__size_of_I2C_data_send            (abs)        0000
__size_of_I2C_initialize           (abs)        0000
__size_of_INSELECT_select          (abs)        0000
__size_of_LCD_init                 (abs)        0000
__size_of_LoadDataCenter           (abs)        0000
__size_of_PCF8574_load_data        (abs)        0000
__size_of_PCF8574_set_pin          (abs)        0000
__size_of_UART_byte_receive        (abs)        0000
__size_of_UART_byte_send           (abs)        0000
__size_of_UART_init                (abs)        0000
__size_of___awdiv                  (abs)        0000
__size_of___awmod                  (abs)        0000
__size_of___bmul                   (abs)        0000
__size_of___wmul                   (abs)        0000
__size_of_checkSensors             (abs)        0000
__size_of_commondUART              (abs)        0000
__size_of_compareAlarms            (abs)        0000
__size_of_disp_time_info           (abs)        0000
__size_of_display_number           (abs)        0000
__size_of_findClosestAlarm         (abs)        0000
__size_of_lcd_clear                (abs)        0000
__size_of_lcd_goto                 (abs)        0000
__size_of_lcd_info                 (abs)        0000
__size_of_lcd_write                (abs)        0000
__size_of_lcd_yaz                  (abs)        0000
__size_of_main                     (abs)        0000
__size_of_pinControl               (abs)        0000
__size_of_receiveStruct            (abs)        0000
__size_of_sendT                    (abs)        0000
__size_of_shift_reg_set_pin_lcd    (abs)        0000
__size_of_showAlarmMessage         (abs)        0000
__size_of_showPoem                 (abs)        0000
__size_ofi1_ADC_read               (abs)        0000
__size_ofi1_DELAY                  (abs)        0000
__size_ofi1_EEPROM24C32_read_byte  (abs)        0000
__size_ofi1_EEPROM_ReadByte        (abs)        0000
__size_ofi1_Generic_read_byte      (abs)        0000
__size_ofi1_I2C_SendNACK           (abs)        0000
__size_ofi1_I2C_Start              (abs)        0000
__size_ofi1_I2C_Stop               (abs)        0000
__size_ofi1_I2C_data_receive       (abs)        0000
__size_ofi1_I2C_data_send          (abs)        0000
__size_ofi1_INSELECT_select        (abs)        0000
__size_ofi1_LoadDataCenter         (abs)        0000
__size_ofi1_PCF8574_load_data      (abs)        0000
__size_ofi1_PCF8574_set_pin        (abs)        0000
__size_ofi1___bmul                 (abs)        0000
__size_ofi1___wmul                 (abs)        0000
__size_ofi1_shift_reg_set_pin_lcd  (abs)        0000
__temp_                            bssBANK0     0049
__x                                dataBANK0    005E
__y                                dataBANK0    005F
_alarm_id                          dataBANK1    00E8
_bit_index                         bssBANK1     00B0
_byte_count                        bssBANK1     00D8
_byte_index                        bssBANK1     00B1
_checkSensors                      text15       058B
_closes_alarm_index                bssBANK0     005C
_closest_alarm                     bssBANK1     00C9
_commondUART                       text61       087B
_compareAlarms                     text10       0C80
_current_alarm_count               bssBANK0     004A
_current_diff                      bssBANK1     00CE
_dakika                            bssBANK1     00B5
_data_sent                         bssBANK1     00B6
_dht11_data                        bssBANK1     00A0
_disp_time_info                    text12       0EB7
_display_number                    text11       0DB9
_eeprom_index                      bssBANK0     004B
_findClosestAlarm                  text9        062C
_global_diff                       bssBANK1     00D3
_global_diff_index                 bssBANK1     00B8
_global_diff_value                 bssBANK1     00B9
_global_index                      bssBANK0     004C
_global_index2                     bssBANK0     004D
_high_time_count                   bssBANK1     00BA
_inselect                          bssBANK0     004E
_komut                             bssBANK0     004F
_lcd_clear                         text23       0A01
_lcd_goto                          text24       0ABD
_lcd_info                          text25       0F8C
_lcd_write                         text16       0A86
_lcd_yaz                           text17       0BC3
_low_time_count                    bssBANK1     00BC
_main                              maintext     046D
_measured_adc_value                bssBANK0     005A
_message_id                        bssBANK0     005D
_message_location                  bssBANK0     0043
_nem                               bssBANK0     0050
_pinControl                        text55       0B9B
_poe                               bssBANK1     00AA
_poem_size                         bssBANK1     00DA
_poem_size_point                   dataBANK0    0060
_pp                                dataBANK0    0061
_rakamlar                          dataBANK1    00DE
_receiveStruct                     text52       089F
_received_data                     bssBANK0     0051
_saat                              bssBANK1     00BE
_saim                              bssBANK1     00BF
_saniye                            bssBANK0     0052
_sendT                             text53       0853
_shift_reg_set_pin_lcd             text26       0B02
_showAlarmMessage                  text3        06CC
_showPoem                          text1        0E5A
_sicaklik                          bssBANK0     0053
_start                             bssBANK0     0054
_t_i                               bssBANK0     0055
_temp                              bssBANK1     00C0
_tempor                            bssBANK0     0056
_threshold                         bssBANK1     00DC
_threshold_point                   dataBANK0    0062
_time_array                        bssBANK1     00A5
_time_index                        bssBANK0     0057
_unnecessary                       bssBANK0     0058
_var                               bssBANK1     00C2
_what_to_display                   bssBANK0     0059
_zaman                             bssBANK1     00C3
btemp                              (abs)        007E
checkSensors@any                   cstackBANK1  00EF
clear_ram0                         clrtext      0829
compareAlarms@arr1                 cstackBANK0  0030
compareAlarms@arr2                 cstackBANK0  002D
compareAlarms@j                    cstackBANK0  0031
disp_time_info@k                   cstackBANK1  00EE
display_number@digit               cstackBANK0  003C
display_number@number              cstackBANK0  003B
end_of_initialization              cinit        0469
findClosestAlarm@alarm_count       cstackBANK0  0036
findClosestAlarm@alarm_id4         cstackBANK0  0035
findClosestAlarm@j                 cstackBANK0  003A
findClosestAlarm@k                 cstackBANK0  0039
findClosestAlarm@k_265             cstackBANK0  0037
findClosestAlarm@none              cstackBANK0  0034
findClosestAlarm@start             cstackBANK0  0038
findClosestAlarm@valid             cstackBANK0  0033
i1ADC_read@m                       cstackBANK0  0021
i1ADC_read@pin                     cstackBANK0  0020
i1DELAY@k                          cstackCOMMON 0073
i1DELAY@number                     cstackCOMMON 0072
i1EEPROM24C32_read_byte@address    cstackCOMMON 0079
i1EEPROM_ReadByte@address          cstackCOMMON 0070
i1Generic_read_byte@address        cstackCOMMON 0074
i1Generic_read_byte@dev_id         cstackCOMMON 0078
i1Generic_read_byte@received       cstackCOMMON 0077
i1I2C_data_send@data               cstackCOMMON 0071
i1INSELECT_select@input_number     cstackCOMMON 007C
i1LoadDataCenter@center_data       cstackCOMMON 0076
i1LoadDataCenter@center_no         cstackCOMMON 0079
i1LoadDataCenter@index             cstackCOMMON 007A
i1PCF8574_set_pin@pin_number       cstackCOMMON 0075
i1PCF8574_set_pin@value            cstackCOMMON 0072
i1_ADC_read                        text51       0BEF
i1_DELAY                           text67       0992
i1_EEPROM24C32_read_byte           text47       0863
i1_EEPROM_ReadByte                 text46       08E3
i1_Generic_read_byte               text48       07D0
i1_I2C_SendNACK                    text50       085B
i1_I2C_Start                       text71       082F
i1_I2C_Stop                        text70       0836
i1_I2C_data_receive                text49       08A9
i1_I2C_data_send                   text69       09D1
i1_INSELECT_select                 text57       092B
i1_LoadDataCenter                  text58       0C4B
i1_PCF8574_load_data               text60       090D
i1_PCF8574_set_pin                 text59       0B4D
i1___bmul                          text45       094B
i1___bmul@multiplicand             cstackCOMMON 0070
i1___bmul@multiplier               cstackCOMMON 0073
i1___bmul@product                  cstackCOMMON 0072
i1___wmul                          text44       0A50
i1___wmul@multiplicand             cstackCOMMON 0072
i1___wmul@multiplier               cstackCOMMON 0070
i1___wmul@product                  cstackCOMMON 0074
i1_shift_reg_set_pin_lcd           text56       0ADD
i1shift_reg_set_pin_lcd@pin_number cstackBANK0  0020
i1shift_reg_set_pin_lcd@pin_value  cstackCOMMON 007B
init_ram                           inittext     0823
int$flags                          (abs)        007E
intlevel0                          functab      0000
intlevel1                          functab      0000
intlevel2                          functab      0000
intlevel3                          functab      0000
intlevel4                          functab      0000
intlevel5                          functab      0000
lcd_goto@p_1                       cstackBANK0  0042
lcd_goto@p_2                       cstackBANK0  0040
lcd_info@c                         cstackBANK0  003F
lcd_info@data_type                 cstackBANK0  003C
lcd_write@s                        cstackBANK1  00EC
lcd_yaz@s                          cstackBANK1  00EB
ltemp                              (abs)        007E
ltemp0                             (abs)        007E
ltemp1                             (abs)        0082
ltemp2                             (abs)        0086
ltemp3                             (abs)        0080
main@k                             cstackBANK2  0147
reset_vec                          reset_vec    0000
shift_reg_set_pin_lcd@pin_number   cstackBANK0  003B
shift_reg_set_pin_lcd@pin_value    cstackBANK0  0038
showAlarmMessage@j                 cstackBANK2  0143
showAlarmMessage@kk                cstackBANK2  0141
showAlarmMessage@l                 cstackBANK2  0142
showAlarmMessage@mes_count         cstackBANK2  0140
stackhi                            (abs)        20EF
stacklo                            (abs)        20C9
start                              init         0438
start_initialization               cinit        043A
ttemp                              (abs)        007E
ttemp0                             (abs)        007E
ttemp1                             (abs)        0081
ttemp2                             (abs)        0084
ttemp3                             (abs)        0087
ttemp4                             (abs)        007F
wtemp                              (abs)        007E
wtemp0                             (abs)        007E
wtemp1                             (abs)        0080
wtemp2                             (abs)        0082
wtemp3                             (abs)        0084
wtemp4                             (abs)        0086
wtemp5                             (abs)        0088
wtemp6                             (abs)        007F


FUNCTION INFORMATION:

 *************** function _main *****************
 Defined at:
		line 44 in file "PoemCircuit.c"
 Parameters:    Size  Location     Type
		None
 Auto vars:     Size  Location     Type
  k               2    7[BANK2 ] unsigned int 
 Return value:  Size  Location     Type
                  1    wreg      void 
 Registers used:
		wreg, fsr0l, fsr0h, fsr1l, fsr1h, status,2, status,0, pclath, cstack
 Tracked objects:
		On entry : 
		On exit  : 
		Unchanged: 
 Data sizes:     COMMON   BANK0   BANK1   BANK2
      Params:         0       0       0       0
      Locals:         0       0       0       2
      Temps:          0       0       0       3
      Totals:         0       0       0       5
Total ram usage:        5 bytes
 Hardware stack levels required when called:   17
 This function calls:
		_ADC_init
		_DELAY
		_DHT11_get_data
		_DS1307_date
		_DS1307_time
		_EEPROM_ReadByte
		_I2C_initialize
		_INSELECT_select
		_LCD_init
		_UART_init
		___awdiv
		___awmod
		_checkSensors
		_compareAlarms
		_disp_time_info
		_display_number
		_findClosestAlarm
		_lcd_goto
		_lcd_yaz
		_shift_reg_set_pin_lcd
		_showAlarmMessage
		_showPoem
 This function is called by:
		Startup code after reset
 This function uses a non-reentrant model


 *************** function _showPoem *****************
 Defined at:
		line 20 in file "POEM.h"
 Parameters:    Size  Location     Type
		None
 Auto vars:     Size  Location     Type
		None
 Return value:  Size  Location     Type
                  1    wreg      void 
 Registers used:
		wreg, fsr1l, fsr1h, status,2, status,0, pclath, cstack
 Tracked objects:
		On entry : 
		On exit  : 
		Unchanged: 
 Data sizes:     COMMON   BANK0   BANK1   BANK2
      Params:         0       0       0       0
      Locals:         0       0       0       0
      Temps:          0       0       2       0
      Totals:         0       0       2       0
Total ram usage:        2 bytes
 Hardware stack levels used:    1
 Hardware stack levels required when called:   15
 This function calls:
		_DELAY100
		_EEPROM24C64_read_byte
		_lcd_clear
		_lcd_yaz
 This function is called by:
		_main
 This function uses a non-reentrant model


 *************** function _EEPROM24C64_read_byte *****************
 Defined at:
		line 32 in file "EEPROM24C64.h"
 Parameters:    Size  Location     Type
  address         2   22[BANK0 ] unsigned int 
 Auto vars:     Size  Location     Type
		None
 Return value:  Size  Location     Type
                  1    wreg      unsigned char 
 Registers used:
		wreg, status,2, status,0, pclath, cstack
 Tracked objects:
		On entry : 
		On exit  : 
		Unchanged: 
 Data sizes:     COMMON   BANK0   BANK1   BANK2
      Params:         0       2       0       0
      Locals:         0       0       0       0
      Temps:          0       0       0       0
      Totals:         0       2       0       0
Total ram usage:        2 bytes
 Hardware stack levels used:    1
 Hardware stack levels required when called:    9
 This function calls:
		_Generic_read_byte
 This function is called by:
		_showPoem
 This function uses a non-reentrant model


 *************** function _showAlarmMessage *****************
 Defined at:
		line 77 in file "ALARM.h"
 Parameters:    Size  Location     Type
		None
 Auto vars:     Size  Location     Type
  j               1    3[BANK2 ] unsigned char 
  l               1    2[BANK2 ] unsigned char 
  kk              1    1[BANK2 ] unsigned char 
  mes_count       1    0[BANK2 ] unsigned char 
 Return value:  Size  Location     Type
                  1    wreg      void 
 Registers used:
		wreg, status,2, status,0, pclath, cstack
 Tracked objects:
		On entry : 
		On exit  : 
		Unchanged: 
 Data sizes:     COMMON   BANK0   BANK1   BANK2
      Params:         0       0       0       0
      Locals:         0       0       0       4
      Temps:          0       0       2       0
      Totals:         0       0       2       4
Total ram usage:        6 bytes
 Hardware stack levels used:    1
 Hardware stack levels required when called:   15
 This function calls:
		_DELAY100
		_EEPROM24C32_read_byte
		_EEPROM_ReadByte
		___bmul
		___wmul
		_lcd_clear
		_lcd_yaz
 This function is called by:
		_main
 This function uses a non-reentrant model


 *************** function ___wmul *****************
 Defined at:
		line 15 in file "C:\Program Files (x86)\Microchip\xc8\v1.37\sources\common\Umul16.c"
 Parameters:    Size  Location     Type
  multiplier      2   13[BANK0 ] unsigned int 
  multiplicand    2   15[BANK0 ] unsigned int 
 Auto vars:     Size  Location     Type
  product         2   17[BANK0 ] unsigned int 
 Return value:  Size  Location     Type
                  2   13[BANK0 ] unsigned int 
 Registers used:
		wreg, status,2, status,0
 Tracked objects:
		On entry : 
		On exit  : 
		Unchanged: 
 Data sizes:     COMMON   BANK0   BANK1   BANK2
      Params:         0       4       0       0
      Locals:         0       2       0       0
      Temps:          0       0       0       0
      Totals:         0       6       0       0
Total ram usage:        6 bytes
 Hardware stack levels used:    1
 Hardware stack levels required when called:    7
 This function calls:
		Nothing
 This function is called by:
		_showAlarmMessage
 This function uses a non-reentrant model


 *************** function _EEPROM24C32_read_byte *****************
 Defined at:
		line 56 in file "EEPROM24C32.h"
 Parameters:    Size  Location     Type
  address         2   22[BANK0 ] unsigned int 
 Auto vars:     Size  Location     Type
		None
 Return value:  Size  Location     Type
                  1    wreg      unsigned char 
 Registers used:
		wreg, status,2, status,0, pclath, cstack
 Tracked objects:
		On entry : 
		On exit  : 
		Unchanged: 
 Data sizes:     COMMON   BANK0   BANK1   BANK2
      Params:         0       2       0       0
      Locals:         0       0       0       0
      Temps:          0       0       0       0
      Totals:         0       2       0       0
Total ram usage:        2 bytes
 Hardware stack levels used:    1
 Hardware stack levels required when called:    9
 This function calls:
		_Generic_read_byte
 This function is called by:
		_showAlarmMessage
 This function uses a non-reentrant model


 *************** function _Generic_read_byte *****************
 Defined at:
		line 29 in file "EEPROM24C32.h"
 Parameters:    Size  Location     Type
  dev_id          1    wreg     unsigned char 
  address         2   17[BANK0 ] unsigned int 
 Auto vars:     Size  Location     Type
  dev_id          1   21[BANK0 ] unsigned char 
  received        1   20[BANK0 ] unsigned char 
 Return value:  Size  Location     Type
                  1    wreg      unsigned char 
 Registers used:
		wreg, status,2, status,0, pclath, cstack
 Tracked objects:
		On entry : 
		On exit  : 
		Unchanged: 
 Data sizes:     COMMON   BANK0   BANK1   BANK2
      Params:         0       2       0       0
      Locals:         0       2       0       0
[...]
      Params:         1       0       0       0
      Locals:         0       1       0       0
      Temps:          2       0       0       0
      Totals:         3       1       0       0
Total ram usage:        4 bytes
 Hardware stack levels used:    1
 Hardware stack levels required when called:    4
 This function calls:
		i1_LoadDataCenter
 This function is called by:
		_pinControl
		_FNC
 This function uses a non-reentrant model


 *************** function i1_INSELECT_select *****************
 Defined at:
		line 30 in file "INSELECT.h"
 Parameters:    Size  Location     Type
  input_number    1    wreg     unsigned char 
 Auto vars:     Size  Location     Type
  input_number    1   12[COMMON] unsigned char 
 Return value:  Size  Location     Type
                  1    wreg      void 
 Registers used:
		wreg, status,2, status,0, pclath, cstack
 Tracked objects:
		On entry : 
		On exit  : 
		Unchanged: 
 Data sizes:     COMMON   BANK0   BANK1   BANK2
      Params:         0       0       0       0
      Locals:         1       0       0       0
      Temps:          1       0       0       0
      Totals:         2       0       0       0
Total ram usage:        2 bytes
 Hardware stack levels used:    1
 Hardware stack levels required when called:    4
 This function calls:
		i1_LoadDataCenter
 This function is called by:
		_pinControl
		i1_ADC_read
 This function uses a non-reentrant model


 *************** function i1_LoadDataCenter *****************
 Defined at:
		line 25 in file "LCD.h"
 Parameters:    Size  Location     Type
  center_no       1    wreg     unsigned char 
  center_data     1    6[COMMON] unsigned char 
 Auto vars:     Size  Location     Type
  center_no       1    9[COMMON] unsigned char 
  LoadDataCent    1   10[COMMON] char 
 Return value:  Size  Location     Type
                  1    wreg      void 
 Registers used:
		wreg, status,2, status,0, pclath, cstack
 Tracked objects:
		On entry : 
		On exit  : 
		Unchanged: 
 Data sizes:     COMMON   BANK0   BANK1   BANK2
      Params:         1       0       0       0
      Locals:         2       0       0       0
      Temps:          2       0       0       0
      Totals:         5       0       0       0
Total ram usage:        5 bytes
 Hardware stack levels used:    1
 Hardware stack levels required when called:    3
 This function calls:
		i1_PCF8574_set_pin
 This function is called by:
		_FNC
		i1_shift_reg_set_pin_lcd
		i1_INSELECT_select
 This function uses a non-reentrant model


 *************** function i1_PCF8574_set_pin *****************
 Defined at:
		line 25 in file "PCF8574.h"
 Parameters:    Size  Location     Type
  pin_number      1    wreg     unsigned char 
  value           1    2[COMMON] unsigned char 
 Auto vars:     Size  Location     Type
  pin_number      1    5[COMMON] unsigned char 
 Return value:  Size  Location     Type
                  1    wreg      void 
 Registers used:
		wreg, status,2, status,0, pclath, cstack
 Tracked objects:
		On entry : 
		On exit  : 
		Unchanged: 
 Data sizes:     COMMON   BANK0   BANK1   BANK2
      Params:         1       0       0       0
      Locals:         1       0       0       0
      Temps:          2       0       0       0
      Totals:         4       0       0       0
Total ram usage:        4 bytes
 Hardware stack levels used:    1
 Hardware stack levels required when called:    2
 This function calls:
		i1_PCF8574_load_data
 This function is called by:
		i1_LoadDataCenter
 This function uses a non-reentrant model


 *************** function i1_PCF8574_load_data *****************
 Defined at:
		line 16 in file "PCF8574.h"
 Parameters:    Size  Location     Type
  data            1    wreg     unsigned char 
 Auto vars:     Size  Location     Type
  data            1  (no storage) unsigned char 
 Return value:  Size  Location     Type
                  1    wreg      void 
 Registers used:
		wreg, status,2, status,0, pclath, cstack
 Tracked objects:
		On entry : 
		On exit  : 
		Unchanged: 
 Data sizes:     COMMON   BANK0   BANK1   BANK2
      Params:         0       0       0       0
      Locals:         0       0       0       0
      Temps:          0       0       0       0
      Totals:         0       0       0       0
Total ram usage:        0 bytes
 Hardware stack levels used:    1
 Hardware stack levels required when called:    1
 This function calls:
		i1_I2C_Start
		i1_I2C_Stop
		i1_I2C_data_send
 This function is called by:
		i1_PCF8574_set_pin
 This function uses a non-reentrant model


 *************** function _commondUART *****************
 Defined at:
		line 60 in file "INTERRUPT.h"
 Parameters:    Size  Location     Type
		None
 Auto vars:     Size  Location     Type
		None
 Return value:  Size  Location     Type
                  1    wreg      void 
 Registers used:
		wreg, status,2, status,0, pclath, cstack
 Tracked objects:
		On entry : 
		On exit  : 
		Unchanged: 
 Data sizes:     COMMON   BANK0   BANK1   BANK2
      Params:         0       0       0       0
      Locals:         0       0       0       0
      Temps:          0       0       0       0
      Totals:         0       0       0       0
Total ram usage:        0 bytes
 Hardware stack levels used:    1
 Hardware stack levels required when called:    1
 This function calls:
		_UART_byte_send
		i1_DELAY
 This function is called by:
		_FNC
 This function uses a non-reentrant model


 *************** function _UART_byte_send *****************
 Defined at:
		line 17 in file "UART.h"
 Parameters:    Size  Location     Type
  data            1    wreg     unsigned char 
 Auto vars:     Size  Location     Type
  data            1    0[COMMON] unsigned char 
 Return value:  Size  Location     Type
                  1    wreg      void 
 Registers used:
		wreg
 Tracked objects:
		On entry : 
		On exit  : 
		Unchanged: 
 Data sizes:     COMMON   BANK0   BANK1   BANK2
      Params:         0       0       0       0
      Locals:         1       0       0       0
      Temps:          0       0       0       0
      Totals:         1       0       0       0
Total ram usage:        1 bytes
 Hardware stack levels used:    1
 This function calls:
		Nothing
 This function is called by:
		_commondUART
		_sendT
 This function uses a non-reentrant model


 *************** function _EEPROM_WriteByte *****************
 Defined at:
		line 15 in file "EEPROM.h"
 Parameters:    Size  Location     Type
  address         1    wreg     unsigned char 
  value           1    4[COMMON] unsigned char 
 Auto vars:     Size  Location     Type
  address         1    5[COMMON] unsigned char 
 Return value:  Size  Location     Type
                  1    wreg      void 
 Registers used:
		wreg
 Tracked objects:
		On entry : 
		On exit  : 
		Unchanged: 
 Data sizes:     COMMON   BANK0   BANK1   BANK2
      Params:         1       0       0       0
      Locals:         1       0       0       0
      Temps:          0       0       0       0
      Totals:         2       0       0       0
Total ram usage:        2 bytes
 Hardware stack levels used:    1
 This function calls:
		Nothing
 This function is called by:
		_FNC
 This function uses a non-reentrant model


 *************** function _EEPROM24C64_write_byte *****************
 Defined at:
		line 16 in file "EEPROM24C64.h"
 Parameters:    Size  Location     Type
  address         2    8[COMMON] unsigned int 
  data            1   10[COMMON] unsigned char 
 Auto vars:     Size  Location     Type
		None
 Return value:  Size  Location     Type
                  1    wreg      void 
 Registers used:
		wreg, status,2, status,0, pclath, cstack
 Tracked objects:
		On entry : 
		On exit  : 
		Unchanged: 
 Data sizes:     COMMON   BANK0   BANK1   BANK2
      Params:         3       0       0       0
      Locals:         0       0       0       0
      Temps:          1       0       0       0
      Totals:         4       0       0       0
Total ram usage:        4 bytes
 Hardware stack levels used:    1
 Hardware stack levels required when called:    2
 This function calls:
		_Generic_write_byte
 This function is called by:
		_FNC
 This function uses a non-reentrant model


 *************** function _EEPROM24C32_write_byte *****************
 Defined at:
		line 52 in file "EEPROM24C32.h"
 Parameters:    Size  Location     Type
  address         2    8[COMMON] unsigned int 
  data            1   10[COMMON] unsigned char 
 Auto vars:     Size  Location     Type
		None
 Return value:  Size  Location     Type
                  1    wreg      void 
 Registers used:
		wreg, status,2, status,0, pclath, cstack
 Tracked objects:
		On entry : 
		On exit  : 
		Unchanged: 
 Data sizes:     COMMON   BANK0   BANK1   BANK2
      Params:         3       0       0       0
      Locals:         0       0       0       0
      Temps:          1       0       0       0
      Totals:         4       0       0       0
Total ram usage:        4 bytes
 Hardware stack levels used:    1
 Hardware stack levels required when called:    2
 This function calls:
		_Generic_write_byte
 This function is called by:
		_FNC
 This function uses a non-reentrant model


 *************** function _Generic_write_byte *****************
 Defined at:
		line 15 in file "EEPROM24C32.h"
 Parameters:    Size  Location     Type
  dev_id          1    wreg     unsigned char 
  address         2    4[COMMON] unsigned int 
  data            1    6[COMMON] unsigned char 
 Auto vars:     Size  Location     Type
  dev_id          1    7[COMMON] unsigned char 
 Return value:  Size  Location     Type
                  1    wreg      void 
 Registers used:
		wreg, status,2, status,0, pclath, cstack
 Tracked objects:
		On entry : 
		On exit  : 
		Unchanged: 
 Data sizes:     COMMON   BANK0   BANK1   BANK2
      Params:         3       0       0       0
      Locals:         1       0       0       0
      Temps:          0       0       0       0
      Totals:         4       0       0       0
Total ram usage:        4 bytes
 Hardware stack levels used:    1
 Hardware stack levels required when called:    1
 This function calls:
		i1_DELAY
		i1_I2C_Start
		i1_I2C_Stop
		i1_I2C_data_send
 This function is called by:
		_EEPROM24C32_write_byte
		_EEPROM24C64_write_byte
 This function uses a non-reentrant model


 *************** function i1_DELAY *****************
 Defined at:
		line 14 in file "PoemCircuit.c"
 Parameters:    Size  Location     Type
  number          1    wreg     unsigned char 
 Auto vars:     Size  Location     Type
  number          1    2[COMMON] unsigned char 
  DELAY           1    3[COMMON] unsigned char 
 Return value:  Size  Location     Type
                  1    wreg      void 
 Registers used:
		wreg, status,2, status,0
 Tracked objects:
		On entry : 
		On exit  : 
		Unchanged: 
 Data sizes:     COMMON   BANK0   BANK1   BANK2
      Params:         0       0       0       0
      Locals:         2       0       0       0
      Temps:          2       0       0       0
      Totals:         4       0       0       0
Total ram usage:        4 bytes
 Hardware stack levels used:    1
 This function calls:
		Nothing
 This function is called by:
		_Generic_write_byte
		_commondUART
		_sendT
		i1_Generic_read_byte
		i1_ADC_read
 This function uses a non-reentrant model


 *************** function _DS1307_set_shared *****************
 Defined at:
		line 76 in file "DS1307.h"
 Parameters:    Size  Location     Type
  addr            1    wreg     unsigned char 
 Auto vars:     Size  Location     Type
  addr            1    3[COMMON] unsigned char 
 Return value:  Size  Location     Type
                  1    wreg      void 
 Registers used:
		wreg, fsr1l, fsr1h, status,2, status,0, pclath, cstack
 Tracked objects:
		On entry : 
		On exit  : 
		Unchanged: 
 Data sizes:     COMMON   BANK0   BANK1   BANK2
      Params:         0       0       0       0
      Locals:         1       0       0       0
      Temps:          1       0       0       0
      Totals:         2       0       0       0
Total ram usage:        2 bytes
 Hardware stack levels used:    1
 Hardware stack levels required when called:    1
 This function calls:
		i1_I2C_Start
		i1_I2C_Stop
		i1_I2C_data_send
 This function is called by:
		_FNC
 This function uses a non-reentrant model


 *************** function i1_I2C_data_send *****************
 Defined at:
		line 234 in file "I2C.h"
 Parameters:    Size  Location     Type
  data            1    wreg     unsigned char 
 Auto vars:     Size  Location     Type
  data            1    1[COMMON] unsigned char 
 Return value:  Size  Location     Type
                  1    wreg      void 
 Registers used:
		wreg, status,2, status,0
 Tracked objects:
		On entry : 
		On exit  : 
		Unchanged: 
 Data sizes:     COMMON   BANK0   BANK1   BANK2
      Params:         0       0       0       0
      Locals:         1       0       0       0
      Temps:          1       0       0       0
      Totals:         2       0       0       0
Total ram usage:        2 bytes
 Hardware stack levels used:    1
 This function calls:
		Nothing
 This function is called by:
		_DS1307_set_shared
		_Generic_write_byte
		i1_PCF8574_load_data
		i1_Generic_read_byte
 This function uses a non-reentrant model


 *************** function i1_I2C_Stop *****************
 Defined at:
		line 347 in file "I2C.h"
 Parameters:    Size  Location     Type
		None
 Auto vars:     Size  Location     Type
		None
 Return value:  Size  Location     Type
                  1    wreg      void 
 Registers used:
		None
 Tracked objects:
		On entry : 
		On exit  : 
		Unchanged: 
 Data sizes:     COMMON   BANK0   BANK1   BANK2
      Params:         0       0       0       0
      Locals:         0       0       0       0
      Temps:          0       0       0       0
      Totals:         0       0       0       0
Total ram usage:        0 bytes
 Hardware stack levels used:    1
 This function calls:
		Nothing
 This function is called by:
		_DS1307_set_shared
		_Generic_write_byte
		i1_PCF8574_load_data
		i1_Generic_read_byte
 This function uses a non-reentrant model


 *************** function i1_I2C_Start *****************
 Defined at:
		line 203 in file "I2C.h"
 Parameters:    Size  Location     Type
		None
 Auto vars:     Size  Location     Type
		None
 Return value:  Size  Location     Type
                  1    wreg      void 
 Registers used:
		None
 Tracked objects:
		On entry : 
		On exit  : 
		Unchanged: 
 Data sizes:     COMMON   BANK0   BANK1   BANK2
      Params:         0       0       0       0
      Locals:         0       0       0       0
      Temps:          0       0       0       0
      Totals:         0       0       0       0
Total ram usage:        0 bytes
 Hardware stack levels used:    1
 This function calls:
		Nothing
 This function is called by:
		_DS1307_set_shared
		_Generic_write_byte
		i1_PCF8574_load_data
		i1_Generic_read_byte
 This function uses a non-reentrant model



MODULE INFORMATION

Module		Function		Class		Link	Load	Size
LCD.h
		_LoadDataCenter		CODE           	0CEC	0000	59
		_lcd_clear     		CODE           	0A01	0000	27
		_lcd_goto      		CODE           	0ABD	0000	33
		_LCD_init      		CODE           	0D6C	0000	78
		_shift_reg_set_pin_lcd		CODE           	0B02	0000	38
		_lcd_write     		CODE           	0A86	0000	28
		_lcd_info      		CODE           	0F8C	0000	117
		_lcd_yaz       		CODE           	0BC3	0000	45

LCD.h estimated size: 425

SevenSegments.h
		_display_number		CODE           	0DB9	0000	80

SevenSegments.h estimated size: 80

UART.h
		_UART_init     		CODE           	08FF	0000	15
		_UART_byte_receive		CODE           	081D	0000	7
		_UART_byte_send		CODE           	084B	0000	9

UART.h estimated size: 31

PoemCircuit.c
		_main          		CODE           	046D	0000	287
		_DELAY100      		CODE           	0A1B	0000	27
		_DELAY         		CODE           	09BB	0000	23

PoemCircuit.c estimated size: 337

EEPROM24C32.h
		_Generic_read_byte		CODE           	0CB5	0000	56
		_Generic_write_byte		CODE           	0A35	0000	28
		_EEPROM24C32_write_byte		CODE           	08BF	0000	13
		_EEPROM24C32_read_byte		CODE           	088D	0000	10

EEPROM24C32.h estimated size: 107

C:\Program Files (x86)\Microchip\xc8\v1.37\sources\common\Umul16.c
		___wmul        		CODE           	0AA1	0000	29

C:\Program Files (x86)\Microchip\xc8\v1.37\sources\common\Umul16.c estimated size: 29

C:\Program Files (x86)\Microchip\xc8\v1.37\sources\common\awdiv.c
		___awdiv       		CODE           	0E08	0000	83

C:\Program Files (x86)\Microchip\xc8\v1.37\sources\common\awdiv.c estimated size: 83

I2C.h
		_I2C_initialize		CODE           	08F1	0000	15
		_I2C_data_receive		CODE           	08B4	0000	12
		_I2C_data_send 		CODE           	09E9	0000	25
		_I2C_Stop      		CODE           	0844	0000	8
		_I2C_SendACK   		CODE           	086B	0000	9
		_I2C_SendNACK  		CODE           	0873	0000	9
		_I2C_Start     		CODE           	083D	0000	8

I2C.h estimated size: 86

C:\Program Files (x86)\Microchip\xc8\v1.37\sources\common\Umul8.c
		___bmul        		CODE           	096D	0000	19

C:\Program Files (x86)\Microchip\xc8\v1.37\sources\common\Umul8.c estimated size: 19

POEM.h
		_showPoem      		CODE           	0E5A	0000	94

POEM.h estimated size: 94

ALARM.h
		_compareAlarms 		CODE           	0C80	0000	54
		_showAlarmMessage		CODE           	06CC	0000	134
		_checkSensors  		CODE           	058B	0000	162
		_disp_time_info		CODE           	0EB7	0000	107
		_findClosestAlarm		CODE           	062C	0000	161

ALARM.h estimated size: 618

DHT11Sensor.h
		_DHT11_get_data		CODE           	0751	0000	128

DHT11Sensor.h estimated size: 128

EEPROM.h
		_EEPROM_WriteByte		CODE           	09A6	0000	22
		_EEPROM_ReadByte		CODE           	095C	0000	18

EEPROM.h estimated size: 40

PCF8574.h
		_PCF8574_load_data		CODE           	091C	0000	16
		_PCF8574_set_pin		CODE           	0B74	0000	40

PCF8574.h estimated size: 56

shared
		i1_EEPROM_ReadByte		CODE           	08E3	0000	15
		i1_INSELECT_select		CODE           	092B	0000	17
		i1_DELAY       		CODE           	0992	0000	21
		i1___wmul      		CODE           	0A50	0000	28
		i1_shift_reg_set_pin_lcd		CODE           	0ADD	0000	38
		i1_PCF8574_load_data		CODE           	090D	0000	16
		i1_I2C_Stop    		CODE           	0836	0000	8
		i1_I2C_Start   		CODE           	082F	0000	8
		__initialization		CODE           	043A	0000	48
		i1_LoadDataCenter		CODE           	0C4B	0000	54
		i1_I2C_SendNACK		CODE           	085B	0000	9
		i1_I2C_data_receive		CODE           	08A9	0000	12
		i1_I2C_data_send		CODE           	09D1	0000	25
		i1_Generic_read_byte		CODE           	07D0	0000	49
		i1___bmul      		CODE           	094B	0000	18
		i1_EEPROM24C32_read_byte		CODE           	0863	0000	9
		i1_PCF8574_set_pin		CODE           	0B4D	0000	40
		i1_ADC_read    		CODE           	0BEF	0000	47

shared estimated size: 462

DS1307.h
		_DS1307_date   		CODE           	0884	0000	10
		_DS1307_time   		CODE           	0A6B	0000	28
		_DS1307_set_shared		CODE           	0B27	0000	39
		_DS1307_shared_get		CODE           	0F21	0000	108

DS1307.h estimated size: 185

ADC.h
		_ADC_read      		CODE           	0C1D	0000	47
		_ADC_init      		CODE           	097F	0000	20

ADC.h estimated size: 67

EEPROM24C64.h
		_EEPROM24C64_write_byte		CODE           	08CB	0000	13
		_EEPROM24C64_read_byte		CODE           	0896	0000	10

EEPROM24C64.h estimated size: 23

INTERRUPT.h
		_sendT         		CODE           	0853	0000	9
		_commondUART   		CODE           	087B	0000	10
		_FNC           		CODE           	0004	0000	1077
		_receiveStruct 		CODE           	089F	0000	11
		_pinControl    		CODE           	0B9B	0000	41

INTERRUPT.h estimated size: 1148

C:\Program Files (x86)\Microchip\xc8\v1.37\sources\common\awmod.c
		___awmod       		CODE           	0D26	0000	71

C:\Program Files (x86)\Microchip\xc8\v1.37\sources\common\awmod.c estimated size: 71

INSELECT.h
		_INSELECT_select		CODE           	093B	0000	17

INSELECT.h estimated size: 17

