Microchip MPLAB XC8 Compiler V1.37 ()

Linker command line:

-W-3 --edf=C:\Program Files (x86)\Microchip\xc8\v1.37\dat\en_msgs.txt -cs \
  -h+dist/default/production\SoftwareI2C.X.production.sym \
  --cmf=dist/default/production\SoftwareI2C.X.production.cmf -z -Q12F1840 \
  -oC:\Users\Saim\AppData\Local\Temp\s5dc.2 \
  -Mdist/default/production/SoftwareI2C.X.production.map -E1 -ver=XC8 \
  -ASTACK=0200Dh-020efh -pstack=STACK -ACODE=00h-07FFhx2 \
  -ASTRCODE=00h-0FFFh -ASTRING=00h-0FFhx16 -ACONST=00h-0FFhx16 \
  -AENTRY=00h-0FFhx16 -ACOMMON=070h-07Fh -ABANK0=020h-06Fh \
  -ABANK1=0A0h-0EFh -ABANK2=0120h-016Fh -ABIGRAM=02000h-020EFh \
  -ARAM=020h-06Fh,0A0h-0EFh,0120h-016Fh \
  -AABS1=020h-07Fh,0A0h-0EFh,0120h-016Fh -ASFR0=00h-01Fh -ASFR1=080h-09Fh \
  -ASFR2=0100h-011Fh -ASFR3=0180h-01EFh -ASFR4=0200h-026Fh \
  -ASFR5=0280h-02EFh -ASFR6=0300h-036Fh -ASFR7=0380h-03EFh \
  -ASFR8=0400h-046Fh -ASFR9=0480h-04EFh -ASFR10=0500h-056Fh \
  -ASFR11=0580h-05EFh -ASFR12=0600h-066Fh -ASFR13=0680h-06EFh \
  -ASFR14=0700h-076Fh -ASFR15=0780h-07EFh -ASFR16=0800h-086Fh \
  -ASFR17=0880h-08EFh -ASFR18=0900h-096Fh -ASFR19=0980h-09EFh \
  -ASFR20=0A00h-0A6Fh -ASFR21=0A80h-0AEFh -ASFR22=0B00h-0B6Fh \
  -ASFR23=0B80h-0BEFh -ASFR24=0C00h-0C6Fh -ASFR25=0C80h-0CEFh \
  -ASFR26=0D00h-0D6Fh -ASFR27=0D80h-0DEFh -ASFR28=0E00h-0E6Fh \
  -ASFR29=0E80h-0EEFh -ASFR30=0F00h-0F6Fh -ASFR31=0F80h-0FEFh \
  -preset_vec=00h,intentry,init,end_init -ppowerup=CODE -pcinit=CODE \
  -pfunctab=CODE -ACONFIG=08007h-08008h -pconfig=CONFIG -DCONFIG=2 \
  -AIDLOC=08000h-08003h -pidloc=IDLOC -DIDLOC=2 -AEEDATA=00h-0FFh/0F000h \
  -peeprom_data=EEDATA -DEEDATA=2 -DCODE=2 -DSTRCODE=2 -DSTRING=2 -DCONST=2 \
  -DENTRY=2 -k C:\Users\Saim\AppData\Local\Temp\s5dc.obj \
  dist/default/production\SoftwareI2C.X.production.obj 

Object code version is 3.11

Machine type is 12F1840



                Name                               Link     Load   Length Selector   Space Scale
C:\Users\Saim\AppData\Local\Temp\s5dc.obj
                end_init                              2        2        2        0       0
                reset_vec                             0        0        2        0       0
dist/default/production\SoftwareI2C.X.production.obj
                cinit                               7F2      7F2        E      FE4       0
                text11                              65F      65F       18      CBE       0
                text10                              636      636       14      C6C       0
                text9                               77F      77F       73      EFE       0
                text8                               627      627        F      C4E       0
                text7                               64A      64A       15      C94       0
                text6                               6AF      6AF       2B      D5E       0
                text5                               61B      61B        C      C36       0
                text4                               677      677       1C      CEE       0
                text3                               693      693       1C      D26       0
                text2                               612      612        9      C24       0
                text1                               6DA      6DA       38      DB4       0
                maintext                            712      712       6D      E24       0
                cstackBANK0                          2B       2B        2       20       1
                cstackCOMMON                         70       70        E       70       1
                bssBANK0                             20       20        B       20       1

TOTAL           Name                               Link     Load   Length     Space
        CLASS   STACK          

        CLASS   CODE           
                end_init                              2        2        2         0
                cinit                               7F2      7F2        E         0
                reset_vec                             0        0        2         0
                text11                              65F      65F       18         0
                text10                              636      636       14         0
                text9                               77F      77F       73         0
                text8                               627      627        F         0
                text7                               64A      64A       15         0
                text6                               6AF      6AF       2B         0
                text5                               61B      61B        C         0
                text4                               677      677       1C         0
                text3                               693      693       1C         0
                text2                               612      612        9         0
                text1                               6DA      6DA       38         0
                maintext                            712      712       6D         0

        CLASS   STRCODE        

        CLASS   STRING         

        CLASS   CONST          

        CLASS   ENTRY          

        CLASS   COMMON         
                cstackCOMMON                         70       70        E         1

        CLASS   BANK0          
                cstackBANK0                          2B       2B        2         1
                bssBANK0                             20       20        B         1

        CLASS   BANK1          

        CLASS   BANK2          

        CLASS   BIGRAM         

        CLASS   RAM            

        CLASS   ABS1           
                abs_s1                               7E       7E        2         1

        CLASS   SFR0           

        CLASS   SFR1           

        CLASS   SFR2           

        CLASS   SFR3           

        CLASS   SFR4           

        CLASS   SFR5           

        CLASS   SFR6           

        CLASS   SFR7           

        CLASS   SFR8           

        CLASS   SFR9           

        CLASS   SFR10          

        CLASS   SFR11          

        CLASS   SFR12          

        CLASS   SFR13          

        CLASS   SFR14          

        CLASS   SFR15          

        CLASS   SFR16          

        CLASS   SFR17          

        CLASS   SFR18          

        CLASS   SFR19          

        CLASS   SFR20          

        CLASS   SFR21          

        CLASS   SFR22          

        CLASS   SFR23          

        CLASS   SFR24          

        CLASS   SFR25          

        CLASS   SFR26          

        CLASS   SFR27          

        CLASS   SFR28          

        CLASS   SFR29          

        CLASS   SFR30          

        CLASS   SFR31          

        CLASS   CONFIG         

        CLASS   IDLOC          

        CLASS   EEDATA         

        CLASS   BANK31         

        CLASS   BANK30         

        CLASS   BANK29         

        CLASS   BANK28         

        CLASS   BANK27         

        CLASS   BANK26         

        CLASS   BANK25         

        CLASS   BANK24         

        CLASS   BANK23         

        CLASS   BANK22         

        CLASS   BANK21         

        CLASS   BANK20         

        CLASS   BANK19         

        CLASS   BANK18         

        CLASS   BANK17         

        CLASS   BANK16         

        CLASS   BANK15         

        CLASS   BANK14         

        CLASS   BANK13         

        CLASS   BANK12         

        CLASS   BANK11         

        CLASS   BANK10         

        CLASS   BANK9          

        CLASS   BANK8          

        CLASS   BANK7          

        CLASS   BANK6          

        CLASS   BANK5          

        CLASS   BANK4          

        CLASS   BANK3          



SEGMENTS        Name                           Load    Length   Top    Selector   Space  Class     Delta

                reset_vec                      000000  000004  000004         0       0  CODE        2
                bssBANK0                       000020  00000D  00002D        20       1  BANK0       1
                cstackCOMMON                   000070  00000E  00007E        70       1  COMMON      1
                text2                          000612  000009  00061B       C24       0  CODE        2
                text5                          00061B  00000C  000627       C36       0  CODE        2
                text8                          000627  00000F  000636       C4E       0  CODE        2
                text10                         000636  000014  00064A       C6C       0  CODE        2
                text7                          00064A  000015  00065F       C94       0  CODE        2
                text11                         00065F  000018  000677       CBE       0  CODE        2
                text4                          000677  00001C  000693       CEE       0  CODE        2
                text3                          000693  00001C  0006AF       D26       0  CODE        2
                text6                          0006AF  00002B  0006DA       D5E       0  CODE        2
                text1                          0006DA  000038  000712       DB4       0  CODE        2
                maintext                       000712  00006D  00077F       E24       0  CODE        2
                text9                          00077F  000073  0007F2       EFE       0  CODE        2
                cinit                          0007F2  00000E  000800       FE4       0  CODE        2


UNUSED ADDRESS RANGES

        Name                Unused          Largest block    Delta
        BANK0            002D-006F             43           1
        BANK1            00A0-00EF             50           1
        BANK2            0120-016F             50           1
        BIGRAM           2000-20EF             F0           1
        CODE             0004-0611            60E           2
                         0800-0FFF            800
        CONFIG           8007-8008              2           2
        CONST            0004-0611            100           2
                         0800-0FFF            100
        EEDATA           F000-F0FF            100           2
        ENTRY            0004-0611            100           2
                         0800-0FFF            100
        IDLOC            8000-8003              4           2
        RAM              002D-006F             43           1
                         00A0-00EF             50
                         0120-016F             50
        SFR0             0000-001F             20           1
        SFR1             0080-009F             20           1
        SFR10            0500-056F             70           1
        SFR11            0580-05EF             70           1
        SFR12            0600-066F             70           1
        SFR13            0680-06EF             70           1
        SFR14            0700-076F             70           1
        SFR15            0780-07EF             70           1
        SFR16            0800-086F             70           1
        SFR17            0880-08EF             70           1
        SFR18            0900-096F             70           1
        SFR19            0980-09EF             70           1
        SFR2             0100-011F             20           1
        SFR20            0A00-0A6F             70           1
        SFR21            0A80-0AEF             70           1
        SFR22            0B00-0B6F             70           1
        SFR23            0B80-0BEF             70           1
        SFR24            0C00-0C6F             70           1
        SFR25            0C80-0CEF             70           1
        SFR26            0D00-0D6F             70           1
        SFR27            0D80-0DEF             70           1
        SFR28            0E00-0E6F             70           1
        SFR29            0E80-0EEF             70           1
        SFR3             0180-01EF             70           1
        SFR30            0F00-0F6F             70           1
        SFR31            0F80-0FEF             70           1
        SFR4             0200-026F             70           1
        SFR5             0280-02EF             70           1
        SFR6             0300-036F             70           1
        SFR7             0380-03EF             70           1
        SFR8             0400-046F             70           1
        SFR9             0480-04EF             70           1
        STACK            200D-20EF             E3           1
        STRCODE          0004-0611            60E           2
                         0800-0FFF            800
        STRING           0004-0611            100           2
                         0800-0FFF            100

                                  Symbol Table

DELAY100@k                       cstackCOMMON 0074
DELAY100@number                  cstackCOMMON 0073
DELAY@k                          cstackCOMMON 0073
DELAY@number                     cstackCOMMON 0072
EEPROM24C32_write_byte@address   cstackCOMMON 0079
EEPROM24C32_write_byte@data      cstackCOMMON 007B
Generic_write_byte@address       cstackCOMMON 0074
Generic_write_byte@data          cstackCOMMON 0076
Generic_write_byte@dev_id        cstackCOMMON 0078
SoftwareI2C_read_byte@data       cstackCOMMON 0072
SoftwareI2C_read_byte@i          cstackCOMMON 0073
SoftwareI2C_send_byte@ACK_STAT   cstackCOMMON 0070
SoftwareI2C_send_byte@data       cstackCOMMON 0072
SoftwareI2C_send_byte@i          cstackCOMMON 0073
_ANSELA                          (abs)        018C
_DELAY                           text10       0636
_DELAY100                        text11       065F
_EEPROM24C32_write_byte          text5        061B
_Generic_write_byte              text6        06AF
_IRCF0                           (abs)        04CB
_IRCF1                           (abs)        04CC
_IRCF2                           (abs)        04CD
_IRCF3                           (abs)        04CE
_RA0                             (abs)        0060
_RA2                             (abs)        0062
_RA5                             (abs)        0065
_SCS0                            (abs)        04C8
_SCS1                            (abs)        04C9
_SPLLEN                          (abs)        04CF
_SoftwareI2C_ACK                 text4        0677
_SoftwareI2C_NACK                text3        0693
_SoftwareI2C_initialize          text2        0612
_SoftwareI2C_read_byte           text1        06DA
_SoftwareI2C_send_byte           text9        077F
_SoftwareI2C_start               text8        0627
_SoftwareI2C_stop                text7        064A
_TRISA0                          (abs)        0460
_TRISA2                          (abs)        0462
_TRISA5                          (abs)        0465
__Habs1                          abs1         0000
__Hbank0                         bank0        0000
__Hbank1                         bank1        0000
__Hbank10                        bank10       0000
__Hbank11                        bank11       0000
__Hbank12                        bank12       0000
__Hbank13                        bank13       0000
__Hbank14                        bank14       0000
__Hbank15                        bank15       0000
__Hbank16                        bank16       0000
__Hbank17                        bank17       0000
__Hbank18                        bank18       0000
__Hbank19                        bank19       0000
__Hbank2                         bank2        0000
__Hbank20                        bank20       0000
__Hbank21                        bank21       0000
__Hbank22                        bank22       0000
__Hbank23                        bank23       0000
__Hbank24                        bank24       0000
__Hbank25                        bank25       0000
__Hbank26                        bank26       0000
__Hbank27                        bank27       0000
__Hbank28                        bank28       0000
__Hbank29                        bank29       0000
__Hbank3                         bank3        0000
__Hbank30                        bank30       0000
__Hbank31                        bank31       0000
__Hbank4                         bank4        0000
__Hbank5                         bank5        0000
__Hbank6                         bank6        0000
__Hbank7                         bank7        0000
__Hbank8                         bank8        0000
__Hbank9                         bank9        0000
__Hbigram                        bigram       0000
__HbssBANK0                      bssBANK0     0000
__Hcinit                         cinit        0800
__Hclrtext                       clrtext      0000
__Hcode                          code         0000
__Hcommon                        common       0000
__Hconfig                        config       0000
__HcstackBANK0                   cstackBANK0  0000
__HcstackCOMMON                  cstackCOMMON 0000
__Heeprom_data                   eeprom_data  0000
__Hend_init                      end_init     0004
__Hfunctab                       functab      0000
__Hidloc                         idloc        0000
__Hinit                          init         0002
__Hintentry                      intentry     0002
__Hmaintext                      maintext     0000
__Hpowerup                       powerup      0000
__Hram                           ram          0000
__Hreset_vec                     reset_vec    0002
__Hsfr0                          sfr0         0000
__Hsfr1                          sfr1         0000
__Hsfr10                         sfr10        0000
__Hsfr11                         sfr11        0000
__Hsfr12                         sfr12        0000
__Hsfr13                         sfr13        0000
__Hsfr14                         sfr14        0000
__Hsfr15                         sfr15        0000
__Hsfr16                         sfr16        0000
__Hsfr17                         sfr17        0000
__Hsfr18                         sfr18        0000
__Hsfr19                         sfr19        0000
__Hsfr2                          sfr2         0000
__Hsfr20                         sfr20        0000
__Hsfr21                         sfr21        0000
__Hsfr22                         sfr22        0000
__Hsfr23                         sfr23        0000
__Hsfr24                         sfr24        0000
__Hsfr25                         sfr25        0000
__Hsfr26                         sfr26        0000
__Hsfr27                         sfr27        0000
__Hsfr28                         sfr28        0000
__Hsfr29                         sfr29        0000
__Hsfr3                          sfr3         0000
__Hsfr30                         sfr30        0000
__Hsfr31                         sfr31        0000
__Hsfr4                          sfr4         0000
__Hsfr5                          sfr5         0000
__Hsfr6                          sfr6         0000
__Hsfr7                          sfr7         0000
__Hsfr8                          sfr8         0000
__Hsfr9                          sfr9         0000
__Hspace_0                       (abs)        0800
__Hspace_1                       (abs)        007E
__Hspace_2                       (abs)        0000
__Hspace_3                       (abs)        0000
__Hstack                         stack        0000
__Hstrings                       strings      0000
__Htext                          text         0000
__Labs1                          abs1         0000
__Lbank0                         bank0        0000
__Lbank1                         bank1        0000
__Lbank10                        bank10       0000
__Lbank11                        bank11       0000
__Lbank12                        bank12       0000
__Lbank13                        bank13       0000
__Lbank14                        bank14       0000
__Lbank15                        bank15       0000
__Lbank16                        bank16       0000
__Lbank17                        bank17       0000
__Lbank18                        bank18       0000
__Lbank19                        bank19       0000
__Lbank2                         bank2        0000
__Lbank20                        bank20       0000
__Lbank21                        bank21       0000
__Lbank22                        bank22       0000
__Lbank23                        bank23       0000
__Lbank24                        bank24       0000
__Lbank25                        bank25       0000
__Lbank26                        bank26       0000
__Lbank27                        bank27       0000
__Lbank28                        bank28       0000
__Lbank29                        bank29       0000
__Lbank3                         bank3        0000
__Lbank30                        bank30       0000
__Lbank31                        bank31       0000
__Lbank4                         bank4        0000
__Lbank5                         bank5        0000
__Lbank6                         bank6        0000
__Lbank7                         bank7        0000
__Lbank8                         bank8        0000
__Lbank9                         bank9        0000
__Lbigram                        bigram       0000
__LbssBANK0                      bssBANK0     0000
__Lcinit                         cinit        07F2
__Lclrtext                       clrtext      0000
__Lcode                          code         0000
__Lcommon                        common       0000
__Lconfig                        config       0000
__LcstackBANK0                   cstackBANK0  0000
__LcstackCOMMON                  cstackCOMMON 0000
__Leeprom_data                   eeprom_data  0000
__Lend_init                      end_init     0002
__Lfunctab                       functab      0000
__Lidloc                         idloc        0000
__Linit                          init         0002
__Lintentry                      intentry     0002
__Lmaintext                      maintext     0000
__Lpowerup                       powerup      0000
__Lram                           ram          0000
__Lreset_vec                     reset_vec    0000
__Lsfr0                          sfr0         0000
__Lsfr1                          sfr1         0000
__Lsfr10                         sfr10        0000
__Lsfr11                         sfr11        0000
__Lsfr12                         sfr12        0000
__Lsfr13                         sfr13        0000
__Lsfr14                         sfr14        0000
__Lsfr15                         sfr15        0000
__Lsfr16                         sfr16        0000
__Lsfr17                         sfr17        0000
__Lsfr18                         sfr18        0000
__Lsfr19                         sfr19        0000
__Lsfr2                          sfr2         0000
__Lsfr20                         sfr20        0000
__Lsfr21                         sfr21        0000
__Lsfr22                         sfr22        0000
__Lsfr23                         sfr23        0000
__Lsfr24                         sfr24        0000
__Lsfr25                         sfr25        0000
__Lsfr26                         sfr26        0000
__Lsfr27                         sfr27        0000
__Lsfr28                         sfr28        0000
__Lsfr29                         sfr29        0000
__Lsfr3                          sfr3         0000
__Lsfr30                         sfr30        0000
__Lsfr31                         sfr31        0000
__Lsfr4                          sfr4         0000
__Lsfr5                          sfr5         0000
__Lsfr6                          sfr6         0000
__Lsfr7                          sfr7         0000
__Lsfr8                          sfr8         0000
__Lsfr9                          sfr9         0000
__Lspace_0                       (abs)        0000
__Lspace_1                       (abs)        0000
__Lspace_2                       (abs)        0000
__Lspace_3                       (abs)        0000
__Lstack                         stack        0000
__Lstrings                       strings      0000
__Ltext                          text         0000
__S0                             (abs)        0800
__S1                             (abs)        007E
__S2                             (abs)        0000
__S3                             (abs)        0000
___int_sp                        stack        0000
___latbits                       (abs)        0001
___sp                            stack        0000
__end_of_DELAY                   text10       064A
__end_of_DELAY100                text11       0677
__end_of_EEPROM24C32_write_byte  text5        0627
__end_of_Generic_write_byte      text6        06DA
__end_of_SoftwareI2C_ACK         text4        0693
__end_of_SoftwareI2C_NACK        text3        06AF
__end_of_SoftwareI2C_initialize  text2        061B
__end_of_SoftwareI2C_read_byte   text1        0712
__end_of_SoftwareI2C_send_byte   text9        07F2
__end_of_SoftwareI2C_start       text8        0636
__end_of_SoftwareI2C_stop        text7        065F
__end_of__initialization         cinit        07FD
__end_of_main                    maintext     077F
__initialization                 cinit        07F2
__pbssBANK0                      bssBANK0     0020
__pcstackBANK0                   cstackBANK0  002B
__pcstackCOMMON                  cstackCOMMON 0070
__pmaintext                      maintext     0712
__ptext1                         text1        06DA
__ptext10                        text10       0636
__ptext11                        text11       065F
__ptext2                         text2        0612
__ptext3                         text3        0693
__ptext4                         text4        0677
__ptext5                         text5        061B
__ptext6                         text6        06AF
__ptext7                         text7        064A
__ptext8                         text8        0627
__ptext9                         text9        077F
__size_of_DELAY                  (abs)        0000
__size_of_DELAY100               (abs)        0000
__size_of_EEPROM24C32_write_byte (abs)        0000
__size_of_Generic_write_byte     (abs)        0000
__size_of_SoftwareI2C_ACK        (abs)        0000
__size_of_SoftwareI2C_NACK       (abs)        0000
__size_of_SoftwareI2C_initialize (abs)        0000
__size_of_SoftwareI2C_read_byte  (abs)        0000
__size_of_SoftwareI2C_send_byte  (abs)        0000
__size_of_SoftwareI2C_start      (abs)        0000
__size_of_SoftwareI2C_stop       (abs)        0000
__size_of_main                   (abs)        0000
_dakika                          bssBANK0     0026
_main                            maintext     0712
_saniye                          bssBANK0     0028
btemp                            (abs)        007E
end_of_initialization            cinit        07FD
intlevel0                        functab      0000
intlevel1                        functab      0000
intlevel2                        functab      0000
intlevel3                        functab      0000
intlevel4                        functab      0000
intlevel5                        functab      0000
ltemp                            (abs)        007E
ltemp0                           (abs)        007E
ltemp1                           (abs)        0082
ltemp2                           (abs)        0086
ltemp3                           (abs)        0080
main@k                           cstackBANK0  002B
reset_vec                        reset_vec    0000
stackhi                          (abs)        20EF
stacklo                          (abs)        200D
start                            init         0002
start_initialization             cinit        07F2
ttemp                            (abs)        007E
ttemp0                           (abs)        007E
ttemp1                           (abs)        0081
ttemp2                           (abs)        0084
ttemp3                           (abs)        0087
ttemp4                           (abs)        007F
wtemp                            (abs)        007E
wtemp0                           (abs)        007E
wtemp1                           (abs)        0080
wtemp2                           (abs)        0082
wtemp3                           (abs)        0084
wtemp4                           (abs)        0086
wtemp5                           (abs)        0088
wtemp6                           (abs)        007F


FUNCTION INFORMATION:

 *************** function _main *****************
 Defined at:
		line 30 in file "SoftwareI2CTest.c"
 Parameters:    Size  Location     Type
		None
 Auto vars:     Size  Location     Type
  k               2    0[BANK0 ] int 
 Return value:  Size  Location     Type
                  1    wreg      void 
 Registers used:
		wreg, status,2, status,0, pclath, cstack
 Tracked objects:
		On entry : 
		On exit  : 
		Unchanged: 
 Data sizes:     COMMON   BANK0   BANK1   BANK2
      Params:         0       0       0       0
      Locals:         0       2       0       0
      Temps:          1       0       0       0
      Totals:         1       2       0       0
Total ram usage:        3 bytes
 Hardware stack levels required when called:    3
 This function calls:
		_DELAY
		_DELAY100
		_EEPROM24C32_write_byte
		_SoftwareI2C_ACK
		_SoftwareI2C_NACK
		_SoftwareI2C_initialize
		_SoftwareI2C_read_byte
		_SoftwareI2C_send_byte
		_SoftwareI2C_start
		_SoftwareI2C_stop
 This function is called by:
		Startup code after reset
 This function uses a non-reentrant model


 *************** function _SoftwareI2C_read_byte *****************
 Defined at:
		line 96 in file "SoftwareI2C.h"
 Parameters:    Size  Location     Type
		None
 Auto vars:     Size  Location     Type
  i               1    3[COMMON] char 
  data            1    2[COMMON] unsigned char 
 Return value:  Size  Location     Type
                  1    wreg      unsigned char 
 Registers used:
		wreg, status,2, status,0
 Tracked objects:
		On entry : 
		On exit  : 
		Unchanged: 
 Data sizes:     COMMON   BANK0   BANK1   BANK2
      Params:         0       0       0       0
      Locals:         2       0       0       0
      Temps:          2       0       0       0
      Totals:         4       0       0       0
Total ram usage:        4 bytes
 Hardware stack levels used:    1
 This function calls:
		Nothing
 This function is called by:
		_main
		_Generic_read_byte
 This function uses a non-reentrant model


 *************** function _SoftwareI2C_initialize *****************
 Defined at:
		line 191 in file "SoftwareI2C.h"
 Parameters:    Size  Location     Type
		None
 Auto vars:     Size  Location     Type
		None
 Return value:  Size  Location     Type
                  1    wreg      void 
 Registers used:
		None
 Tracked objects:
		On entry : 
		On exit  : 
		Unchanged: 
 Data sizes:     COMMON   BANK0   BANK1   BANK2
      Params:         0       0       0       0
      Locals:         0       0       0       0
      Temps:          0       0       0       0
      Totals:         0       0       0       0
Total ram usage:        0 bytes
 Hardware stack levels used:    1
 This function calls:
		Nothing
 This function is called by:
		_main
 This function uses a non-reentrant model


 *************** function _SoftwareI2C_NACK *****************
 Defined at:
		line 137 in file "SoftwareI2C.h"
 Parameters:    Size  Location     Type
		None
 Auto vars:     Size  Location     Type
		None
 Return value:  Size  Location     Type
                  1    wreg      void 
 Registers used:
		wreg
 Tracked objects:
		On entry : 
		On exit  : 
		Unchanged: 
 Data sizes:     COMMON   BANK0   BANK1   BANK2
      Params:         0       0       0       0
      Locals:         0       0       0       0
      Temps:          1       0       0       0
      Totals:         1       0       0       0
Total ram usage:        1 bytes
 Hardware stack levels used:    1
 This function calls:
		Nothing
 This function is called by:
		_main
		_Generic_read_byte
 This function uses a non-reentrant model


 *************** function _SoftwareI2C_ACK *****************
 Defined at:
		line 120 in file "SoftwareI2C.h"
 Parameters:    Size  Location     Type
		None
 Auto vars:     Size  Location     Type
		None
 Return value:  Size  Location     Type
                  1    wreg      void 
 Registers used:
		wreg
 Tracked objects:
		On entry : 
		On exit  : 
		Unchanged: 
 Data sizes:     COMMON   BANK0   BANK1   BANK2
      Params:         0       0       0       0
      Locals:         0       0       0       0
      Temps:          1       0       0       0
      Totals:         1       0       0       0
Total ram usage:        1 bytes
 Hardware stack levels used:    1
 This function calls:
		Nothing
 This function is called by:
		_main
 This function uses a non-reentrant model


 *************** function _EEPROM24C32_write_byte *****************
 Defined at:
		line 55 in file "EEPROM24C32.h"
 Parameters:    Size  Location     Type
  address         2    9[COMMON] unsigned int 
  data            1   11[COMMON] unsigned char 
 Auto vars:     Size  Location     Type
		None
 Return value:  Size  Location     Type
                  1    wreg      void 
 Registers used:
		wreg, status,2, status,0, pclath, cstack
 Tracked objects:
		On entry : 
		On exit  : 
		Unchanged: 
 Data sizes:     COMMON   BANK0   BANK1   BANK2
      Params:         3       0       0       0
      Locals:         0       0       0       0
      Temps:          1       0       0       0
      Totals:         4       0       0       0
Total ram usage:        4 bytes
 Hardware stack levels used:    1
 Hardware stack levels required when called:    2
 This function calls:
		_Generic_write_byte
 This function is called by:
		_main
 This function uses a non-reentrant model


 *************** function _Generic_write_byte *****************
 Defined at:
		line 18 in file "EEPROM24C32.h"
 Parameters:    Size  Location     Type
  dev_id          1    wreg     unsigned char 
  address         2    4[COMMON] unsigned int 
  data            1    6[COMMON] unsigned char 
 Auto vars:     Size  Location     Type
  dev_id          1    8[COMMON] unsigned char 
 Return value:  Size  Location     Type
                  1    wreg      void 
 Registers used:
		wreg, status,2, status,0, pclath, cstack
 Tracked objects:
		On entry : 
		On exit  : 
		Unchanged: 
 Data sizes:     COMMON   BANK0   BANK1   BANK2
      Params:         3       0       0       0
      Locals:         1       0       0       0
      Temps:          1       0       0       0
      Totals:         5       0       0       0
Total ram usage:        5 bytes
 Hardware stack levels used:    1
 Hardware stack levels required when called:    1
 This function calls:
		_DELAY
		_SoftwareI2C_send_byte
		_SoftwareI2C_start
		_SoftwareI2C_stop
 This function is called by:
		_EEPROM24C32_write_byte
 This function uses a non-reentrant model


 *************** function _SoftwareI2C_stop *****************
 Defined at:
		line 155 in file "SoftwareI2C.h"
 Parameters:    Size  Location     Type
		None
 Auto vars:     Size  Location     Type
		None
 Return value:  Size  Location     Type
                  1    wreg      void 
 Registers used:
		wreg
 Tracked objects:
		On entry : 
		On exit  : 
		Unchanged: 
 Data sizes:     COMMON   BANK0   BANK1   BANK2
      Params:         0       0       0       0
      Locals:         0       0       0       0
      Temps:          2       0       0       0
      Totals:         2       0       0       0
Total ram usage:        2 bytes
 Hardware stack levels used:    1
 This function calls:
		Nothing
 This function is called by:
		_Generic_write_byte
		_main
		_Generic_read_byte
 This function uses a non-reentrant model


 *************** function _SoftwareI2C_start *****************
 Defined at:
		line 172 in file "SoftwareI2C.h"
 Parameters:    Size  Location     Type
		None
 Auto vars:     Size  Location     Type
		None
 Return value:  Size  Location     Type
                  1    wreg      void 
 Registers used:
		wreg
 Tracked objects:
		On entry : 
		On exit  : 
		Unchanged: 
 Data sizes:     COMMON   BANK0   BANK1   BANK2
      Params:         0       0       0       0
      Locals:         0       0       0       0
      Temps:          1       0       0       0
      Totals:         1       0       0       0
Total ram usage:        1 bytes
 Hardware stack levels used:    1
 This function calls:
		Nothing
 This function is called by:
		_Generic_write_byte
		_main
		_Generic_read_byte
 This function uses a non-reentrant model


 *************** function _SoftwareI2C_send_byte *****************
 Defined at:
		line 23 in file "SoftwareI2C.h"
 Parameters:    Size  Location     Type
  data            1    wreg     unsigned char 
  ACK_STAT        1    0[COMMON] unsigned char 
 Auto vars:     Size  Location     Type
  data            1    2[COMMON] unsigned char 
  i               1    3[COMMON] char 
 Return value:  Size  Location     Type
                  1    wreg      void 
 Registers used:
		wreg, status,2, status,0
 Tracked objects:
		On entry : 
		On exit  : 
		Unchanged: 
 Data sizes:     COMMON   BANK0   BANK1   BANK2
      Params:         1       0       0       0
      Locals:         2       0       0       0
      Temps:          1       0       0       0
      Totals:         4       0       0       0
Total ram usage:        4 bytes
 Hardware stack levels used:    1
 This function calls:
		Nothing
 This function is called by:
		_Generic_write_byte
		_main
		_Generic_read_byte
 This function uses a non-reentrant model


 *************** function _DELAY *****************
 Defined at:
		line 15 in file "SoftwareI2CTest.c"
 Parameters:    Size  Location     Type
  number          1    wreg     unsigned char 
 Auto vars:     Size  Location     Type
  number          1    2[COMMON] unsigned char 
  k               1    3[COMMON] unsigned char 
 Return value:  Size  Location     Type
                  1    wreg      void 
 Registers used:
		wreg, status,2, status,0
 Tracked objects:
		On entry : 
		On exit  : 
		Unchanged: 
 Data sizes:     COMMON   BANK0   BANK1   BANK2
      Params:         0       0       0       0
      Locals:         2       0       0       0
      Temps:          2       0       0       0
      Totals:         4       0       0       0
Total ram usage:        4 bytes
 Hardware stack levels used:    1
 This function calls:
		Nothing
 This function is called by:
		_Generic_write_byte
		_main
		_Generic_read_byte
 This function uses a non-reentrant model


 *************** function _DELAY100 *****************
 Defined at:
		line 20 in file "SoftwareI2CTest.c"
 Parameters:    Size  Location     Type
  number          1    wreg     unsigned char 
 Auto vars:     Size  Location     Type
  number          1    3[COMMON] unsigned char 
  k               1    4[COMMON] unsigned char 
 Return value:  Size  Location     Type
                  1    wreg      void 
 Registers used:
		wreg, status,2, status,0
 Tracked objects:
		On entry : 
		On exit  : 
		Unchanged: 
 Data sizes:     COMMON   BANK0   BANK1   BANK2
      Params:         0       0       0       0
      Locals:         2       0       0       0
      Temps:          3       0       0       0
      Totals:         5       0       0       0
Total ram usage:        5 bytes
 Hardware stack levels used:    1
 This function calls:
		Nothing
 This function is called by:
		_main
 This function uses a non-reentrant model



MODULE INFORMATION

Module		Function		Class		Link	Load	Size
EEPROM24C32.h
		_Generic_write_byte		CODE           	06AF	0000	44
		_EEPROM24C32_write_byte		CODE           	061B	0000	13

EEPROM24C32.h estimated size: 57

SoftwareI2C.h
		_SoftwareI2C_stop		CODE           	064A	0000	22
		_SoftwareI2C_ACK		CODE           	0677	0000	29
		_SoftwareI2C_start		CODE           	0627	0000	16
		_SoftwareI2C_read_byte		CODE           	06DA	0000	57
		_SoftwareI2C_NACK		CODE           	0693	0000	29
		_SoftwareI2C_send_byte		CODE           	077F	0000	116
		_SoftwareI2C_initialize		CODE           	0612	0000	10

SoftwareI2C.h estimated size: 279

SoftwareI2CTest.c
		_main          		CODE           	0712	0000	110
		_DELAY100      		CODE           	065F	0000	25
		_DELAY         		CODE           	0636	0000	21

SoftwareI2CTest.c estimated size: 156

shared
		__initialization		CODE           	07F2	0000	12

shared estimated size: 12

