Microchip MPLAB XC8 Compiler V1.37 ()

Linker command line:

--edf=C:\Program Files (x86)\Microchip\xc8\v1.37\dat\en_msgs.txt -cs \
  -h+dist/default/production\F66K80.X.production.sym \
  --cmf=dist/default/production\F66K80.X.production.cmf -z -Q18F66K80 \
  -oC:\Users\Saim\AppData\Local\Temp\s5lc.2 \
  -Mdist/default/production/F66K80.X.production.map -E1 -ver=XC8 \
  -ASTACK=02B0h-0e40h -pstack=STACK -ACODE=00h-0FFFFh -ACONST=00h-0FFFFh \
  -ASMALLCONST=0F00h-0FFFhx241 -AMEDIUMCONST=0F00h-0FFFFh -ACOMRAM=01h-05Fh \
  -AABS1=00h-0E40h -ABIGRAM=01h-0E40h \
  -ARAM=060h-0FFh,0100h-01FFhx13,0E00h-0E40h -ABANK0=060h-0FFh \
  -ABANK1=0100h-01FFh -ABANK2=0200h-02FFh -ABANK3=0300h-03FFh \
  -ABANK4=0400h-04FFh -ABANK5=0500h-05FFh -ABANK6=0600h-06FFh \
  -ABANK7=0700h-07FFh -ABANK8=0800h-08FFh -ABANK9=0900h-09FFh \
  -ABANK10=0A00h-0AFFh -ABANK11=0B00h-0BFFh -ABANK12=0C00h-0CFFh \
  -ABANK13=0D00h-0DFFh -ABANK14=0E00h-0E40h \
  -ASFR=0E41h-0EFFh,0F00h-0F5Fh,0F60h-0FFFh \
  -preset_vec=00h,intcode,intcodelo,powerup,init,end_init -pramtop=0F00h \
  -psmallconst=SMALLCONST -pmediumconst=MEDIUMCONST -pconst=CONST \
  -AFARRAM=00h-00h -ACONFIG=0300000h-030000Dh -pconfig=CONFIG \
  -AIDLOC=0200000h-0200007h -pidloc=IDLOC -AEEDATA=0F00000h-0F003FFh \
  -peeprom_data=EEDATA \
  -prdata=COMRAM,nvrram=COMRAM,nvbit=COMRAM,rbss=COMRAM,rbit=COMRAM \
  -pfarbss=FARRAM,fardata=FARRAM,nvFARRAM=FARRAM \
  -pintsave_regs=BIGRAM,bigbss=BIGRAM,bigdata=BIGRAM -pbss=RAM \
  -pidata=CODE,irdata=CODE,ibigdata=CODE,ifardata=CODE -prparam=COMRAM \
  C:\Users\Saim\AppData\Local\Temp\s5lc.obj \
  dist/default/production\F66K80.X.production.obj 

Object code version is 3.11

Machine type is 18F66K80

Call graph: (short form)




                Name                               Link     Load   Length Selector   Space Scale
C:\Users\Saim\AppData\Local\Temp\s5lc.obj
                end_init                              0        0        4        0       0
                config                           300000   300000        E   300000       0
dist/default/production\F66K80.X.production.obj
                smallconst                          F00      F00       1A      780       0
                text34                             1896     1896       4E      78D       0
                text33                             1794     1794       5C      78D       0
                text32                             149C     149C       CC      78D       0
                text31                             1CEC     1CEC       18      78D       0
                text30                             1BC4     1BC4       26      78D       0
                text29                             1D1A     1D1A        A      78D       0
                text28                             1D10     1D10        A      78D       0
                text27                             1BEA     1BEA       24      78D       0
                text26                             1B9E     1B9E       26      78D       0
                text25                             17F0     17F0       54      78D       0
                text24                             18E4     18E4       4A      78D       0
                text23                             138C     138C      110      78D       0
                text22                             1AD2     1AD2       40      78D       0
                text21                             1B46     1B46       2E      78D       0
                text20                             1568     1568       A6      78D       0
                text19                             1A06     1A06       48      78D       0
                text18                             1C96     1C96       22      78D       0
                text17                             19BE     19BE       48      78D       0
                text16                             1C74     1C74       22      78D       0
                text15                             1976     1976       48      78D       0
                text14                             1C52     1C52       22      78D       0
                text13                             1C30     1C30       22      78D       0
                text12                             192E     192E       48      78D       0
                text11                             1D04     1D04        C      78D       0
                text10                             1CD2     1CD2       1A      78D       0
                text9                              1CB8     1CB8       1A      78D       0
                text8                              1844     1844       52      78D       0
                text7                              1A90     1A90       42      78D       0
                text6                              160E     160E       A4      78D       0
                text5                              1A4E     1A4E       42      78D       0
                text4                              1B12     1B12       34      78D       0
                text3                              16B2     16B2       84      78D       0
                text2                              1B74     1B74       2A      78D       0
                text1                              1C0E     1C0E       22      78D       0
                text0                               F1A      F1A      272      78D       0
                cstackCOMRAM                         3B       3B       22        1       1
                dataBIGRAM                           B0       B0      200       B0       1
                bssBANK0                             60       60       50       60       1
                dataCOMRAM                           5D       5D        2        1       1
                bssCOMRAM                             1        1       3A        1       1
                cinit                              1736     1736       5E      78D       0
                idataBIGRAM                        118C     118C      200      78D       0
                idataCOMRAM                        1D24     1D24        2      78D       0

TOTAL           Name                               Link     Load   Length     Space
        CLASS   STACK          

        CLASS   CODE           
                end_init                              0        0        4         0
                text34                             1896     1896       4E         0
                text33                             1794     1794       5C         0
                text32                             149C     149C       CC         0
                text31                             1CEC     1CEC       18         0
                text30                             1BC4     1BC4       26         0
                text29                             1D1A     1D1A        A         0
                text28                             1D10     1D10        A         0
                text27                             1BEA     1BEA       24         0
                text26                             1B9E     1B9E       26         0
                text25                             17F0     17F0       54         0
                text24                             18E4     18E4       4A         0
                text23                             138C     138C      110         0
                text22                             1AD2     1AD2       40         0
                text21                             1B46     1B46       2E         0
                text20                             1568     1568       A6         0
                text19                             1A06     1A06       48         0
                text18                             1C96     1C96       22         0
                text17                             19BE     19BE       48         0
                text16                             1C74     1C74       22         0
                text15                             1976     1976       48         0
                text14                             1C52     1C52       22         0
                text13                             1C30     1C30       22         0
                text12                             192E     192E       48         0
                text11                             1D04     1D04        C         0
                text10                             1CD2     1CD2       1A         0
                text9                              1CB8     1CB8       1A         0
                text8                              1844     1844       52         0
                text7                              1A90     1A90       42         0
                text6                              160E     160E       A4         0
                text5                              1A4E     1A4E       42         0
                text4                              1B12     1B12       34         0
                text3                              16B2     16B2       84         0
                text2                              1B74     1B74       2A         0
                text1                              1C0E     1C0E       22         0
                text0                               F1A      F1A      272         0
                cinit                              1736     1736       5E         0
                idataBIGRAM                        118C     118C      200         0
                idataCOMRAM                        1D24     1D24        2         0

        CLASS   CONST          

        CLASS   SMALLCONST     
                smallconst                          F00      F00       1A         0

        CLASS   MEDIUMCONST    

        CLASS   COMRAM         
                cstackCOMRAM                         3B       3B       22         1
                dataCOMRAM                           5D       5D        2         1
                bssCOMRAM                             1        1       3A         1

        CLASS   ABS1           

        CLASS   BIGRAM         
                dataBIGRAM                           B0       B0      200         1

        CLASS   RAM            

        CLASS   BANK0          
                bssBANK0                             60       60       50         1

        CLASS   BANK1          

        CLASS   BANK2          

        CLASS   BANK3          

        CLASS   BANK4          

        CLASS   BANK5          

        CLASS   BANK6          

        CLASS   BANK7          

        CLASS   BANK8          

        CLASS   BANK9          

        CLASS   BANK10         

        CLASS   BANK11         

        CLASS   BANK12         

        CLASS   BANK13         

        CLASS   BANK14         

        CLASS   SFR            

        CLASS   FARRAM         

        CLASS   CONFIG         
                config                           300000   300000        E         0

        CLASS   IDLOC          

        CLASS   EEDATA         



SEGMENTS        Name                           Load    Length   Top    Selector   Space  Class

                reset_vec                      000000  000004  000004         0       0  CODE    
                bssCOMRAM                      000001  00005E  00005F         1       1  COMRAM  
                bssBANK0                       000060  000050  0000B0        60       1  BANK0   
                dataBIGRAM                     0000B0  000200  0002B0        B0       1  BIGRAM  
                smallconst                     000F00  00001A  000F1A       780       0  SMALLCON
                text0                          000F1A  000E0C  001D26       78D       0  CODE    
                config                         300000  00000E  30000E    300000       0  CONFIG  


UNUSED ADDRESS RANGES

        Name                Unused          Largest block    Delta
        BANK10           000A00-000AFF              100
        BANK11           000B00-000BFF              100
        BANK12           000C00-000CFF              100
        BANK13           000D00-000DFF              100
        BANK14           000E00-000E40               41
        BANK2            0002B0-0002FF               50
        BANK3            000300-0003FF              100
        BANK4            000400-0004FF              100
        BANK5            000500-0005FF              100
        BANK6            000600-0006FF              100
        BANK7            000700-0007FF              100
        BANK8            000800-0008FF              100
        BANK9            000900-0009FF              100
        BIGRAM           00005F-00005F                1
                         0002B0-000E40              B91
        CODE             000004-000EFF              EFC
                         001D26-00FFFF             E2DA
        COMRAM           00005F-00005F                1
        CONST            000004-000EFF              EFC
                         001D26-00FFFF             E2DA
        EEDATA           F00000-F003FF              400
        IDLOC            200000-200007                8
        MEDIUMCONST      001D26-00FFFF             E2DA
        RAM              0002B0-000E40              100
        SFR              000E41-000FFF               BF
        SMALLCONST       001D26-00FFFF              100
        STACK            0002B0-000E40              B91

                                  Symbol Table

?_ADC_read                       cstackCOMRAM 00003B
?___lwdiv                        cstackCOMRAM 00003B
?___lwmod                        cstackCOMRAM 00003B
ADC_read@channel_number          cstackCOMRAM 000041
ADC_read@val                     cstackCOMRAM 00003F
DHT11_get_data@a                 cstackCOMRAM 00003D
DHT11_get_data@bit_index         cstackCOMRAM 00003F
DHT11_get_data@byte_index        cstackCOMRAM 00003E
EEPROM_read_byte@address         cstackCOMRAM 00003B
EEPROM_write_byte@address        cstackCOMRAM 00003B
EEPROM_write_byte@value          cstackCOMRAM 00003D
I2C_data_send@data               cstackCOMRAM 00003B
PWM2_set_value@value             cstackCOMRAM 00003B
PWM3_set_value@value             cstackCOMRAM 00003B
PWM4_set_value@value             cstackCOMRAM 00003B
PWM5_set_value@value             cstackCOMRAM 00003B
UART1_byte_send@data             cstackCOMRAM 00003B
_ACKDT                           (abs)        007E2D
_ACKEN                           (abs)        007E2C
_ACQT0                           (abs)        007E03
_ACQT1                           (abs)        007E04
_ACQT2                           (abs)        007E05
_ADCON0                          (abs)        000FC2
_ADCS0                           (abs)        007E00
_ADCS1                           (abs)        007E01
_ADCS2                           (abs)        007E02
_ADC_init                        text34       001896
_ADC_read                        text33       001794
_ADFM                            (abs)        007E07
_ADIF                            (abs)        007CF6
_ADON                            (abs)        007E10
_ADRESH                          (abs)        000FC4
_ADRESL                          (abs)        000FC3
_ANCON0                          (abs)        000F5D
_ANCON1                          (abs)        000F5C
_ANSEL0                          (abs)        007AE8
_ANSEL1                          (abs)        007AE9
_BAUDCON1bits                    (abs)        000FA7
_BAUDCON2bits                    (abs)        000FB9
_BF                              (abs)        007E38
_C2TSEL                          (abs)        007CC9
_C3TSEL                          (abs)        007CCA
_C4TSEL                          (abs)        007CCB
_C5TSEL                          (abs)        007CCC
_CARD_VERSION                    bssCOMRAM    000023
_CCP2M2                          (abs)        007A82
_CCP2M3                          (abs)        007A83
_CCP3M2                          (abs)        007A6A
_CCP3M3                          (abs)        007A6B
_CCP4M2                          (abs)        007A52
_CCP4M3                          (abs)        007A53
_CCP5M2                          (abs)        007A3A
_CCP5M3                          (abs)        007A3B
_CCPR2L                          (abs)        000F51
_CCPR3L                          (abs)        000F4E
_CCPR4L                          (abs)        000F4B
_CCPR5L                          (abs)        000F48
_CFGS                            (abs)        007BFE
_CHS0                            (abs)        007E12
_CHS1                            (abs)        007E13
_CHS2                            (abs)        007E14
_CHS3                            (abs)        007E15
_CHS4                            (abs)        007E16
_CKE                             (abs)        007E3E
_CKP                             (abs)        007E34
_CURRENT_MESSAGE                 bssCOMRAM    000024
_DC2B0                           (abs)        007A84
_DC2B1                           (abs)        007A85
_DC3B0                           (abs)        007A6C
_DC3B1                           (abs)        007A6D
_DC4B0                           (abs)        007A54
_DC4B1                           (abs)        007A55
_DC5B0                           (abs)        007A3C
_DC5B1                           (abs)        007A3D
_DHT11_get_data                  text32       00149C
_EEADR                           (abs)        000F74
_EEADRH                          (abs)        000F75
_EECON2                          (abs)        000F7E
_EEDATA                          (abs)        000F73
_EEIF                            (abs)        007DBE
_EEPGD                           (abs)        007BFF
_EEPROM_read_byte                text31       001CEC
_EEPROM_write_byte               text30       001BC4
_GODONE                          (abs)        007E11
_I2C_Start                       text29       001D1A
_I2C_Stop                        text28       001D10
_I2C_data_send                   text27       001BEA
_I2C_initialize                  text26       001B9E
_INTSRC                          (abs)        007CDF
_IRCF0                           (abs)        007E9C
_IRCF1                           (abs)        007E9D
_IRCF2                           (abs)        007E9E
_LCD_init                        text20       001568
_MFIOSEL                         (abs)        007E90
_PEN                             (abs)        007E2A
_PIR1bits                        (abs)        000F9E
_PIR3bits                        (abs)        000FA4
_PORTD                           (abs)        000F83
_PORTE                           (abs)        000F84
_PORTF                           (abs)        000F85
_PR2                             (abs)        000FCB
_PWM2_initialize                 text18       001C96
_PWM2_set_value                  text19       001A06
_PWM3_initialize                 text16       001C74
_PWM3_set_value                  text17       0019BE
_PWM4_initialize                 text14       001C52
_PWM4_set_value                  text15       001976
_PWM5_initialize                 text13       001C30
_PWM5_set_value                  text12       00192E
_RC1                             (abs)        007C11
_RCEN                            (abs)        007E2B
_RCREG1                          (abs)        000FAE
_RCREG2                          (abs)        000F7A
_RCSTA1bits                      (abs)        000FAB
_RCSTA2bits                      (abs)        000FA6
_RD                              (abs)        007BF8
_RD0                             (abs)        007C18
_RF1                             (abs)        007C29
_RF3                             (abs)        007C2B
_RF4                             (abs)        007C2C
_RF5                             (abs)        007C2D
_SCS0                            (abs)        007E98
_SCS1                            (abs)        007E99
_SD_RESP                         bssCOMRAM    000013
_SEN                             (abs)        007E28
_SHOWN_BYTES                     bssCOMRAM    000025
_SLRF                            (abs)        007C85
_SMP                             (abs)        007E3F
_SPBRG1                          (abs)        000FAF
_SPBRG2                          (abs)        000F7B
_SSPADD                          (abs)        000FC8
_SSPBUF                          (abs)        000FC9
_SSPEN                           (abs)        007E35
_SSPIF                           (abs)        007CF3
_SSPM0                           (abs)        007E30
_SSPM1                           (abs)        007E31
_SSPM2                           (abs)        007E32
_SSPM3                           (abs)        007E33
_T2CKPS0                         (abs)        007E50
_T2CKPS1                         (abs)        007E51
_TMR2ON                          (abs)        007E52
_TRISA0                          (abs)        007C90
_TRISA1                          (abs)        007C91
_TRISB5                          (abs)        007C9D
_TRISB6                          (abs)        007C9E
_TRISC1                          (abs)        007CA1
_TRISC2                          (abs)        007CA2
_TRISC3                          (abs)        007CA3
_TRISC4                          (abs)        007CA4
_TRISC5                          (abs)        007CA5
_TRISC6                          (abs)        007CA6
_TRISC7                          (abs)        007CA7
_TRISD                           (abs)        000F95
_TRISD0                          (abs)        007CA8
_TRISE                           (abs)        000F96
_TRISE6                          (abs)        007CB6
_TRISE7                          (abs)        007CB7
_TRISF1                          (abs)        007CB9
_TRISF3                          (abs)        007CBB
_TRISF4                          (abs)        007CBC
_TRISF5                          (abs)        007CBD
_TRISG0                          (abs)        007CC0
_TRISG3                          (abs)        007CC3
_TXREG1                          (abs)        000FAD
_TXREG2                          (abs)        000F79
_TXSTA1bits                      (abs)        000FAC
_TXSTA2bits                      (abs)        000FBA
_UART1_byte_send                 text11       001D04
_UART1_init                      text10       001CD2
_UART2_init                      text9        001CB8
_VCFG0                           (abs)        007E0C
_VCFG1                           (abs)        007E0D
_VNCFG                           (abs)        007E0B
_WR                              (abs)        007BF9
_WREN                            (abs)        007BFA
__CFG_BBSIZ$BB1K                 (abs)        000000
__CFG_BOREN$OFF                  (abs)        000000
__CFG_BORPWR$LOW                 (abs)        000000
__CFG_BORV$3                     (abs)        000000
__CFG_CP0$OFF                    (abs)        000000
__CFG_CP1$OFF                    (abs)        000000
__CFG_CP2$OFF                    (abs)        000000
__CFG_CP3$OFF                    (abs)        000000
__CFG_CPB$OFF                    (abs)        000000
__CFG_CPD$OFF                    (abs)        000000
__CFG_EBTR0$OFF                  (abs)        000000
__CFG_EBTR1$OFF                  (abs)        000000
__CFG_EBTR2$OFF                  (abs)        000000
__CFG_EBTR3$OFF                  (abs)        000000
__CFG_EBTRB$OFF                  (abs)        000000
__CFG_FOSC$INTIO2                (abs)        000000
__CFG_IESO$ON                    (abs)        000000
__CFG_INTOSCSEL$LOW              (abs)        000000
__CFG_MCLRE$OFF                  (abs)        000000
__CFG_PLLCFG$OFF                 (abs)        000000
__CFG_PWRTEN$OFF                 (abs)        000000
__CFG_RETEN$OFF                  (abs)        000000
__CFG_SOSCSEL$DIG                (abs)        000000
__CFG_STVREN$OFF                 (abs)        000000
__CFG_WDTEN$OFF                  (abs)        000000
__CFG_WDTPS$4                    (abs)        000000
__CFG_WRT0$OFF                   (abs)        000000
__CFG_WRT2$OFF                   (abs)        000000
__CFG_WRT3$OFF                   (abs)        000000
__CFG_WRTB$OFF                   (abs)        000000
__CFG_WRTC$OFF                   (abs)        000000
__CFG_WRTD$OFF                   (abs)        000000
__CFG_XINST$OFF                  (abs)        000000
__HRAM                           (abs)        000000
__Habs1                          abs1         000000
__Hbank0                         bank0        000000
__Hbank1                         bank1        000000
__Hbank10                        bank10       000000
__Hbank11                        bank11       000000
__Hbank12                        bank12       000000
__Hbank13                        bank13       000000
__Hbank14                        bank14       000000
__Hbank2                         bank2        000000
__Hbank3                         bank3        000000
__Hbank4                         bank4        000000
__Hbank5                         bank5        000000
__Hbank6                         bank6        000000
__Hbank7                         bank7        000000
__Hbank8                         bank8        000000
__Hbank9                         bank9        000000
__Hbigbss                        bigbss       000000
__Hbigdata                       bigdata      000000
__Hbigram                        bigram       000000
__Hbss                           bss          000000
__HbssBANK0                      bssBANK0     000000
__HbssCOMRAM                     bssCOMRAM    000000
__Hcinit                         cinit        000000
__Hclrtext                       clrtext      000000
__Hcomram                        comram       000000
__Hconfig                        config       30000E
__Hconst                         const        000000
__HcstackCOMRAM                  cstackCOMRAM 000000
__Hdata                          data         000000
__HdataBIGRAM                    dataBIGRAM   000000
__HdataCOMRAM                    dataCOMRAM   000000
__Heeprom_data                   eeprom_data  000000
__Hend_init                      end_init     000004
__Hfarbss                        farbss       000000
__Hfardata                       fardata      000000
__Hibigdata                      ibigdata     000000
__Hidata                         idata        000000
__HidataBIGRAM                   idataBIGRAM  000000
__HidataCOMRAM                   idataCOMRAM  000000
__Hidloc                         idloc        000000
__Hifardata                      ifardata     000000
__Hinit                          init         000000
__Hintcode                       intcode      000000
__Hintcode_body                  intcode_body 000000
__Hintcodelo                     intcodelo    000000
__Hintentry                      intentry     000000
__Hintret                        intret       000000
__Hintsave_regs                  intsave_regs 000000
__Hirdata                        irdata       000000
__Hmediumconst                   mediumconst  000000
__HnvFARRAM                      nvFARRAM     000000
__Hnvbit                         nvbit        000000
__Hnvrram                        nvrram       000000
__Hparam                         rparam       000000
__Hpowerup                       powerup      000000
__Hram                           ram          000000
__Hramtop                        ramtop       000F00
__Hrbit                          rbit         000000
__Hrbss                          rbss         000000
__Hrdata                         rdata        000000
__Hreset_vec                     reset_vec    000000
__Hrparam                        rparam       000000
__Hsfr                           sfr          000000
__Hsmallconst                    smallconst   000F1A
__Hspace_0                       (abs)        30000E
__Hspace_1                       (abs)        0002B0
__Hspace_2                       (abs)        000000
__Hstack                         stack        000000
__Hstruct                        struct       000000
__Htemp                          temp         000000
__Htext                          text         000000
__Htext0                         text0        000000
__Htext1                         text1        000000
__Htext10                        text10       000000
__Htext11                        text11       000000
__Htext12                        text12       000000
__Htext13                        text13       000000
__Htext14                        text14       000000
__Htext15                        text15       000000
__Htext16                        text16       000000
__Htext17                        text17       000000
__Htext18                        text18       000000
__Htext19                        text19       000000
__Htext2                         text2        000000
__Htext20                        text20       000000
__Htext21                        text21       000000
__Htext22                        text22       000000
__Htext23                        text23       000000
__Htext24                        text24       000000
__Htext25                        text25       000000
__Htext26                        text26       000000
__Htext27                        text27       000000
__Htext28                        text28       000000
__Htext29                        text29       000000
__Htext3                         text3        000000
__Htext30                        text30       000000
__Htext31                        text31       000000
__Htext32                        text32       000000
__Htext33                        text33       000000
__Htext34                        text34       000000
__Htext4                         text4        000000
__Htext5                         text5        000000
__Htext6                         text6        000000
__Htext7                         text7        000000
__Htext8                         text8        000000
__Htext9                         text9        000000
__LRAM                           (abs)        000001
__Labs1                          abs1         000000
__Lbank0                         bank0        000000
__Lbank1                         bank1        000000
__Lbank10                        bank10       000000
__Lbank11                        bank11       000000
__Lbank12                        bank12       000000
__Lbank13                        bank13       000000
__Lbank14                        bank14       000000
__Lbank2                         bank2        000000
__Lbank3                         bank3        000000
__Lbank4                         bank4        000000
__Lbank5                         bank5        000000
__Lbank6                         bank6        000000
__Lbank7                         bank7        000000
__Lbank8                         bank8        000000
__Lbank9                         bank9        000000
__Lbigbss                        bigbss       000000
__Lbigdata                       bigdata      000000
__Lbigram                        bigram       000000
__Lbss                           bss          000000
__LbssBANK0                      bssBANK0     000000
__LbssCOMRAM                     bssCOMRAM    000000
__Lcinit                         cinit        000000
__Lclrtext                       clrtext      000000
__Lcomram                        comram       000000
__Lconfig                        config       300000
__Lconst                         const        000000
__LcstackCOMRAM                  cstackCOMRAM 000000
__Ldata                          data         000000
__LdataBIGRAM                    dataBIGRAM   000000
__LdataCOMRAM                    dataCOMRAM   000000
__Leeprom_data                   eeprom_data  000000
__Lend_init                      end_init     000000
__Lfarbss                        farbss       000000
__Lfardata                       fardata      000000
__Libigdata                      ibigdata     000000
__Lidata                         idata        000000
__LidataBIGRAM                   idataBIGRAM  000000
__LidataCOMRAM                   idataCOMRAM  000000
__Lidloc                         idloc        000000
__Lifardata                      ifardata     000000
__Linit                          init         000000
__Lintcode                       intcode      000000
__Lintcode_body                  intcode_body 000000
__Lintcodelo                     intcodelo    000000
__Lintentry                      intentry     000000
__Lintret                        intret       000000
__Lintsave_regs                  intsave_regs 000000
__Lirdata                        irdata       000000
__Lmediumconst                   mediumconst  000000
__LnvFARRAM                      nvFARRAM     000000
__Lnvbit                         nvbit        000000
__Lnvrram                        nvrram       000000
__Lparam                         rparam       000000
__Lpowerup                       powerup      000000
__Lram                           ram          000000
__Lramtop                        ramtop       000F00
__Lrbit                          rbit         000000
__Lrbss                          rbss         000000
__Lrdata                         rdata        000000
__Lreset_vec                     reset_vec    000000
__Lrparam                        rparam       000000
__Lsfr                           sfr          000000
__Lsmallconst                    smallconst   000F00
__Lspace_0                       (abs)        000000
__Lspace_1                       (abs)        000000
__Lspace_2                       (abs)        000000
__Lstack                         stack        000000
__Lstruct                        struct       000000
__Ltemp                          temp         000000
__Ltext                          text         000000
__Ltext0                         text0        000000
__Ltext1                         text1        000000
__Ltext10                        text10       000000
__Ltext11                        text11       000000
__Ltext12                        text12       000000
__Ltext13                        text13       000000
__Ltext14                        text14       000000
__Ltext15                        text15       000000
__Ltext16                        text16       000000
__Ltext17                        text17       000000
__Ltext18                        text18       000000
__Ltext19                        text19       000000
__Ltext2                         text2        000000
__Ltext20                        text20       000000
__Ltext21                        text21       000000
__Ltext22                        text22       000000
__Ltext23                        text23       000000
__Ltext24                        text24       000000
__Ltext25                        text25       000000
__Ltext26                        text26       000000
__Ltext27                        text27       000000
__Ltext28                        text28       000000
__Ltext29                        text29       000000
__Ltext3                         text3        000000
__Ltext30                        text30       000000
__Ltext31                        text31       000000
__Ltext32                        text32       000000
__Ltext33                        text33       000000
__Ltext34                        text34       000000
__Ltext4                         text4        000000
__Ltext5                         text5        000000
__Ltext6                         text6        000000
__Ltext7                         text7        000000
__Ltext8                         text8        000000
__Ltext9                         text9        000000
__S0                             (abs)        30000E
__S1                             (abs)        0002B0
__S2                             (abs)        000000
___inthi_sp                      stack        000000
___intlo_sp                      stack        000000
___lwdiv                         text8        001844
___lwdiv@counter                 cstackCOMRAM 000041
___lwdiv@dividend                cstackCOMRAM 00003B
___lwdiv@divisor                 cstackCOMRAM 00003D
___lwdiv@quotient                cstackCOMRAM 00003F
___lwmod                         text7        001A90
___lwmod@counter                 cstackCOMRAM 00003F
___lwmod@dividend                cstackCOMRAM 00003B
___lwmod@divisor                 cstackCOMRAM 00003D
___param_bank                    (abs)        000010
___rparam_used                   (abs)        000001
___sp                            stack        000000
__accesstop                      (abs)        000060
__activetblptr                   (abs)        000002
__end_of_ADC_init                text34       0018E4
__end_of_ADC_read                text33       0017F0
__end_of_DHT11_get_data          text32       001568
__end_of_EEPROM_read_byte        text31       001D04
__end_of_EEPROM_write_byte       text30       001BEA
__end_of_I2C_Start               text29       001D24
__end_of_I2C_Stop                text28       001D1A
__end_of_I2C_data_send           text27       001C0E
__end_of_I2C_initialize          text26       001BC4
__end_of_LCD_init                text20       00160E
__end_of_PWM2_initialize         text18       001CB8
__end_of_PWM2_set_value          text19       001A4E
__end_of_PWM3_initialize         text16       001C96
__end_of_PWM3_set_value          text17       001A06
__end_of_PWM4_initialize         text14       001C74
__end_of_PWM4_set_value          text15       0019BE
__end_of_PWM5_initialize         text13       001C52
__end_of_PWM5_set_value          text12       001976
__end_of_UART1_byte_send         text11       001D10
__end_of_UART1_init              text10       001CEC
__end_of_UART2_init              text9        001CD2
__end_of___lwdiv                 text8        001896
__end_of___lwmod                 text7        001AD2
__end_of__initialization         cinit        00178A
__end_of_itoa                    text5        001A90
__end_of_lcd_clear               text21       001B74
__end_of_lcd_goto                text22       001B12
__end_of_lcd_info                text23       00149C
__end_of_lcd_write               text3        001736
__end_of_lcd_write_number        text2        001B9E
__end_of_lcd_yaz                 text4        001B46
__end_of_load_shift_data_lcd     text25       001844
__end_of_main                    text0        00118C
__end_of_shift_reg_set_pin_lcd   text24       00192E
__end_of_utoa                    text6        0016B2
__end_of_wait                    text1        001C30
__initialization                 cinit        001736
__mediumconst                    mediumconst  000000
__pbssBANK0                      bssBANK0     000060
__pbssCOMRAM                     bssCOMRAM    000001
__pcinit                         cinit        001736
__pcstackCOMRAM                  cstackCOMRAM 00003B
__pdataBIGRAM                    dataBIGRAM   0000B0
__pdataCOMRAM                    dataCOMRAM   00005D
__pidataBIGRAM                   idataBIGRAM  00118C
__pidataCOMRAM                   idataCOMRAM  001D24
__psmallconst                    smallconst   000F00
__ptext0                         text0        000F1A
__ptext1                         text1        001C0E
__ptext10                        text10       001CD2
__ptext11                        text11       001D04
__ptext12                        text12       00192E
__ptext13                        text13       001C30
__ptext14                        text14       001C52
__ptext15                        text15       001976
__ptext16                        text16       001C74
__ptext17                        text17       0019BE
__ptext18                        text18       001C96
__ptext19                        text19       001A06
__ptext2                         text2        001B74
__ptext20                        text20       001568
__ptext21                        text21       001B46
__ptext22                        text22       001AD2
__ptext23                        text23       00138C
__ptext24                        text24       0018E4
__ptext25                        text25       0017F0
__ptext26                        text26       001B9E
__ptext27                        text27       001BEA
__ptext28                        text28       001D10
__ptext29                        text29       001D1A
__ptext3                         text3        0016B2
__ptext30                        text30       001BC4
__ptext31                        text31       001CEC
__ptext32                        text32       00149C
__ptext33                        text33       001794
__ptext34                        text34       001896
__ptext4                         text4        001B12
__ptext5                         text5        001A4E
__ptext6                         text6        00160E
__ptext7                         text7        001A90
__ptext8                         text8        001844
__ptext9                         text9        001CB8
__ramtop                         ramtop       000F00
__size_of_ADC_init               (abs)        000000
__size_of_ADC_read               (abs)        000000
__size_of_DHT11_get_data         (abs)        000000
__size_of_EEPROM_read_byte       (abs)        000000
__size_of_EEPROM_write_byte      (abs)        000000
__size_of_I2C_Start              (abs)        000000
__size_of_I2C_Stop               (abs)        000000
__size_of_I2C_data_send          (abs)        000000
__size_of_I2C_initialize         (abs)        000000
__size_of_LCD_init               (abs)        000000
__size_of_PWM2_initialize        (abs)        000000
__size_of_PWM2_set_value         (abs)        000000
__size_of_PWM3_initialize        (abs)        000000
__size_of_PWM3_set_value         (abs)        000000
__size_of_PWM4_initialize        (abs)        000000
__size_of_PWM4_set_value         (abs)        000000
__size_of_PWM5_initialize        (abs)        000000
__size_of_PWM5_set_value         (abs)        000000
__size_of_UART1_byte_send        (abs)        000000
__size_of_UART1_init             (abs)        000000
__size_of_UART2_init             (abs)        000000
__size_of___lwdiv                (abs)        000000
__size_of___lwmod                (abs)        000000
__size_of_itoa                   (abs)        000000
__size_of_lcd_clear              (abs)        000000
__size_of_lcd_goto               (abs)        000000
__size_of_lcd_info               (abs)        000000
__size_of_lcd_write              (abs)        000000
__size_of_lcd_write_number       (abs)        000000
__size_of_lcd_yaz                (abs)        000000
__size_of_load_shift_data_lcd    (abs)        000000
__size_of_main                   (abs)        000000
__size_of_shift_reg_set_pin_lcd  (abs)        000000
__size_of_utoa                   (abs)        000000
__size_of_wait                   (abs)        000000
__smallconst                     smallconst   000F00
__temp_                          bssCOMRAM    000026
__x                              dataCOMRAM   00005D
__y                              dataCOMRAM   00005E
_allocated                       bssCOMRAM    00001D
_buff                            dataBIGRAM   0000B0
_cevap                           bssCOMRAM    000027
_current_value_lcd               bssCOMRAM    000028
_denemelik                       bssCOMRAM    000001
_dht11_data                      bssCOMRAM    000018
_error                           bssCOMRAM    000029
_hig_values                      bssBANK0     000060
_high_time_count                 bssCOMRAM    00002A
_itoa                            text5        001A4E
_j                               bssCOMRAM    00002B
_kk                              bssCOMRAM    00000B
_lcd_clear                       text21       001B46
_lcd_goto                        text22       001AD2
_lcd_info                        text23       00138C
_lcd_write                       text3        0016B2
_lcd_write_number                text2        001B74
_lcd_yaz                         text4        001B12
_load_shift_data_lcd             text25       0017F0
_low_time_count                  bssCOMRAM    00002C
_low_values                      bssBANK0     000088
_main                            text0        000F1A
_measured_value                  bssCOMRAM    00001F
_nem                             bssCOMRAM    00002D
_nisa                            bssCOMRAM    00002E
_number_array                    bssCOMRAM    000036
_received                        bssCOMRAM    00002F
_received2                       bssCOMRAM    000030
_saim                            bssCOMRAM    000021
_shift_reg_set_pin_lcd           text24       0018E4
_sicaklik                        bssCOMRAM    000031
_status                          bssCOMRAM    000032
_tempo                           bssCOMRAM    000033
_threshold                       bssCOMRAM    000034
_unnecessary                     bssCOMRAM    000035
_utoa                            text6        00160E
_wait                            text1        001C0E
end_of_initialization            cinit        00178A
intlevel0                        text         000000
intlevel1                        text         000000
intlevel2                        text         000000
intlevel3                        text         000000
itoa@base                        cstackCOMRAM 00004F
itoa@buf                         cstackCOMRAM 00004B
itoa@cp                          cstackCOMRAM 000051
itoa@val                         cstackCOMRAM 00004D
lcd_goto@p_1                     cstackCOMRAM 000048
lcd_goto@p_2                     cstackCOMRAM 000046
lcd_info@c                       cstackCOMRAM 000045
lcd_info@data_type               cstackCOMRAM 000043
lcd_write@s                      cstackCOMRAM 00004A
lcd_write_number@number          cstackCOMRAM 000053
lcd_yaz@data                     cstackCOMRAM 000049
load_shift_data_lcd@a            cstackCOMRAM 00003E
load_shift_data_lcd@data         cstackCOMRAM 00003D
main@add_value                   cstackCOMRAM 000056
main@j                           cstackCOMRAM 00005B
main@k                           cstackCOMRAM 00005A
main@k_935                       cstackCOMRAM 000058
shift_reg_set_pin_lcd@pin_number cstackCOMRAM 000042
shift_reg_set_pin_lcd@value      cstackCOMRAM 00003F
stackhi                          (abs)        000E40
stacklo                          (abs)        0002B0
start                            init         000000
start_initialization             cinit        001736
utoa@base                        cstackCOMRAM 000046
utoa@buf                         cstackCOMRAM 000042
utoa@c                           cstackCOMRAM 00004A
utoa@v                           cstackCOMRAM 000048
utoa@val                         cstackCOMRAM 000044
wait@k                           cstackCOMRAM 00003D
wait@val                         cstackCOMRAM 00003C


FUNCTION INFORMATION:

 *************** function _main *****************
 Defined at:
		line 39 in file "F66K80.c"
 Parameters:    Size  Location     Type
		None
 Auto vars:     Size  Location     Type
  j               2   32[COMRAM] int 
  k               1   31[COMRAM] unsigned char 
  k               2   29[COMRAM] int 
  add_value       2   27[COMRAM] int 
 Return value:  Size  Location     Type
                  1    wreg      void 
 Registers used:
		wreg, fsr0l, fsr0h, fsr2l, fsr2h, status,2, status,0, tblptrl, tblptrh, tblptru, prodl, prodh, cstack
 Tracked objects:
		On entry : 
		On exit  : 
		Unchanged: 
 Data sizes:     COMRAM   BANK0   BANK1   BANK2   BANK3   BANK4   BANK5   BANK6   BANK7   BANK8   BANK9  BANK10  BANK11  BANK12  BANK13  BANK14
      Params:         0       0       0       0       0       0       0       0       0       0       0       0       0       0       0       0
      Locals:         7       0       0       0       0       0       0       0       0       0       0       0       0       0       0       0
      Temps:          1       0       0       0       0       0       0       0       0       0       0       0       0       0       0       0
      Totals:         8       0       0       0       0       0       0       0       0       0       0       0       0       0       0       0
Total ram usage:        8 bytes
 Hardware stack levels required when called:    7
 This function calls:
		_ADC_init
		_ADC_read
		_DHT11_get_data
		_EEPROM_read_byte
		_EEPROM_write_byte
		_I2C_Start
		_I2C_Stop
		_I2C_data_send
		_I2C_initialize
		_LCD_init
		_PWM2_initialize
		_PWM2_set_value
		_PWM3_initialize
		_PWM3_set_value
		_PWM4_initialize
		_PWM4_set_value
		_PWM5_initialize
		_PWM5_set_value
		_UART1_byte_send
		_UART1_init
		_UART2_init
		_lcd_clear
		_lcd_write
		_lcd_write_number
		_wait
 This function is called by:
		Startup code after reset
 This function uses a non-reentrant model


 *************** function _wait *****************
 Defined at:
		line 30 in file "F66K80.c"
 Parameters:    Size  Location     Type
  val             1    wreg     unsigned char 
 Auto vars:     Size  Location     Type
  val             1    1[COMRAM] unsigned char 
  k               1    2[COMRAM] unsigned char 
 Return value:  Size  Location     Type
                  1    wreg      void 
 Registers used:
		wreg, status,2, status,0, cstack
 Tracked objects:
		On entry : 
		On exit  : 
		Unchanged: 
 Data sizes:     COMRAM   BANK0   BANK1   BANK2   BANK3   BANK4   BANK5   BANK6   BANK7   BANK8   BANK9  BANK10  BANK11  BANK12  BANK13  BANK14
      Params:         0       0       0       0       0       0       0       0       0       0       0       0       0       0       0       0
      Locals:         2       0       0       0       0       0       0       0       0       0       0       0       0       0       0       0
      Temps:          1       0       0       0       0       0       0       0       0       0       0       0       0       0       0       0
      Totals:         3       0       0       0       0       0       0       0       0       0       0       0       0       0       0       0
Total ram usage:        3 bytes
 Hardware stack levels used:    1
 This function calls:
		Nothing
 This function is called by:
		_main
		_SDCARD_send_command
		_SDCARD_baslat
 This function uses a non-reentrant model


 *************** function _lcd_write_number *****************
 Defined at:
		line 235 in file "ShiftLCD.h"
 Parameters:    Size  Location     Type
  number          2   24[COMRAM] int 
 Auto vars:     Size  Location     Type
		None
 Return value:  Size  Location     Type
                  1    wreg      void 
 Registers used:
		wreg, fsr0l, fsr0h, fsr2l, fsr2h, status,2, status,0, tblptrl, tblptrh, tblptru, cstack
 Tracked objects:
		On entry : 
		On exit  : 
		Unchanged: 
 Data sizes:     COMRAM   BANK0   BANK1   BANK2   BANK3   BANK4   BANK5   BANK6   BANK7   BANK8   BANK9  BANK10  BANK11  BANK12  BANK13  BANK14
      Params:         2       0       0       0       0       0       0       0       0       0       0       0       0       0       0       0
      Locals:         0       0       0       0       0       0       0       0       0       0       0       0       0       0       0       0
      Temps:          0       0       0       0       0       0       0       0       0       0       0       0       0       0       0       0
      Totals:         2       0       0       0       0       0       0       0       0       0       0       0       0       0       0       0
Total ram usage:        2 bytes
 Hardware stack levels used:    1
 Hardware stack levels required when called:    6
 This function calls:
		_itoa
		_lcd_write
 This function is called by:
		_main
 This function uses a non-reentrant model


 *************** function _lcd_write *****************
 Defined at:
		line 165 in file "ShiftLCD.h"
 Parameters:    Size  Location     Type
  s               2   15[COMRAM] PTR const unsigned char 
		 -> STR_6(8), STR_5(8), STR_4(8), STR_3(3), 
		 -> STR_2(2), STR_1(2), number_array(5), 
 Auto vars:     Size  Location     Type
		None
 Return value:  Size  Location     Type
                  1    wreg      void 
 Registers used:
		wreg, fsr0l, fsr0h, status,2, status,0, tblptrl, tblptrh, tblptru, cstack
 Tracked objects:
		On entry : 
		On exit  : 
		Unchanged: 
 Data sizes:     COMRAM   BANK0   BANK1   BANK2   BANK3   BANK4   BANK5   BANK6   BANK7   BANK8   BANK9  BANK10  BANK11  BANK12  BANK13  BANK14
      Params:         2       0       0       0       0       0       0       0       0       0       0       0       0       0       0       0
      Locals:         0       0       0       0       0       0       0       0       0       0       0       0       0       0       0       0
      Temps:          1       0       0       0       0       0       0       0       0       0       0       0       0       0       0       0
      Totals:         3       0       0       0       0       0       0       0       0       0       0       0       0       0       0       0
Total ram usage:        3 bytes
 Hardware stack levels used:    1
 Hardware stack levels required when called:    5
 This function calls:
		_lcd_yaz
 This function is called by:
		_lcd_write_number
		_main
		_SDCARD_baslat
 This function uses a non-reentrant model


 *************** function _lcd_yaz *****************
 Defined at:
		line 214 in file "ShiftLCD.h"
 Parameters:    Size  Location     Type
  data            1    wreg     unsigned char 
 Auto vars:     Size  Location     Type
  data            1   14[COMRAM] unsigned char 
 Return value:  Size  Location     Type
                  1    wreg      void 
 Registers used:
		wreg, status,2, status,0, cstack
 Tracked objects:
		On entry : 
		On exit  : 
		Unchanged: 
 Data sizes:     COMRAM   BANK0   BANK1   BANK2   BANK3   BANK4   BANK5   BANK6   BANK7   BANK8   BANK9  BANK10  BANK11  BANK12  BANK13  BANK14
      Params:         0       0       0       0       0       0       0       0       0       0       0       0       0       0       0       0
      Locals:         1       0       0       0       0       0       0       0       0       0       0       0       0       0       0       0
      Temps:          0       0       0       0       0       0       0       0       0       0       0       0       0       0       0       0
      Totals:         1       0       0       0       0       0       0       0       0       0       0       0       0       0       0       0
Total ram usage:        1 bytes
 Hardware stack levels used:    1
 Hardware stack levels required when called:    4
 This function calls:
		_lcd_goto
		_lcd_info
 This function is called by:
		_lcd_write
		_display_message
 This function uses a non-reentrant model


 *************** function _itoa *****************
 Defined at:
		line 4 in file "C:\Program Files (x86)\Microchip\xc8\v1.37\sources\common\itoa.c"
 Parameters:    Size  Location     Type
  buf             2   16[COMRAM] PTR unsigned char 
		 -> number_array(5), 
  val             2   18[COMRAM] int 
  base            2   20[COMRAM] int 
 Auto vars:     Size  Location     Type
  cp              2   22[COMRAM] PTR unsigned char 
		 -> number_array(5), 
 Return value:  Size  Location     Type
                  2   16[COMRAM] PTR unsigned char 
 Registers used:
		wreg, fsr2l, fsr2h, status,2, status,0, cstack
 Tracked objects:
		On entry : 
		On exit  : 
		Unchanged: 
 Data sizes:     COMRAM   BANK0   BANK1   BANK2   BANK3   BANK4   BANK5   BANK6   BANK7   BANK8   BANK9  BANK10  BANK11  BANK12  BANK13  BANK14
      Params:         6       0       0       0       0       0       0       0       0       0       0       0       0       0       0       0
      Locals:         2       0       0       0       0       0       0       0       0       0       0       0       0       0       0       0
      Temps:          0       0       0       0       0       0       0       0       0       0       0       0       0       0       0       0
      Totals:         8       0       0       0       0       0       0       0       0       0       0       0       0       0       0       0
Total ram usage:        8 bytes
 Hardware stack levels used:    1
 Hardware stack levels required when called:    2
 This function calls:
		_utoa
 This function is called by:
		_lcd_write_number
 This function uses a non-reentrant model


 *************** function _utoa *****************
 Defined at:
		line 17 in file "C:\Program Files (x86)\Microchip\xc8\v1.37\sources\common\itoa.c"
 Parameters:    Size  Location     Type
  buf             2    7[COMRAM] PTR unsigned char 
		 -> number_array(5), 
  val             2    9[COMRAM] unsigned int 
  base            2   11[COMRAM] int 
 Auto vars:     Size  Location     Type
  v               2   13[COMRAM] unsigned int 
  c               1   15[COMRAM] unsigned char 
 Return value:  Size  Location     Type
                  2    7[COMRAM] PTR unsigned char 
 Registers used:
		wreg, fsr2l, fsr2h, status,2, status,0, cstack
 Tracked objects:
		On entry : 
		On exit  : 
		Unchanged: 
 Data sizes:     COMRAM   BANK0   BANK1   BANK2   BANK3   BANK4   BANK5   BANK6   BANK7   BANK8   BANK9  BANK10  BANK11  BANK12  BANK13  BANK14
      Params:         6       0       0       0       0       0       0       0       0       0       0       0       0       0       0       0
      Locals:         3       0       0       0       0       0       0       0       0       0       0       0       0       0       0       0
      Temps:          0       0       0       0       0       0       0       0       0       0       0       0       0       0       0       0
      Totals:         9       0       0       0       0       0       0       0       0       0       0       0       0       0       0       0
Total ram usage:        9 bytes
 Hardware stack levels used:    1
 Hardware stack levels required when called:    1
 This function calls:
		___lwdiv
		___lwmod
 This function is called by:
		_itoa
 This function uses a non-reentrant model


 *************** function ___lwmod *****************
 Defined at:
		line 8 in file "C:\Program Files (x86)\Microchip\xc8\v1.37\sources\common\lwmod.c"
 Parameters:    Size  Location     Type
  dividend        2    0[COMRAM] unsigned int 
  divisor         2    2[COMRAM] unsigned int 
 Auto vars:     Size  Location     Type
  counter         1    4[COMRAM] unsigned char 
 Return value:  Size  Location     Type
                  2    0[COMRAM] unsigned int 
 Registers used:
		wreg, status,2, status,0
 Tracked objects:
		On entry : 
		On exit  : 
		Unchanged: 
 Data sizes:     COMRAM   BANK0   BANK1   BANK2   BANK3   BANK4   BANK5   BANK6   BANK7   BANK8   BANK9  BANK10  BANK11  BANK12  BANK13  BANK14
      Params:         4       0       0       0       0       0       0       0       0       0       0       0       0       0       0       0
      Locals:         1       0       0       0       0       0       0       0       0       0       0       0       0       0       0       0
      Temps:          0       0       0       0       0       0       0       0       0       0       0       0       0       0       0       0
      Totals:         5       0       0       0       0       0       0       0       0       0       0       0       0       0       0       0
Total ram usage:        5 bytes
 Hardware stack levels used:    1
 This function calls:
		Nothing
 This function is called by:
		_utoa
 This function uses a non-reentrant model


 *************** function ___lwdiv *****************
 Defined at:
		line 8 in file "C:\Program Files (x86)\Microchip\xc8\v1.37\sources\common\lwdiv.c"
 Parameters:    Size  Location     Type
  dividend        2    0[COMRAM] unsigned int 
  divisor         2    2[COMRAM] unsigned int 
 Auto vars:     Size  Location     Type
  quotient        2    4[COMRAM] unsigned int 
  counter         1    6[COMRAM] unsigned char 
 Return value:  Size  Location     Type
                  2    0[COMRAM] unsigned int 
 Registers used:
		wreg, status,2, status,0
 Tracked objects:
		On entry : 
		On exit  : 
		Unchanged: 
 Data sizes:     COMRAM   BANK0   BANK1   BANK2   BANK3   BANK4   BANK5   BANK6   BANK7   BANK8   BANK9  BANK10  BANK11  BANK12  BANK13  BANK14
      Params:         4       0       0       0       0       0       0       0       0       0       0       0       0       0       0       0
      Locals:         3       0       0       0       0       0       0       0       0       0       0       0       0       0       0       0
      Temps:          0       0       0       0       0       0       0       0       0       0       0       0       0       0       0       0
      Totals:         7       0       0       0       0       0       0       0       0       0       0       0       0       0       0       0
Total ram usage:        7 bytes
 Hardware stack levels used:    1
 This function calls:
		Nothing
 This function is called by:
		_utoa
 This function uses a non-reentrant model


 *************** function _UART2_init *****************
 Defined at:
		line 79 in file "EUART.h"
 Parameters:    Size  Location     Type
		None
 Auto vars:     Size  Location     Type
		None
 Return value:  Size  Location     Type
                  1    wreg      void 
 Registers used:
		wreg, status,2
 Tracked objects:
		On entry : 
		On exit  : 
		Unchanged: 
 Data sizes:     COMRAM   BANK0   BANK1   BANK2   BANK3   BANK4   BANK5   BANK6   BANK7   BANK8   BANK9  BANK10  BANK11  BANK12  BANK13  BANK14
      Params:         0       0       0       0       0       0       0       0       0       0       0       0       0       0       0       0
      Locals:         0       0       0       0       0       0       0       0       0       0       0       0       0       0       0       0
      Temps:          0       0       0       0       0       0       0       0       0       0       0       0       0       0       0       0
      Totals:         0       0       0       0       0       0       0       0       0       0       0       0       0       0       0       0
Total ram usage:        0 bytes
 Hardware stack levels used:    1
 This function calls:
		Nothing
 This function is called by:
		_main
 This function uses a non-reentrant model


 *************** function _UART1_init *****************
 Defined at:
		line 31 in file "EUART.h"
 Parameters:    Size  Location     Type
		None
 Auto vars:     Size  Location     Type
		None
 Return value:  Size  Location     Type
                  1    wreg      void 
 Registers used:
		wreg, status,2
 Tracked objects:
		On entry : 
		On exit  : 
		Unchanged: 
 Data sizes:     COMRAM   BANK0   BANK1   BANK2   BANK3   BANK4   BANK5   BANK6   BANK7   BANK8   BANK9  BANK10  BANK11  BANK12  BANK13  BANK14
      Params:         0       0       0       0       0       0       0       0       0       0       0       0       0       0       0       0
      Locals:         0       0       0       0       0       0       0       0       0       0       0       0       0       0       0       0
      Temps:          0       0       0       0       0       0       0       0       0       0       0       0       0       0       0       0
      Totals:         0       0       0       0       0       0       0       0       0       0       0       0       0       0       0       0
Total ram usage:        0 bytes
 Hardware stack levels used:    1
 This function calls:
		Nothing
 This function is called by:
		_main
 This function uses a non-reentrant model


 *************** function _UART1_byte_send *****************
 Defined at:
		line 14 in file "EUART.h"
 Parameters:    Size  Location     Type
  data            1    wreg     unsigned char 
 Auto vars:     Size  Location     Type
  data            1    0[COMRAM] unsigned char 
 Return value:  Size  Location     Type
                  1    wreg      void 
 Registers used:
		wreg
 Tracked objects:
		On entry : 
		On exit  : 
		Unchanged: 
 Data sizes:     COMRAM   BANK0   BANK1   BANK2   BANK3   BANK4   BANK5   BANK6   BANK7   BANK8   BANK9  BANK10  BANK11  BANK12  BANK13  BANK14
      Params:         0       0       0       0       0       0       0       0       0       0       0       0       0       0       0       0
      Locals:         1       0       0       0       0       0       0       0       0       0       0       0       0       0       0       0
      Temps:          0       0       0       0       0       0       0       0       0       0       0       0       0       0       0       0
      Totals:         1       0       0       0       0       0       0       0       0       0       0       0       0       0       0       0
Total ram usage:        1 bytes
 Hardware stack levels used:    1
 This function calls:
		Nothing
 This function is called by:
		_main
 This function uses a non-reentrant model


 *************** function _PWM5_set_value *****************
 Defined at:
		line 96 in file "PWM.h"
 Parameters:    Size  Location     Type
  value           2    0[COMRAM] int 
 Auto vars:     Size  Location     Type
		None
 Return value:  Size  Location     Type
                  1    wreg      void 
 Registers used:
		wreg, status,2, status,0
 Tracked objects:
		On entry : 
		On exit  : 
		Unchanged: 
 Data sizes:     COMRAM   BANK0   BANK1   BANK2   BANK3   BANK4   BANK5   BANK6   BANK7   BANK8   BANK9  BANK10  BANK11  BANK12  BANK13  BANK14
      Params:         2       0       0       0       0       0       0       0       0       0       0       0       0       0       0       0
      Locals:         0       0       0       0       0       0       0       0       0       0       0       0       0       0       0       0
      Temps:          2       0       0       0       0       0       0       0       0       0       0       0       0       0       0       0
      Totals:         4       0       0       0       0       0       0       0       0       0       0       0       0       0       0       0
Total ram usage:        4 bytes
 Hardware stack levels used:    1
 This function calls:
		Nothing
 This function is called by:
		_main
 This function uses a non-reentrant model


 *************** function _PWM5_initialize *****************
 Defined at:
		line 106 in file "PWM.h"
 Parameters:    Size  Location     Type
		None
 Auto vars:     Size  Location     Type
		None
 Return value:  Size  Location     Type
                  1    wreg      void 
 Registers used:
		wreg, status,2, status,0, cstack
 Tracked objects:
		On entry : 
		On exit  : 
		Unchanged: 
 Data sizes:     COMRAM   BANK0   BANK1   BANK2   BANK3   BANK4   BANK5   BANK6   BANK7   BANK8   BANK9  BANK10  BANK11  BANK12  BANK13  BANK14
      Params:         0       0       0       0       0       0       0       0       0       0       0       0       0       0       0       0
      Locals:         0       0       0       0       0       0       0       0       0       0       0       0       0       0       0       0
      Temps:          0       0       0       0       0       0       0       0       0       0       0       0       0       0       0       0
      Totals:         0       0       0       0       0       0       0       0       0       0       0       0       0       0       0       0
Total ram usage:        0 bytes
 Hardware stack levels used:    1
 Hardware stack levels required when called:    1
 This function calls:
		_PWM3_set_value
 This function is called by:
		_main
 This function uses a non-reentrant model


 *************** function _PWM4_initialize *****************
 Defined at:
		line 80 in file "PWM.h"
 Parameters:    Size  Location     Type
		None
 Auto vars:     Size  Location     Type
		None
 Return value:  Size  Location     Type
                  1    wreg      void 
 Registers used:
		wreg, status,2, status,0, cstack
 Tracked objects:
		On entry : 
		On exit  : 
		Unchanged: 
 Data sizes:     COMRAM   BANK0   BANK1   BANK2   BANK3   BANK4   BANK5   BANK6   BANK7   BANK8   BANK9  BANK10  BANK11  BANK12  BANK13  BANK14
      Params:         0       0       0       0       0       0       0       0       0       0       0       0       0       0       0       0
      Locals:         0       0       0       0       0       0       0       0       0       0       0       0       0       0       0       0
      Temps:          0       0       0       0       0       0       0       0       0       0       0       0       0       0       0       0
      Totals:         0       0       0       0       0       0       0       0       0       0       0       0       0       0       0       0
Total ram usage:        0 bytes
 Hardware stack levels used:    1
 Hardware stack levels required when called:    1
 This function calls:
		_PWM4_set_value
 This function is called by:
		_main
 This function uses a non-reentrant model


 *************** function _PWM4_set_value *****************
 Defined at:
		line 70 in file "PWM.h"
 Parameters:    Size  Location     Type
  value           2    0[COMRAM] int 
 Auto vars:     Size  Location     Type
		None
 Return value:  Size  Location     Type
                  1    wreg      void 
 Registers used:
		wreg, status,2, status,0
 Tracked objects:
		On entry : 
		On exit  : 
		Unchanged: 
 Data sizes:     COMRAM   BANK0   BANK1   BANK2   BANK3   BANK4   BANK5   BANK6   BANK7   BANK8   BANK9  BANK10  BANK11  BANK12  BANK13  BANK14
      Params:         2       0       0       0       0       0       0       0       0       0       0       0       0       0       0       0
      Locals:         0       0       0       0       0       0       0       0       0       0       0       0       0       0       0       0
      Temps:          2       0       0       0       0       0       0       0       0       0       0       0       0       0       0       0
      Totals:         4       0       0       0       0       0       0       0       0       0       0       0       0       0       0       0
Total ram usage:        4 bytes
 Hardware stack levels used:    1
 This function calls:
		Nothing
 This function is called by:
		_PWM4_initialize
		_main
 This function uses a non-reentrant model


 *************** function _PWM3_initialize *****************
 Defined at:
		line 53 in file "PWM.h"
 Parameters:    Size  Location     Type
		None
 Auto vars:     Size  Location     Type
		None
 Return value:  Size  Location     Type
                  1    wreg      void 
 Registers used:
		wreg, status,2, status,0, cstack
 Tracked objects:
		On entry : 
		On exit  : 
		Unchanged: 
 Data sizes:     COMRAM   BANK0   BANK1   BANK2   BANK3   BANK4   BANK5   BANK6   BANK7   BANK8   BANK9  BANK10  BANK11  BANK12  BANK13  BANK14
      Params:         0       0       0       0       0       0       0       0       0       0       0       0       0       0       0       0
      Locals:         0       0       0       0       0       0       0       0       0       0       0       0       0       0       0       0
      Temps:          0       0       0       0       0       0       0       0       0       0       0       0       0       0       0       0
      Totals:         0       0       0       0       0       0       0       0       0       0       0       0       0       0       0       0
Total ram usage:        0 bytes
 Hardware stack levels used:    1
 Hardware stack levels required when called:    1
 This function calls:
		_PWM3_set_value
 This function is called by:
		_main
 This function uses a non-reentrant model


 *************** function _PWM3_set_value *****************
 Defined at:
		line 43 in file "PWM.h"
 Parameters:    Size  Location     Type
  value           2    0[COMRAM] int 
 Auto vars:     Size  Location     Type
		None
 Return value:  Size  Location     Type
                  1    wreg      void 
 Registers used:
		wreg, status,2, status,0
 Tracked objects:
		On entry : 
		On exit  : 
		Unchanged: 
 Data sizes:     COMRAM   BANK0   BANK1   BANK2   BANK3   BANK4   BANK5   BANK6   BANK7   BANK8   BANK9  BANK10  BANK11  BANK12  BANK13  BANK14
      Params:         2       0       0       0       0       0       0       0       0       0       0       0       0       0       0       0
      Locals:         0       0       0       0       0       0       0       0       0       0       0       0       0       0       0       0
      Temps:          2       0       0       0       0       0       0       0       0       0       0       0       0       0       0       0
      Totals:         4       0       0       0       0       0       0       0       0       0       0       0       0       0       0       0
Total ram usage:        4 bytes
 Hardware stack levels used:    1
 This function calls:
		Nothing
 This function is called by:
		_PWM3_initialize
		_PWM5_initialize
		_main
 This function uses a non-reentrant model


 *************** function _PWM2_initialize *****************
 Defined at:
		line 24 in file "PWM.h"
 Parameters:    Size  Location     Type
		None
 Auto vars:     Size  Location     Type
		None
 Return value:  Size  Location     Type
                  1    wreg      void 
 Registers used:
		wreg, status,2, status,0, cstack
 Tracked objects:
		On entry : 
		On exit  : 
		Unchanged: 
 Data sizes:     COMRAM   BANK0   BANK1   BANK2   BANK3   BANK4   BANK5   BANK6   BANK7   BANK8   BANK9  BANK10  BANK11  BANK12  BANK13  BANK14
      Params:         0       0       0       0       0       0       0       0       0       0       0       0       0       0       0       0
      Locals:         0       0       0       0       0       0       0       0       0       0       0       0       0       0       0       0
      Temps:          0       0       0       0       0       0       0       0       0       0       0       0       0       0       0       0
      Totals:         0       0       0       0       0       0       0       0       0       0       0       0       0       0       0       0
Total ram usage:        0 bytes
 Hardware stack levels used:    1
 Hardware stack levels required when called:    1
 This function calls:
		_PWM2_set_value
 This function is called by:
		_main
 This function uses a non-reentrant model


 *************** function _PWM2_set_value *****************
 Defined at:
		line 15 in file "PWM.h"
 Parameters:    Size  Location     Type
  value           2    0[COMRAM] int 
 Auto vars:     Size  Location     Type
		None
 Return value:  Size  Location     Type
                  1    wreg      void 
 Registers used:
		wreg, status,2, status,0
 Tracked objects:
		On entry : 
		On exit  : 
		Unchanged: 
 Data sizes:     COMRAM   BANK0   BANK1   BANK2   BANK3   BANK4   BANK5   BANK6   BANK7   BANK8   BANK9  BANK10  BANK11  BANK12  BANK13  BANK14
      Params:         2       0       0       0       0       0       0       0       0       0       0       0       0       0       0       0
      Locals:         0       0       0       0       0       0       0       0       0       0       0       0       0       0       0       0
      Temps:          2       0       0       0       0       0       0       0       0       0       0       0       0       0       0       0
      Totals:         4       0       0       0       0       0       0       0       0       0       0       0       0       0       0       0
Total ram usage:        4 bytes
 Hardware stack levels used:    1
 This function calls:
		Nothing
 This function is called by:
		_PWM2_initialize
		_main
 This function uses a non-reentrant model


 *************** function _LCD_init *****************
 Defined at:
		line 184 in file "ShiftLCD.h"
 Parameters:    Size  Location     Type
		None
 Auto vars:     Size  Location     Type
		None
 Return value:  Size  Location     Type
                  1    wreg      void 
 Registers used:
		wreg, status,2, status,0, cstack
 Tracked objects:
		On entry : 
		On exit  : 
		Unchanged: 
 Data sizes:     COMRAM   BANK0   BANK1   BANK2   BANK3   BANK4   BANK5   BANK6   BANK7   BANK8   BANK9  BANK10  BANK11  BANK12  BANK13  BANK14
      Params:         0       0       0       0       0       0       0       0       0       0       0       0       0       0       0       0
      Locals:         0       0       0       0       0       0       0       0       0       0       0       0       0       0       0       0
      Temps:          1       0       0       0       0       0       0       0       0       0       0       0       0       0       0       0
      Totals:         1       0       0       0       0       0       0       0       0       0       0       0       0       0       0       0
Total ram usage:        1 bytes
 Hardware stack levels used:    1
 Hardware stack levels required when called:    5
 This function calls:
		_lcd_clear
		_lcd_info
		_shift_reg_set_pin_lcd
 This function is called by:
		_main
 This function uses a non-reentrant model


 *************** function _lcd_clear *****************
 Defined at:
		line 156 in file "ShiftLCD.h"
 Parameters:    Size  Location     Type
		None
 Auto vars:     Size  Location     Type
		None
 Return value:  Size  Location     Type
                  1    wreg      void 
 Registers used:
		wreg, status,2, status,0, cstack
 Tracked objects:
		On entry : 
		On exit  : 
		Unchanged: 
 Data sizes:     COMRAM   BANK0   BANK1   BANK2   BANK3   BANK4   BANK5   BANK6   BANK7   BANK8   BANK9  BANK10  BANK11  BANK12  BANK13  BANK14
      Params:         0       0       0       0       0       0       0       0       0       0       0       0       0       0       0       0
      Locals:         0       0       0       0       0       0       0       0       0       0       0       0       0       0       0       0
      Temps:          1       0       0       0       0       0       0       0       0       0       0       0       0       0       0       0
      Totals:         1       0       0       0       0       0       0       0       0       0       0       0       0       0       0       0
Total ram usage:        1 bytes
 Hardware stack levels used:    1
 Hardware stack levels required when called:    4
 This function calls:
		_lcd_goto
		_lcd_info
 This function is called by:
		_LCD_init
		_main
 This function uses a non-reentrant model


 *************** function _lcd_goto *****************
 Defined at:
		line 171 in file "ShiftLCD.h"
 Parameters:    Size  Location     Type
  p_1             1    wreg     unsigned char 
  p_2             1   11[COMRAM] unsigned char 
 Auto vars:     Size  Location     Type
  p_1             1   13[COMRAM] unsigned char 
 Return value:  Size  Location     Type
                  1    wreg      void 
 Registers used:
		wreg, status,2, status,0, cstack
 Tracked objects:
		On entry : 
		On exit  : 
		Unchanged: 
 Data sizes:     COMRAM   BANK0   BANK1   BANK2   BANK3   BANK4   BANK5   BANK6   BANK7   BANK8   BANK9  BANK10  BANK11  BANK12  BANK13  BANK14
      Params:         1       0       0       0       0       0       0       0       0       0       0       0       0       0       0       0
      Locals:         1       0       0       0       0       0       0       0       0       0       0       0       0       0       0       0
      Temps:          1       0       0       0       0       0       0       0       0       0       0       0       0       0       0       0
      Totals:         3       0       0       0       0       0       0       0       0       0       0       0       0       0       0       0
Total ram usage:        3 bytes
 Hardware stack levels used:    1
 Hardware stack levels required when called:    3
 This function calls:
		_lcd_info
 This function is called by:
		_lcd_clear
		_lcd_yaz
 This function uses a non-reentrant model


 *************** function _lcd_info *****************
 Defined at:
		line 115 in file "ShiftLCD.h"
 Parameters:    Size  Location     Type
  c               1    wreg     unsigned char 
  data_type       1    8[COMRAM] unsigned char 
 Auto vars:     Size  Location     Type
  c               1   10[COMRAM] unsigned char 
 Return value:  Size  Location     Type
                  1    wreg      void 
 Registers used:
		wreg, status,2, status,0, cstack
 Tracked objects:
		On entry : 
		On exit  : 
		Unchanged: 
 Data sizes:     COMRAM   BANK0   BANK1   BANK2   BANK3   BANK4   BANK5   BANK6   BANK7   BANK8   BANK9  BANK10  BANK11  BANK12  BANK13  BANK14
      Params:         1       0       0       0       0       0       0       0       0       0       0       0       0       0       0       0
      Locals:         1       0       0       0       0       0       0       0       0       0       0       0       0       0       0       0
      Temps:          1       0       0       0       0       0       0       0       0       0       0       0       0       0       0       0
      Totals:         3       0       0       0       0       0       0       0       0       0       0       0       0       0       0       0
Total ram usage:        3 bytes
 Hardware stack levels used:    1
 Hardware stack levels required when called:    2
 This function calls:
		_shift_reg_set_pin_lcd
 This function is called by:
		_lcd_clear
		_lcd_goto
		_LCD_init
		_lcd_yaz
 This function uses a non-reentrant model


 *************** function _shift_reg_set_pin_lcd *****************
 Defined at:
		line 41 in file "ShiftLCD.h"
 Parameters:    Size  Location     Type
  pin_number      1    wreg     unsigned char 
  value           1    4[COMRAM] unsigned char 
 Auto vars:     Size  Location     Type
  pin_number      1    7[COMRAM] unsigned char 
 Return value:  Size  Location     Type
                  1    wreg      void 
 Registers used:
		wreg, status,2, status,0, cstack
 Tracked objects:
		On entry : 
		On exit  : 
		Unchanged: 
 Data sizes:     COMRAM   BANK0   BANK1   BANK2   BANK3   BANK4   BANK5   BANK6   BANK7   BANK8   BANK9  BANK10  BANK11  BANK12  BANK13  BANK14
      Params:         1       0       0       0       0       0       0       0       0       0       0       0       0       0       0       0
      Locals:         1       0       0       0       0       0       0       0       0       0       0       0       0       0       0       0
      Temps:          2       0       0       0       0       0       0       0       0       0       0       0       0       0       0       0
      Totals:         4       0       0       0       0       0       0       0       0       0       0       0       0       0       0       0
Total ram usage:        4 bytes
 Hardware stack levels used:    1
 Hardware stack levels required when called:    1
 This function calls:
		_load_shift_data_lcd
 This function is called by:
		_lcd_info
		_LCD_init
 This function uses a non-reentrant model


 *************** function _load_shift_data_lcd *****************
 Defined at:
		line 21 in file "ShiftLCD.h"
 Parameters:    Size  Location     Type
  data            1    wreg     unsigned char 
 Auto vars:     Size  Location     Type
  data            1    2[COMRAM] unsigned char 
  a               1    3[COMRAM] char 
 Return value:  Size  Location     Type
                  1    wreg      void 
 Registers used:
		wreg, status,2, status,0
 Tracked objects:
		On entry : 
		On exit  : 
		Unchanged: 
 Data sizes:     COMRAM   BANK0   BANK1   BANK2   BANK3   BANK4   BANK5   BANK6   BANK7   BANK8   BANK9  BANK10  BANK11  BANK12  BANK13  BANK14
      Params:         0       0       0       0       0       0       0       0       0       0       0       0       0       0       0       0
      Locals:         2       0       0       0       0       0       0       0       0       0       0       0       0       0       0       0
      Temps:          2       0       0       0       0       0       0       0       0       0       0       0       0       0       0       0
      Totals:         4       0       0       0       0       0       0       0       0       0       0       0       0       0       0       0
Total ram usage:        4 bytes
 Hardware stack levels used:    1
 This function calls:
		Nothing
 This function is called by:
		_shift_reg_set_pin_lcd
 This function uses a non-reentrant model


 *************** function _I2C_initialize *****************
 Defined at:
		line 149 in file "I2C.h"
 Parameters:    Size  Location     Type
		None
 Auto vars:     Size  Location     Type
		None
 Return value:  Size  Location     Type
                  1    wreg      void 
 Registers used:
		wreg, status,2
 Tracked objects:
		On entry : 
		On exit  : 
		Unchanged: 
 Data sizes:     COMRAM   BANK0   BANK1   BANK2   BANK3   BANK4   BANK5   BANK6   BANK7   BANK8   BANK9  BANK10  BANK11  BANK12  BANK13  BANK14
      Params:         0       0       0       0       0       0       0       0       0       0       0       0       0       0       0       0
      Locals:         0       0       0       0       0       0       0       0       0       0       0       0       0       0       0       0
      Temps:          1       0       0       0       0       0       0       0       0       0       0       0       0       0       0       0
      Totals:         1       0       0       0       0       0       0       0       0       0       0       0       0       0       0       0
Total ram usage:        1 bytes
 Hardware stack levels used:    1
 This function calls:
		Nothing
 This function is called by:
		_main
 This function uses a non-reentrant model


 *************** function _I2C_data_send *****************
 Defined at:
		line 249 in file "I2C.h"
 Parameters:    Size  Location     Type
  data            1    wreg     unsigned char 
 Auto vars:     Size  Location     Type
  data            1    0[COMRAM] unsigned char 
 Return value:  Size  Location     Type
                  1    wreg      void 
 Registers used:
		wreg, status,2, status,0
 Tracked objects:
		On entry : 
		On exit  : 
		Unchanged: 
 Data sizes:     COMRAM   BANK0   BANK1   BANK2   BANK3   BANK4   BANK5   BANK6   BANK7   BANK8   BANK9  BANK10  BANK11  BANK12  BANK13  BANK14
      Params:         0       0       0       0       0       0       0       0       0       0       0       0       0       0       0       0
      Locals:         1       0       0       0       0       0       0       0       0       0       0       0       0       0       0       0
      Temps:          0       0       0       0       0       0       0       0       0       0       0       0       0       0       0       0
      Totals:         1       0       0       0       0       0       0       0       0       0       0       0       0       0       0       0
Total ram usage:        1 bytes
 Hardware stack levels used:    1
 This function calls:
		Nothing
 This function is called by:
		_main
 This function uses a non-reentrant model


 *************** function _I2C_Stop *****************
 Defined at:
		line 372 in file "I2C.h"
 Parameters:    Size  Location     Type
		None
 Auto vars:     Size  Location     Type
		None
 Return value:  Size  Location     Type
                  1    wreg      void 
 Registers used:
		None
 Tracked objects:
		On entry : 
		On exit  : 
		Unchanged: 
 Data sizes:     COMRAM   BANK0   BANK1   BANK2   BANK3   BANK4   BANK5   BANK6   BANK7   BANK8   BANK9  BANK10  BANK11  BANK12  BANK13  BANK14
      Params:         0       0       0       0       0       0       0       0       0       0       0       0       0       0       0       0
      Locals:         0       0       0       0       0       0       0       0       0       0       0       0       0       0       0       0
      Temps:          0       0       0       0       0       0       0       0       0       0       0       0       0       0       0       0
      Totals:         0       0       0       0       0       0       0       0       0       0       0       0       0       0       0       0
Total ram usage:        0 bytes
 Hardware stack levels used:    1
 This function calls:
		Nothing
 This function is called by:
		_main
 This function uses a non-reentrant model


 *************** function _I2C_Start *****************
 Defined at:
		line 213 in file "I2C.h"
 Parameters:    Size  Location     Type
		None
 Auto vars:     Size  Location     Type
		None
 Return value:  Size  Location     Type
                  1    wreg      void 
 Registers used:
		None
 Tracked objects:
		On entry : 
		On exit  : 
		Unchanged: 
 Data sizes:     COMRAM   BANK0   BANK1   BANK2   BANK3   BANK4   BANK5   BANK6   BANK7   BANK8   BANK9  BANK10  BANK11  BANK12  BANK13  BANK14
      Params:         0       0       0       0       0       0       0       0       0       0       0       0       0       0       0       0
      Locals:         0       0       0       0       0       0       0       0       0       0       0       0       0       0       0       0
      Temps:          0       0       0       0       0       0       0       0       0       0       0       0       0       0       0       0
      Totals:         0       0       0       0       0       0       0       0       0       0       0       0       0       0       0       0
Total ram usage:        0 bytes
 Hardware stack levels used:    1
 This function calls:
		Nothing
 This function is called by:
		_main
 This function uses a non-reentrant model


 *************** function _EEPROM_write_byte *****************
 Defined at:
		line 28 in file "EEPROM.h"
 Parameters:    Size  Location     Type
  address         2    0[COMRAM] int 
  value           1    2[COMRAM] unsigned char 
 Auto vars:     Size  Location     Type
		None
 Return value:  Size  Location     Type
                  1    wreg      void 
 Registers used:
		wreg, status,2
 Tracked objects:
		On entry : 
		On exit  : 
		Unchanged: 
 Data sizes:     COMRAM   BANK0   BANK1   BANK2   BANK3   BANK4   BANK5   BANK6   BANK7   BANK8   BANK9  BANK10  BANK11  BANK12  BANK13  BANK14
      Params:         3       0       0       0       0       0       0       0       0       0       0       0       0       0       0       0
      Locals:         0       0       0       0       0       0       0       0       0       0       0       0       0       0       0       0
      Temps:          0       0       0       0       0       0       0       0       0       0       0       0       0       0       0       0
      Totals:         3       0       0       0       0       0       0       0       0       0       0       0       0       0       0       0
Total ram usage:        3 bytes
 Hardware stack levels used:    1
 This function calls:
		Nothing
 This function is called by:
		_main
 This function uses a non-reentrant model


 *************** function _EEPROM_read_byte *****************
 Defined at:
		line 17 in file "EEPROM.h"
 Parameters:    Size  Location     Type
  address         2    0[COMRAM] int 
 Auto vars:     Size  Location     Type
		None
 Return value:  Size  Location     Type
                  1    wreg      unsigned char 
 Registers used:
		wreg, status,2
 Tracked objects:
		On entry : 
		On exit  : 
		Unchanged: 
 Data sizes:     COMRAM   BANK0   BANK1   BANK2   BANK3   BANK4   BANK5   BANK6   BANK7   BANK8   BANK9  BANK10  BANK11  BANK12  BANK13  BANK14
      Params:         2       0       0       0       0       0       0       0       0       0       0       0       0       0       0       0
      Locals:         0       0       0       0       0       0       0       0       0       0       0       0       0       0       0       0
      Temps:          0       0       0       0       0       0       0       0       0       0       0       0       0       0       0       0
      Totals:         2       0       0       0       0       0       0       0       0       0       0       0       0       0       0       0
Total ram usage:        2 bytes
 Hardware stack levels used:    1
 This function calls:
		Nothing
 This function is called by:
		_main
 This function uses a non-reentrant model


 *************** function _DHT11_get_data *****************
 Defined at:
		line 25 in file "DHT11.h"
 Parameters:    Size  Location     Type
		None
 Auto vars:     Size  Location     Type
  bit_index       1    4[COMRAM] char 
  byte_index      1    3[COMRAM] unsigned char 
  a               1    2[COMRAM] unsigned char 
 Return value:  Size  Location     Type
                  1    wreg      void 
 Registers used:
		wreg, fsr2l, fsr2h, status,2, status,0, prodl, prodh
 Tracked objects:
		On entry : 
		On exit  : 
		Unchanged: 
 Data sizes:     COMRAM   BANK0   BANK1   BANK2   BANK3   BANK4   BANK5   BANK6   BANK7   BANK8   BANK9  BANK10  BANK11  BANK12  BANK13  BANK14
      Params:         0       0       0       0       0       0       0       0       0       0       0       0       0       0       0       0
      Locals:         3       0       0       0       0       0       0       0       0       0       0       0       0       0       0       0
      Temps:          2       0       0       0       0       0       0       0       0       0       0       0       0       0       0       0
      Totals:         5       0       0       0       0       0       0       0       0       0       0       0       0       0       0       0
Total ram usage:        5 bytes
 Hardware stack levels used:    1
 This function calls:
		Nothing
 This function is called by:
		_main
 This function uses a non-reentrant model


 *************** function _ADC_read *****************
 Defined at:
		line 88 in file "ADC.h"
 Parameters:    Size  Location     Type
  channel_numb    1    wreg     unsigned char 
 Auto vars:     Size  Location     Type
  channel_numb    1    6[COMRAM] unsigned char 
  val             2    4[COMRAM] int 
 Return value:  Size  Location     Type
                  2    0[COMRAM] int 
 Registers used:
		wreg, status,2, status,0
 Tracked objects:
		On entry : 
		On exit  : 
		Unchanged: 
 Data sizes:     COMRAM   BANK0   BANK1   BANK2   BANK3   BANK4   BANK5   BANK6   BANK7   BANK8   BANK9  BANK10  BANK11  BANK12  BANK13  BANK14
      Params:         2       0       0       0       0       0       0       0       0       0       0       0       0       0       0       0
      Locals:         3       0       0       0       0       0       0       0       0       0       0       0       0       0       0       0
      Temps:          2       0       0       0       0       0       0       0       0       0       0       0       0       0       0       0
      Totals:         7       0       0       0       0       0       0       0       0       0       0       0       0       0       0       0
Total ram usage:        7 bytes
 Hardware stack levels used:    1
 This function calls:
		Nothing
 This function is called by:
		_main
		_TempIndicator_read
 This function uses a non-reentrant model


 *************** function _ADC_init *****************
 Defined at:
		line 47 in file "ADC.h"
 Parameters:    Size  Location     Type
		None
 Auto vars:     Size  Location     Type
		None
 Return value:  Size  Location     Type
                  1    wreg      void 
 Registers used:
		wreg
 Tracked objects:
		On entry : 
		On exit  : 
		Unchanged: 
 Data sizes:     COMRAM   BANK0   BANK1   BANK2   BANK3   BANK4   BANK5   BANK6   BANK7   BANK8   BANK9  BANK10  BANK11  BANK12  BANK13  BANK14
      Params:         0       0       0       0       0       0       0       0       0       0       0       0       0       0       0       0
      Locals:         0       0       0       0       0       0       0       0       0       0       0       0       0       0       0       0
      Temps:          1       0       0       0       0       0       0       0       0       0       0       0       0       0       0       0
      Totals:         1       0       0       0       0       0       0       0       0       0       0       0       0       0       0       0
Total ram usage:        1 bytes
 Hardware stack levels used:    1
 This function calls:
		Nothing
 This function is called by:
		_main
 This function uses a non-reentrant model



MODULE INFORMATION

Module		Function		Class		Link	Load	Size
EUART.h
		_UART1_byte_send		CODE           	1D04	0000	13
		_UART1_init    		CODE           	1CD2	0000	27
		_UART2_init    		CODE           	1CB8	0000	27

EUART.h estimated size: 67

ShiftLCD.h
		_load_shift_data_lcd		CODE           	17F0	0000	85
		_lcd_clear     		CODE           	1B46	0000	47
		_lcd_goto      		CODE           	1AD2	0000	65
		_LCD_init      		CODE           	1568	0000	167
		_shift_reg_set_pin_lcd		CODE           	18E4	0000	75
		_lcd_write     		CODE           	16B2	0000	133
		_lcd_info      		CODE           	138C	0000	273
		_lcd_write_number		CODE           	1B74	0000	43
		_lcd_yaz       		CODE           	1B12	0000	53

ShiftLCD.h estimated size: 941

C:\Program Files (x86)\Microchip\xc8\v1.37\sources\common\lwdiv.c
		___lwdiv       		CODE           	1844	0000	83

C:\Program Files (x86)\Microchip\xc8\v1.37\sources\common\lwdiv.c estimated size: 83

I2C.h
		_I2C_initialize		CODE           	1B9E	0000	39
		_I2C_data_send 		CODE           	1BEA	0000	37
		_I2C_Stop      		CODE           	1D10	0000	11
		_I2C_Start     		CODE           	1D1A	0000	11

I2C.h estimated size: 98

DHT11.h
		_DHT11_get_data		CODE           	149C	0000	205

DHT11.h estimated size: 205

EEPROM.h
		_EEPROM_read_byte		CODE           	1CEC	0000	25
		_EEPROM_write_byte		CODE           	1BC4	0000	39

EEPROM.h estimated size: 64

PWM.h
		_PWM2_set_value		CODE           	1A06	0000	73
		_PWM2_initialize		CODE           	1C96	0000	35
		_PWM3_set_value		CODE           	19BE	0000	73
		_PWM3_initialize		CODE           	1C74	0000	35
		_PWM4_set_value		CODE           	1976	0000	73
		_PWM4_initialize		CODE           	1C52	0000	35
		_PWM5_set_value		CODE           	192E	0000	73
		_PWM5_initialize		CODE           	1C30	0000	35

PWM.h estimated size: 432

shared
		__initialization		CODE           	1736	0000	85

shared estimated size: 85

C:\Program Files (x86)\Microchip\xc8\v1.37\sources\common\itoa.c
		_itoa          		CODE           	1A4E	0000	67
		_utoa          		CODE           	160E	0000	165

C:\Program Files (x86)\Microchip\xc8\v1.37\sources\common\itoa.c estimated size: 232

F66K80.c
		_main          		CODE           	0F1A	0000	627
		_wait          		CODE           	1C0E	0000	35

F66K80.c estimated size: 662

ADC.h
		_ADC_read      		CODE           	1794	0000	93
		_ADC_init      		CODE           	1896	0000	79

ADC.h estimated size: 172

C:\Program Files (x86)\Microchip\xc8\v1.37\sources\common\lwmod.c
		___lwmod       		CODE           	1A90	0000	67

C:\Program Files (x86)\Microchip\xc8\v1.37\sources\common\lwmod.c estimated size: 67

