main.c:65:6:set_pwm	48	static
DS1307.h:12:6:DS1307_shared_get	32	static
DS1307.h:43:6:DS1307_time	8	static
DS1307.h:51:6:DS1307_date	8	static
DS1307.h:57:6:DS1307_set_shared	24	static
DS1307.h:95:6:DS1307_dakika_ayarla	32	static
DS1307.h:116:6:DS1307_saat_ayarla	32	static
DS1307.h:141:6:DS1307_saniye_ayarla	32	static
main.c:96:5:main	32	static
main.c:219:6:SystemClock_Config	88	static
main.c:264:13:MX_ADC1_Init	24	static
main.c:309:13:MX_I2C1_Init	8	static
main.c:343:13:MX_TIM1_Init	96	static
main.c:424:13:MX_USART1_UART_Init	8	static
main.c:457:13:MX_GPIO_Init	40	static
main.c:497:6:Error_Handler	4	static
