     1: 
     2: #include<htc.h>
     3: #define DelayMs __delay_ms
     4: #define DelayUs __delay_us
     5: unsigned int degerler[ 10 ];
     6: char index;
     7: volatile long int freq;
     8: unsigned char seri_porttan_veri_al()
     9: {
    10: while( !RCIF );
    11: return RCREG;
    12: }
    13: void seri_porta_veri_gonder(unsigned char jk)
    14:  { while( !TXIF );
    15:          TXREG=jk;
    16: 
    17:         
    18:          }
    19: void seri_portu_ayarla()
    20: {SPBRG=25; //DIVIDER;
    21:         BRGH=1;
    22:         
    23:         
    24:         SYNC=0;
    25:         
    26:         TX9=0;
    27:         
    28:         TXEN=1;
    29:         
    30:         RX9=0;
    31:         
    32:         CREN=1;
    33:         
    34:         
    35:         
    36:         SPEN=1;/*
    37:         RC6=1;
    38:         
    39:         RC7=1;
    40: */
    41:         }
    42: 
    43: char x ,b=0;
    44: void interrupt FNC ( )
    45: {
    46: 
    47:         degerler[ index++ ] = CCPR1;
    48:         CCP1IF=0;
    49:         if( index==10){index=0;
    50:                 
    51:                 
    52:                 CCP1IE = 0;
    53:         
    54:                 seri_porta_veri_gonder( degerler[ 5 ] - degerler [4]);
    55:                 
    56:                 DelayMs ( 500 );
    57:                 
    58:                 
    59:                                 CCP1IE = 1;
    60:                         
    61:                 
    62:                 
    63:                 }
    64:         }
    65: 
    66: void main()
    67: {
    68:         seri_portu_ayarla();
    69: TRISB = 0;
    70: PORTB = 0;
    71: CCP1M2 = 1;//capture mode on every rising edge...
    72: TMR1 = 0;
    73: TMR1CS = 0;//internal osc / 4
    74: GIE = 1;
    75: PEIE = 1;
    76: CCP1IE = 1;
    77: T1CKPS1 = 0; //Presc 1/4
    78: T1CKPS0 = 0;
    79: TMR1ON = 1;
    80:         
    81:         while( 1 );
    82:         
    83:         
    84:         
    85: }